<html>
<body>
<pre>
<h1>µVision Build Log</h1>
<h2>Tool Versions:</h2>
IDE-Version: µVision V5.32.0.0
Copyright (C) 2020 ARM Ltd and ARM Germany GmbH. All rights reserved.
License Information: Mohammad Lotfi, Mahsen, LIC=X1E4T-R6HWL-F17PT-RDXEN-Q66JU-HQQ4X
 
Tool Versions:
Toolchain:       MDK-ARM Professional  Version: 5.32.0.0
Toolchain Path:  C:\Keil_v5\ARM\ARMCC\Bin
C Compiler:      Armcc.exe V5.06 update 7 (build 960)
Assembler:       Armasm.exe V5.06 update 7 (build 960)
Linker/Locator:  ArmLink.exe V5.06 update 7 (build 960)
Library Manager: ArmAr.exe V5.06 update 7 (build 960)
Hex Converter:   FromElf.exe V5.06 update 7 (build 960)
CPU DLL:         SARMCM3.DLL V5.32.0.0
Dialog DLL:      DARMP1.DLL V1.27.0.0
Target DLL:      Segger\JL2CM3.dll V2.95.0.0
Dialog DLL:      TARMP1.DLL V1.26.0.0
 
<h2>Project:</h2>
D:\Project\NewStructure\AutoTest\main.uvprojx
Project File Date:  01/26/2024

<h2>Output:</h2>
*** Using Compiler 'V5.06 update 7 (build 960)', folder: 'C:\Keil_v5\ARM\ARMCC\Bin'
Rebuild target 'Main'
creating preprocessor file for PHY_DP83848C.c...
creating preprocessor file for RTX_Conf_CM.c...
compiling PHY_DP83848C.c...
creating preprocessor file for main.cpp...
creating preprocessor file for EMAC_LPC17xx.c...
creating preprocessor file for SSP_LPC17xx.c...
creating preprocessor file for retarget_io.c...
compiling RTX_Conf_CM.c...
compiling main.cpp...
compiling retarget_io.c...
creating preprocessor file for GPDMA_LPC17xx.c...
creating preprocessor file for PIN_LPC17xx.c...
creating preprocessor file for GPIO_LPC17xx.c...
compiling EMAC_LPC17xx.c...
assembling startup_LPC17xx.s...
compiling SSP_LPC17xx.c...
compiling GPIO_LPC17xx.c...
creating preprocessor file for system_LPC17xx.c...
compiling GPDMA_LPC17xx.c...
creating preprocessor file for FS_Config.c...
compiling PIN_LPC17xx.c...
creating preprocessor file for Net_Config.c...
compiling system_LPC17xx.c...
compiling Net_Config.c...
compiling FS_Config.c...
linking...
Program Size: Code=49240 RO-data=2760 RW-data=168 ZI-data=41656  
FromELF: creating hex file...
".\Objects\main.axf" - 0 Error(s), 0 Warning(s).

<h2>Software Packages used:</h2>

Package Vendor: ARM
                http://www.keil.com/pack/ARM.CMSIS.5.7.0.pack
                ARM.CMSIS.5.7.0
                CMSIS (Cortex Microcontroller Software Interface Standard)
   * Component: Ethernet MAC Version: 2.2.0
   * Component: Ethernet PHY Version: 2.2.0
   * Component: SPI Version: 2.3.0
   * Component: RTOS Version: 1.0.0
   * Component: CORE Version: 5.4.0
   * Component: Keil RTX Version: 4.82.0

Package Vendor: ARM
                http://www.keil.com/pack/ARM.CMSIS-Driver.2.6.1.pack
                ARM.CMSIS-Driver.2.6.1
                CMSIS Drivers for external devices
   * Component: DP83848C Version: 6.2.0

Package Vendor: Keil
                http://www.keil.com/pack/Keil.ARM_Compiler.1.6.3.pack
                Keil.ARM_Compiler.1.6.3
                Keil ARM Compiler extensions for ARM Compiler 5 and ARM Compiler 6
   * Component: File Variant: File System Version: 1.2.0

Package Vendor: Keil
                http://www.keil.com/pack/Keil.LPC1700_DFP.2.6.0.pack
                Keil.LPC1700_DFP.2.6.0
                NXP LPC1700 Series Device Support, Drivers and Examples for MCB1700 and LPC1788-32
   * Component: Ethernet MAC Version: 2.12.0
   * Component: SSP Version: 2.7.0
   * Component: GPDMA Version: 1.2.0
   * Component: GPIO Version: 1.1.0
   * Component: PIN Version: 1.0.0
   * Component: Startup Version: 1.0.0

Package Vendor: Keil
                http://www.keil.com/pack/Keil.MDK-Middleware.7.12.0.pack
                Keil.MDK-Middleware.7.12.0
                Middleware for Keil MDK-Professional and MDK-Plus
   * Component: CORE Variant: LFN Version: 6.13.8
   * Component: Memory Card Version: 6.13.8
   * Component: CORE Variant: IPv4 Release Version: 7.14.0
   * Component: ETH Version: 7.14.0
   * Component: TCP Version: 7.14.0

<h2>Collection of Component include folders:</h2>
  .\RTE\Device\LPC1768
  .\RTE\File_System
  .\RTE\Network
  .\RTE\_Main
  C:\Users\Mohammad\AppData\Local\Arm\Packs\ARM\CMSIS\5.7.0\CMSIS\Core\Include
  C:\Users\Mohammad\AppData\Local\Arm\Packs\ARM\CMSIS\5.7.0\CMSIS\Driver\Include
  C:\Users\Mohammad\AppData\Local\Arm\Packs\ARM\CMSIS\5.7.0\CMSIS\RTOS\RTX\INC
  C:\Users\Mohammad\AppData\Local\Arm\Packs\Keil\LPC1700_DFP\2.6.0\Device\Include
  C:\Users\Mohammad\AppData\Local\Arm\Packs\Keil\LPC1700_DFP\2.6.0\RTE_Driver
  C:\Users\Mohammad\AppData\Local\Arm\Packs\Keil\MDK-Middleware\7.12.0\FileSystem\Include
  C:\Users\Mohammad\AppData\Local\Arm\Packs\Keil\MDK-Middleware\7.12.0\Network\Include

<h2>Collection of Component Files used:</h2>

   * Component: ::CMSIS Driver:Ethernet MAC:2.2.0 (API)
      Include file:  CMSIS\Driver\Include\Driver_ETH_MAC.h

   * Component: ::CMSIS Driver:Ethernet PHY:2.2.0 (API)
      Include file:  CMSIS\Driver\Include\Driver_ETH_PHY.h

   * Component: ::CMSIS Driver:SPI:2.3.0 (API)
      Include file:  CMSIS\Driver\Include\Driver_SPI.h

   * Component: ::CMSIS:RTOS:1.0.0 (API)

   * Component: ARM::CMSIS:CORE:5.4.0

   * Component: ARM::CMSIS:RTOS:Keil RTX:4.82.0
      Source file:   CMSIS\RTOS\RTX\Templates\RTX_Conf_CM.c
      Library file:  CMSIS\RTOS\RTX\LIB\ARM\RTX_CM3.lib
      Include file:  CMSIS\RTOS\RTX\UserCodeTemplates\osObjects.h
      Source file:   CMSIS\RTOS\RTX\UserCodeTemplates\MemPool.c
      Include file:  CMSIS\RTOS\RTX\INC\cmsis_os.h
      Source file:   CMSIS\RTOS\RTX\UserCodeTemplates\Mutex.c
      Source file:   CMSIS\RTOS\RTX\UserCodeTemplates\Semaphore.c
      Source file:   CMSIS\RTOS\RTX\UserCodeTemplates\MailQueue.c
      Source file:   CMSIS\RTOS\RTX\UserCodeTemplates\Timer.c
      Source file:   CMSIS\RTOS\RTX\SRC\ARM\SVC_Table.s
      Source file:   CMSIS\RTOS\RTX\UserCodeTemplates\MsgQueue.c
      Source file:   CMSIS\RTOS\RTX\UserCodeTemplates\main.c
      Source file:   CMSIS\RTOS\RTX\UserCodeTemplates\Thread.c

   * Component: Keil.ARM Compiler::Compiler:I/O:File:File System:1.2.0
      Source file:   Source\retarget_io.c

   * Component: Keil.MDK-Plus::File System:CORE:LFN:6.13.8
      Source file:   FileSystem\Config\FS_Config.c
      Library file:  FileSystem\Lib\ARM\FS_LFN_CM3_L.lib
      Include file:  FileSystem\Include\rl_fs.h

   * Component: Keil.MDK-Plus::File System:Drive:Memory Card:6.13.8
      Include file:  FileSystem\Config\FS_Config_MC.h

   * Component: Keil.MDK-Plus::Network:CORE:IPv4 Release:7.14.0
      Include file:  Network\Include\rl_net.h
      Source file:   Network\Config\Net_Config.c
      Library file:  Network\Lib\ARM\Net4_CM3_L.lib

   * Component: Keil.MDK-Plus::Network:Interface:ETH:7.14.0
      Include file:  Network\Config\Net_Config_ETH.h

   * Component: Keil.MDK-Plus::Network:Socket:TCP:7.14.0
      Source file:   Network\Template\TCP_Socket_Server.c
      Source file:   Network\Template\TCP_Socket_Client.c
      Include file:  Network\Config\Net_Config_TCP.h

   * Component: Keil::CMSIS Driver:Ethernet MAC:2.12.0
      Source file:   RTE_Driver\EMAC_LPC17xx.c

   * Component: Keil::CMSIS Driver:Ethernet PHY:DP83848C:6.2.0
      Source file:   ETH\PHY_DP83848C.c

   * Component: Keil::CMSIS Driver:SPI:SSP:2.7.0
      Source file:   RTE_Driver\SSP_LPC17xx.c

   * Component: Keil::Device:GPDMA:1.2.0
      Source file:   RTE_Driver\GPDMA_LPC17xx.c
      Include file:  RTE_Driver\GPDMA_LPC17xx.h

   * Component: Keil::Device:GPIO:1.1.0
      Source file:   RTE_Driver\GPIO_LPC17xx.c
      Include file:  RTE_Driver\GPIO_LPC17xx.h

   * Component: Keil::Device:PIN:1.0.0
      Include file:  RTE_Driver\PIN_LPC17xx.h
      Source file:   RTE_Driver\PIN_LPC17xx.c

   * Component: Keil::Device:Startup:1.0.0
      Source file:   Device\Source\ARM\startup_LPC17xx.s
      Source file:   Device\Source\system_LPC17xx.c
      Include file:  RTE_Driver\Config\RTE_Device.h
      Include file:  Device\Include\LPC17xx.h
Build Time Elapsed:  00:00:01
</pre>
</body>
</html>
