<!doctype html public "-//w3c//dtd html 4.0 transitional//en">
<html><head>
<title>Static Call Graph - [.\Objects\main.axf]</title></head>
<body><HR>
<H1>Static Call Graph for image .\Objects\main.axf</H1><HR>
<BR><P>#&#060CALLGRAPH&#062# ARM Linker, 5060960: Last Updated: Fri Jan 26 21:56:55 2024
<BR><P>
<H3>Maximum Stack Usage =        608 bytes + Unknown(Functions without stacksize, Cycles, Untraceable Function Pointers)</H3><H3>
Call chain for Maximum Stack Depth:</H3>
main &rArr; fopen &rArr; _freopen_locked &rArr; _sys_open &rArr; __sys_open &rArr; fat_open &rArr; path_create &rArr; frec_find &rArr; entry_pos_inc &rArr; alloc_table_read &rArr; cache_fat &rArr; fsj_write &rArr; SetBuf
<P>
<H3>
Functions with no stack information
</H3><UL>
 <LI><a href="#[fe]">__user_initial_stackheap</a>
</UL>
</UL>
<P>
<H3>
Mutually Recursive functions
</H3> <LI><a href="#[36]">rt_alloc_box</a>&nbsp;&nbsp;&nbsp;&rArr;&nbsp;&nbsp;&nbsp;<a href="#[36]">rt_alloc_box</a><BR>
 <LI><a href="#[a]">NMI_Handler</a>&nbsp;&nbsp;&nbsp;&rArr;&nbsp;&nbsp;&nbsp;<a href="#[a]">NMI_Handler</a><BR>
 <LI><a href="#[b]">HardFault_Handler</a>&nbsp;&nbsp;&nbsp;&rArr;&nbsp;&nbsp;&nbsp;<a href="#[b]">HardFault_Handler</a><BR>
 <LI><a href="#[c]">MemManage_Handler</a>&nbsp;&nbsp;&nbsp;&rArr;&nbsp;&nbsp;&nbsp;<a href="#[c]">MemManage_Handler</a><BR>
 <LI><a href="#[d]">BusFault_Handler</a>&nbsp;&nbsp;&nbsp;&rArr;&nbsp;&nbsp;&nbsp;<a href="#[d]">BusFault_Handler</a><BR>
 <LI><a href="#[e]">UsageFault_Handler</a>&nbsp;&nbsp;&nbsp;&rArr;&nbsp;&nbsp;&nbsp;<a href="#[e]">UsageFault_Handler</a><BR>
 <LI><a href="#[10]">DebugMon_Handler</a>&nbsp;&nbsp;&nbsp;&rArr;&nbsp;&nbsp;&nbsp;<a href="#[10]">DebugMon_Handler</a><BR>
 <LI><a href="#[29]">ADC_IRQHandler</a>&nbsp;&nbsp;&nbsp;&rArr;&nbsp;&nbsp;&nbsp;<a href="#[29]">ADC_IRQHandler</a><BR>
 <LI><a href="#[16d]">net_sys_error</a>&nbsp;&nbsp;&nbsp;&rArr;&nbsp;&nbsp;&nbsp;<a href="#[16d]">net_sys_error</a><BR>
</UL>
<P>
<H3>
Function Pointers
</H3><UL>
 <LI><a href="#[29]">ADC_IRQHandler</a> from startup_lpc17xx.o(.text) referenced from startup_lpc17xx.o(RESET)
 <LI><a href="#[2a]">BOD_IRQHandler</a> from startup_lpc17xx.o(.text) referenced from startup_lpc17xx.o(RESET)
 <LI><a href="#[d]">BusFault_Handler</a> from startup_lpc17xx.o(.text) referenced from startup_lpc17xx.o(RESET)
 <LI><a href="#[35]">CANActivity_IRQHandler</a> from startup_lpc17xx.o(.text) referenced from startup_lpc17xx.o(RESET)
 <LI><a href="#[2c]">CAN_IRQHandler</a> from startup_lpc17xx.o(.text) referenced from startup_lpc17xx.o(RESET)
 <LI><a href="#[74]">Control</a> from emac_lpc17xx.o(i.Control) referenced from emac_lpc17xx.o(.constdata)
 <LI><a href="#[73]">ControlTimer</a> from emac_lpc17xx.o(i.ControlTimer) referenced from emac_lpc17xx.o(.constdata)
 <LI><a href="#[2d]">DMA_IRQHandler</a> from gpdma_lpc17xx.o(i.DMA_IRQHandler) referenced from startup_lpc17xx.o(RESET)
 <LI><a href="#[10]">DebugMon_Handler</a> from startup_lpc17xx.o(.text) referenced from startup_lpc17xx.o(RESET)
 <LI><a href="#[25]">EINT0_IRQHandler</a> from startup_lpc17xx.o(.text) referenced from startup_lpc17xx.o(RESET)
 <LI><a href="#[26]">EINT1_IRQHandler</a> from startup_lpc17xx.o(.text) referenced from startup_lpc17xx.o(RESET)
 <LI><a href="#[27]">EINT2_IRQHandler</a> from startup_lpc17xx.o(.text) referenced from startup_lpc17xx.o(RESET)
 <LI><a href="#[28]">EINT3_IRQHandler</a> from startup_lpc17xx.o(.text) referenced from startup_lpc17xx.o(RESET)
 <LI><a href="#[2f]">ENET_IRQHandler</a> from emac_lpc17xx.o(i.ENET_IRQHandler) referenced from startup_lpc17xx.o(RESET)
 <LI><a href="#[67]">GetCapabilities</a> from emac_lpc17xx.o(i.GetCapabilities) referenced from emac_lpc17xx.o(.constdata)
 <LI><a href="#[65]">GetLinkInfo</a> from phy_dp83848c.o(i.GetLinkInfo) referenced from phy_dp83848c.o(.constdata)
 <LI><a href="#[64]">GetLinkState</a> from phy_dp83848c.o(i.GetLinkState) referenced from phy_dp83848c.o(.constdata)
 <LI><a href="#[6b]">GetMacAddress</a> from emac_lpc17xx.o(i.GetMacAddress) referenced from emac_lpc17xx.o(.constdata)
 <LI><a href="#[70]">GetRxFrameSize</a> from emac_lpc17xx.o(i.GetRxFrameSize) referenced from emac_lpc17xx.o(.constdata)
 <LI><a href="#[71]">GetRxFrameTime</a> from emac_lpc17xx.o(i.GetRxFrameTime) referenced from emac_lpc17xx.o(.constdata)
 <LI><a href="#[72]">GetTxFrameTime</a> from emac_lpc17xx.o(i.GetTxFrameTime) referenced from emac_lpc17xx.o(.constdata)
 <LI><a href="#[5e]">GetVersion</a> from phy_dp83848c.o(i.GetVersion) referenced 2 times from phy_dp83848c.o(.constdata)
 <LI><a href="#[b]">HardFault_Handler</a> from startup_lpc17xx.o(.text) referenced from startup_lpc17xx.o(RESET)
 <LI><a href="#[1d]">I2C0_IRQHandler</a> from startup_lpc17xx.o(.text) referenced from startup_lpc17xx.o(RESET)
 <LI><a href="#[1e]">I2C1_IRQHandler</a> from startup_lpc17xx.o(.text) referenced from startup_lpc17xx.o(RESET)
 <LI><a href="#[1f]">I2C2_IRQHandler</a> from startup_lpc17xx.o(.text) referenced from startup_lpc17xx.o(RESET)
 <LI><a href="#[2e]">I2S_IRQHandler</a> from startup_lpc17xx.o(.text) referenced from startup_lpc17xx.o(RESET)
 <LI><a href="#[5f]">Initialize</a> from phy_dp83848c.o(i.Initialize) referenced 2 times from phy_dp83848c.o(.constdata)
 <LI><a href="#[43]">MC0_SPI_SignalEvent</a> from fs_config.o(i.MC0_SPI_SignalEvent) referenced from fs_config.o(i.fs_config_mc)
 <LI><a href="#[31]">MCPWM_IRQHandler</a> from startup_lpc17xx.o(.text) referenced from startup_lpc17xx.o(RESET)
 <LI><a href="#[c]">MemManage_Handler</a> from startup_lpc17xx.o(.text) referenced from startup_lpc17xx.o(RESET)
 <LI><a href="#[a]">NMI_Handler</a> from startup_lpc17xx.o(.text) referenced from startup_lpc17xx.o(RESET)
 <LI><a href="#[75]">PHY_Read</a> from emac_lpc17xx.o(i.PHY_Read) referenced from emac_lpc17xx.o(.constdata)
 <LI><a href="#[76]">PHY_Write</a> from emac_lpc17xx.o(i.PHY_Write) referenced from emac_lpc17xx.o(.constdata)
 <LI><a href="#[23]">PLL0_IRQHandler</a> from startup_lpc17xx.o(.text) referenced from startup_lpc17xx.o(RESET)
 <LI><a href="#[33]">PLL1_IRQHandler</a> from startup_lpc17xx.o(.text) referenced from startup_lpc17xx.o(RESET)
 <LI><a href="#[1c]">PWM1_IRQHandler</a> from startup_lpc17xx.o(.text) referenced from startup_lpc17xx.o(RESET)
 <LI><a href="#[11]">PendSV_Handler</a> from hal_cm3.o(.emb_text) referenced from startup_lpc17xx.o(RESET)
 <LI><a href="#[61]">PowerControl</a> from phy_dp83848c.o(i.PowerControl) referenced 2 times from phy_dp83848c.o(.constdata)
 <LI><a href="#[32]">QEI_IRQHandler</a> from startup_lpc17xx.o(.text) referenced from startup_lpc17xx.o(RESET)
 <LI><a href="#[30]">RIT_IRQHandler</a> from startup_lpc17xx.o(.text) referenced from startup_lpc17xx.o(RESET)
 <LI><a href="#[24]">RTC_IRQHandler</a> from startup_lpc17xx.o(.text) referenced from startup_lpc17xx.o(RESET)
 <LI><a href="#[6f]">ReadFrame</a> from emac_lpc17xx.o(i.ReadFrame) referenced from emac_lpc17xx.o(.constdata)
 <LI><a href="#[9]">Reset_Handler</a> from startup_lpc17xx.o(.text) referenced from startup_lpc17xx.o(RESET)
 <LI><a href="#[20]">SPI_IRQHandler</a> from startup_lpc17xx.o(.text) referenced from startup_lpc17xx.o(RESET)
 <LI><a href="#[82]">SSP0_Control</a> from ssp_lpc17xx.o(i.SSP0_Control) referenced from ssp_lpc17xx.o(.constdata)
 <LI><a href="#[78]">SSP0_GPDMA_Rx_SignalEvent</a> from ssp_lpc17xx.o(i.SSP0_GPDMA_Rx_SignalEvent) referenced from ssp_lpc17xx.o(.constdata)
 <LI><a href="#[77]">SSP0_GPDMA_Tx_SignalEvent</a> from ssp_lpc17xx.o(i.SSP0_GPDMA_Tx_SignalEvent) referenced from ssp_lpc17xx.o(.constdata)
 <LI><a href="#[81]">SSP0_GetDataCount</a> from ssp_lpc17xx.o(i.SSP0_GetDataCount) referenced from ssp_lpc17xx.o(.constdata)
 <LI><a href="#[83]">SSP0_GetStatus</a> from ssp_lpc17xx.o(i.SSP0_GetStatus) referenced from ssp_lpc17xx.o(.constdata)
 <LI><a href="#[21]">SSP0_IRQHandler</a> from ssp_lpc17xx.o(i.SSP0_IRQHandler) referenced from startup_lpc17xx.o(RESET)
 <LI><a href="#[7b]">SSP0_Initialize</a> from ssp_lpc17xx.o(i.SSP0_Initialize) referenced from ssp_lpc17xx.o(.constdata)
 <LI><a href="#[7d]">SSP0_PowerControl</a> from ssp_lpc17xx.o(i.SSP0_PowerControl) referenced from ssp_lpc17xx.o(.constdata)
 <LI><a href="#[7f]">SSP0_Receive</a> from ssp_lpc17xx.o(i.SSP0_Receive) referenced from ssp_lpc17xx.o(.constdata)
 <LI><a href="#[7e]">SSP0_Send</a> from ssp_lpc17xx.o(i.SSP0_Send) referenced from ssp_lpc17xx.o(.constdata)
 <LI><a href="#[80]">SSP0_Transfer</a> from ssp_lpc17xx.o(i.SSP0_Transfer) referenced from ssp_lpc17xx.o(.constdata)
 <LI><a href="#[7c]">SSP0_Uninitialize</a> from ssp_lpc17xx.o(i.SSP0_Uninitialize) referenced from ssp_lpc17xx.o(.constdata)
 <LI><a href="#[22]">SSP1_IRQHandler</a> from startup_lpc17xx.o(.text) referenced from startup_lpc17xx.o(RESET)
 <LI><a href="#[7a]">SSP_GetCapabilities</a> from ssp_lpc17xx.o(i.SSP_GetCapabilities) referenced from ssp_lpc17xx.o(.constdata)
 <LI><a href="#[79]">SSP_GetVersion</a> from ssp_lpc17xx.o(i.SSP_GetVersion) referenced from ssp_lpc17xx.o(.constdata)
 <LI><a href="#[f]">SVC_Handler</a> from hal_cm3.o(.emb_text) referenced from startup_lpc17xx.o(RESET)
 <LI><a href="#[6e]">SendFrame</a> from emac_lpc17xx.o(i.SendFrame) referenced from emac_lpc17xx.o(.constdata)
 <LI><a href="#[6d]">SetAddressFilter</a> from emac_lpc17xx.o(i.SetAddressFilter) referenced from emac_lpc17xx.o(.constdata)
 <LI><a href="#[62]">SetInterface</a> from phy_dp83848c.o(i.SetInterface) referenced from phy_dp83848c.o(.constdata)
 <LI><a href="#[6c]">SetMacAddress</a> from emac_lpc17xx.o(i.SetMacAddress) referenced from emac_lpc17xx.o(.constdata)
 <LI><a href="#[63]">SetMode</a> from phy_dp83848c.o(i.SetMode) referenced from phy_dp83848c.o(.constdata)
 <LI><a href="#[12]">SysTick_Handler</a> from hal_cm3.o(.emb_text) referenced from startup_lpc17xx.o(RESET)
 <LI><a href="#[38]">SystemInit</a> from system_lpc17xx.o(i.SystemInit) referenced from startup_lpc17xx.o(.text)
 <LI><a href="#[14]">TIMER0_IRQHandler</a> from startup_lpc17xx.o(.text) referenced from startup_lpc17xx.o(RESET)
 <LI><a href="#[15]">TIMER1_IRQHandler</a> from startup_lpc17xx.o(.text) referenced from startup_lpc17xx.o(RESET)
 <LI><a href="#[16]">TIMER2_IRQHandler</a> from startup_lpc17xx.o(.text) referenced from startup_lpc17xx.o(RESET)
 <LI><a href="#[17]">TIMER3_IRQHandler</a> from startup_lpc17xx.o(.text) referenced from startup_lpc17xx.o(RESET)
 <LI><a href="#[18]">UART0_IRQHandler</a> from startup_lpc17xx.o(.text) referenced from startup_lpc17xx.o(RESET)
 <LI><a href="#[19]">UART1_IRQHandler</a> from startup_lpc17xx.o(.text) referenced from startup_lpc17xx.o(RESET)
 <LI><a href="#[1a]">UART2_IRQHandler</a> from startup_lpc17xx.o(.text) referenced from startup_lpc17xx.o(RESET)
 <LI><a href="#[1b]">UART3_IRQHandler</a> from startup_lpc17xx.o(.text) referenced from startup_lpc17xx.o(RESET)
 <LI><a href="#[34]">USBActivity_IRQHandler</a> from startup_lpc17xx.o(.text) referenced from startup_lpc17xx.o(RESET)
 <LI><a href="#[2b]">USB_IRQHandler</a> from startup_lpc17xx.o(.text) referenced from startup_lpc17xx.o(RESET)
 <LI><a href="#[60]">Uninitialize</a> from phy_dp83848c.o(i.Uninitialize) referenced 2 times from phy_dp83848c.o(.constdata)
 <LI><a href="#[e]">UsageFault_Handler</a> from startup_lpc17xx.o(.text) referenced from startup_lpc17xx.o(RESET)
 <LI><a href="#[13]">WDT_IRQHandler</a> from startup_lpc17xx.o(.text) referenced from startup_lpc17xx.o(RESET)
 <LI><a href="#[44]">MAIN_Task_Blink(const void*)</a> from main.o(i._Z15MAIN_Task_BlinkPKv) referenced from main.o(i.main)
 <LI><a href="#[a6]">__main</a> from __main.o(!!!main) referenced from startup_lpc17xx.o(.text)
 <LI><a href="#[40]">_get_lc_ctype</a> from lc_ctype_c.o(locale$$code) referenced from rt_ctype_table.o(.text)
 <LI><a href="#[3d]">_printf_input_char</a> from _printf_char_common.o(.text) referenced from _printf_char_common.o(.text)
 <LI><a href="#[3c]">_sbackspace</a> from _sgetc.o(.text) referenced from __0sscanf.o(.text)
 <LI><a href="#[3e]">_scanf_char_input</a> from scanf_char.o(.text) referenced from scanf_char.o(.text)
 <LI><a href="#[3b]">_sgetc</a> from _sgetc.o(.text) referenced from __0sscanf.o(.text)
 <LI><a href="#[3a]">_sputc</a> from _sputc.o(.text) referenced from __2sprintf.o(.text)
 <LI><a href="#[90]">eth0_callback</a> from net_config.o(i.eth0_callback) referenced from net_config.o(.constdata)
 <LI><a href="#[8c]">eth_thread</a> from net_config.o(i.eth_thread) referenced from net_config.o(.constdata)
 <LI><a href="#[3f]">isspace</a> from isspace.o(.text) referenced from scanf_char.o(.text)
 <LI><a href="#[5d]">main</a> from main.o(i.main) referenced from rtx_conf_cm.o(.constdata)
 <LI><a href="#[89]">mc0_DevCtrl</a> from fs_config.o(i.mc0_DevCtrl) referenced from fs_config.o(.constdata)
 <LI><a href="#[84]">mc0_Init</a> from fs_config.o(i.mc0_Init) referenced from fs_config.o(.constdata)
 <LI><a href="#[88]">mc0_RdInfo</a> from fs_config.o(i.mc0_RdInfo) referenced from fs_config.o(.constdata)
 <LI><a href="#[86]">mc0_RdSect</a> from fs_config.o(i.mc0_RdSect) referenced from fs_config.o(.constdata)
 <LI><a href="#[85]">mc0_UnInit</a> from fs_config.o(i.mc0_UnInit) referenced from fs_config.o(.constdata)
 <LI><a href="#[87]">mc0_WrSect</a> from fs_config.o(i.mc0_WrSect) referenced from fs_config.o(.constdata)
 <LI><a href="#[8b]">netCore_Thread</a> from net_sys.o(i.netCore_Thread) referenced from net_config.o(.constdata)
 <LI><a href="#[93]">net_arp_cache_init</a> from net_arp.o(i.net_arp_cache_init) referenced from net_config.o(.constdata)
 <LI><a href="#[99]">net_arp_cache_run</a> from net_arp.o(i.net_arp_cache_run) referenced from net_config.o(.constdata)
 <LI><a href="#[9f]">net_arp_cache_uninit</a> from net_arp.o(i.net_arp_cache_uninit) referenced from net_config.o(.constdata)
 <LI><a href="#[8e]">net_eth_config_mcast</a> from net_eth.o(i.net_eth_config_mcast) referenced from net_config.o(.constdata)
 <LI><a href="#[a3]">net_eth_get_option</a> from net_eth.o(i.net_eth_get_option) referenced from net_config.o(.constdata)
 <LI><a href="#[91]">net_eth_iface_init</a> from net_eth.o(i.net_eth_iface_init) referenced from net_config.o(.constdata)
 <LI><a href="#[97]">net_eth_iface_run</a> from net_eth.o(i.net_eth_iface_run) referenced from net_config.o(.constdata)
 <LI><a href="#[9d]">net_eth_iface_uninit</a> from net_eth.o(i.net_eth_iface_uninit) referenced from net_config.o(.constdata)
 <LI><a href="#[8f]">net_eth_output</a> from net_eth.o(i.net_eth_output) referenced from net_config.o(.constdata)
 <LI><a href="#[8d]">net_eth_send_frame</a> from net_eth.o(i.net_eth_send_frame) referenced from net_config.o(.constdata)
 <LI><a href="#[a4]">net_eth_set_option</a> from net_eth.o(i.net_eth_set_option) referenced from net_config.o(.constdata)
 <LI><a href="#[94]">net_ip4_frag_init</a> from net_ip4_frag.o(i.net_ip4_frag_init) referenced from net_config.o(.constdata)
 <LI><a href="#[9a]">net_ip4_frag_run</a> from net_ip4_frag.o(i.net_ip4_frag_run) referenced from net_config.o(.constdata)
 <LI><a href="#[a0]">net_ip4_frag_uninit</a> from net_ip4_frag.o(i.net_ip4_frag_uninit) referenced from net_config.o(.constdata)
 <LI><a href="#[92]">net_loop_iface_init</a> from net_loopback.o(i.net_loop_iface_init) referenced from net_config.o(.constdata)
 <LI><a href="#[98]">net_loop_iface_run</a> from net_loopback.o(i.net_loop_iface_run) referenced from net_config.o(.constdata)
 <LI><a href="#[9e]">net_loop_iface_uninit</a> from net_loopback.o(i.net_loop_iface_uninit) referenced from net_config.o(.constdata)
 <LI><a href="#[a5]">net_loop_send_frame</a> from net_loopback.o(i.net_loop_send_frame) referenced from net_loopback.o(.constdata)
 <LI><a href="#[95]">net_ping_client_init</a> from net_ping_core.o(i.net_ping_client_init) referenced from net_config.o(.constdata)
 <LI><a href="#[9b]">net_ping_client_run</a> from net_ping_core.o(i.net_ping_client_run) referenced from net_config.o(.constdata)
 <LI><a href="#[a1]">net_ping_client_uninit</a> from net_ping_core.o(i.net_ping_client_uninit) referenced from net_config.o(.constdata)
 <LI><a href="#[8a]">net_sys_tick</a> from net_sys.o(i.net_sys_tick) referenced from net_config.o(.constdata)
 <LI><a href="#[96]">net_tcp_socket_init</a> from net_tcp.o(i.net_tcp_socket_init) referenced from net_config.o(.constdata)
 <LI><a href="#[9c]">net_tcp_socket_run</a> from net_tcp.o(i.net_tcp_socket_run) referenced from net_config.o(.constdata)
 <LI><a href="#[a2]">net_tcp_socket_uninit</a> from net_tcp.o(i.net_tcp_socket_uninit) referenced from net_config.o(.constdata)
 <LI><a href="#[5b]">osThreadExit</a> from rt_cmsis.o(i.osThreadExit) referenced from rt_cmsis.o(i.svcThreadCreate)
 <LI><a href="#[5c]">osTimerThread</a> from rt_cmsis.o(i.osTimerThread) referenced from rtx_conf_cm.o(.constdata)
 <LI><a href="#[5a]">os_idle_demon</a> from rtx_conf_cm.o(i.os_idle_demon) referenced from rt_task.o(i.rt_sys_init)
 <LI><a href="#[36]">rt_alloc_box</a> from rt_membox.o(i.rt_alloc_box) referenced from hal_cm3.o(.emb_text)
 <LI><a href="#[37]">rt_free_box</a> from rt_membox.o(i.rt_free_box) referenced from hal_cm3.o(.emb_text)
 <LI><a href="#[42]">rt_mut_release</a> from rt_mutex.o(i.rt_mut_release) referenced from rtx_conf_cm.o(i._mutex_release)
 <LI><a href="#[41]">rt_mut_wait</a> from rt_mutex.o(i.rt_mut_wait) referenced from rtx_conf_cm.o(i._mutex_acquire)
 <LI><a href="#[45]">svcDelay</a> from rt_cmsis.o(i.svcDelay) referenced from rt_cmsis.o(i.osDelay)
 <LI><a href="#[46]">svcKernelInitialize</a> from rt_cmsis.o(i.svcKernelInitialize) referenced from rt_cmsis.o(i.osKernelInitialize)
 <LI><a href="#[47]">svcKernelStart</a> from rt_cmsis.o(i.svcKernelStart) referenced from rt_cmsis.o(i.osKernelStart)
 <LI><a href="#[48]">svcKernelSysTick</a> from rt_cmsis.o(i.svcKernelSysTick) referenced from rt_cmsis.o(i.osKernelSysTick)
 <LI><a href="#[49]">svcMessageGet</a> from rt_cmsis.o(i.svcMessageGet) referenced from rt_cmsis.o(i.osMessageGet)
 <LI><a href="#[4a]">svcMutexCreate</a> from rt_cmsis.o(i.svcMutexCreate) referenced from rt_cmsis.o(i.osMutexCreate)
 <LI><a href="#[4b]">svcMutexRelease</a> from rt_cmsis.o(i.svcMutexRelease) referenced from rt_cmsis.o(i.osMutexRelease)
 <LI><a href="#[4c]">svcMutexWait</a> from rt_cmsis.o(i.svcMutexWait) referenced from rt_cmsis.o(i.osMutexWait)
 <LI><a href="#[4d]">svcSemaphoreCreate</a> from rt_cmsis.o(i.svcSemaphoreCreate) referenced from rt_cmsis.o(i.osSemaphoreCreate)
 <LI><a href="#[4e]">svcSemaphoreDelete</a> from rt_cmsis.o(i.svcSemaphoreDelete) referenced from rt_cmsis.o(i.osSemaphoreDelete)
 <LI><a href="#[4f]">svcSemaphoreRelease</a> from rt_cmsis.o(i.svcSemaphoreRelease) referenced from rt_cmsis.o(i.osSemaphoreRelease)
 <LI><a href="#[50]">svcSemaphoreWait</a> from rt_cmsis.o(i.svcSemaphoreWait) referenced from rt_cmsis.o(i.osSemaphoreWait)
 <LI><a href="#[51]">svcSignalClear</a> from rt_cmsis.o(i.svcSignalClear) referenced from rt_cmsis.o(i.osSignalClear)
 <LI><a href="#[52]">svcSignalSet</a> from rt_cmsis.o(i.svcSignalSet) referenced from rt_cmsis.o(i.osSignalSet)
 <LI><a href="#[53]">svcSignalWait</a> from rt_cmsis.o(i.svcSignalWait) referenced from rt_cmsis.o(i.osSignalWait)
 <LI><a href="#[54]">svcThreadCreate</a> from rt_cmsis.o(i.svcThreadCreate) referenced from rt_cmsis.o(i.osThreadCreate)
 <LI><a href="#[55]">svcThreadGetId</a> from rt_cmsis.o(i.svcThreadGetId) referenced from rt_cmsis.o(i.osThreadExit)
 <LI><a href="#[56]">svcThreadTerminate</a> from rt_cmsis.o(i.svcThreadTerminate) referenced from rt_cmsis.o(i.osThreadExit)
 <LI><a href="#[56]">svcThreadTerminate</a> from rt_cmsis.o(i.svcThreadTerminate) referenced from rt_cmsis.o(i.osThreadTerminate)
 <LI><a href="#[57]">svcThreadYield</a> from rt_cmsis.o(i.svcThreadYield) referenced from rt_cmsis.o(i.osThreadYield)
 <LI><a href="#[58]">svcTimerCall</a> from rt_cmsis.o(i.svcTimerCall) referenced from rt_cmsis.o(i.osTimerCall)
 <LI><a href="#[59]">svcTimerStart</a> from rt_cmsis.o(i.svcTimerStart) referenced from rt_cmsis.o(i.osTimerStart)
</UL>
<P>
<H3>
Global Symbols
</H3>
<P><STRONG><a name="[a6]"></a>__main</STRONG> (Thumb, 8 bytes, Stack size 0 bytes, __main.o(!!!main))
<BR><BR>[Calls]<UL><LI><a href="#[aa]">&gt;&gt;</a>&nbsp;&nbsp;&nbsp;__rt_entry
<LI><a href="#[a9]">&gt;&gt;</a>&nbsp;&nbsp;&nbsp;__scatterload
</UL>

<P><STRONG><a name="[a9]"></a>__scatterload</STRONG> (Thumb, 0 bytes, Stack size unknown bytes, __scatter.o(!!!scatter))
<BR><BR>[Called By]<UL><LI><a href="#[a6]">&gt;&gt;</a>&nbsp;&nbsp;&nbsp;__main
</UL>

<P><STRONG><a name="[ab]"></a>__scatterload_rt2</STRONG> (Thumb, 44 bytes, Stack size unknown bytes, __scatter.o(!!!scatter), UNUSED)
<BR><BR>[Calls]<UL><LI><a href="#[aa]">&gt;&gt;</a>&nbsp;&nbsp;&nbsp;__rt_entry
</UL>

<P><STRONG><a name="[27b]"></a>__scatterload_rt2_thumb_only</STRONG> (Thumb, 0 bytes, Stack size unknown bytes, __scatter.o(!!!scatter), UNUSED)

<P><STRONG><a name="[27c]"></a>__scatterload_null</STRONG> (Thumb, 0 bytes, Stack size unknown bytes, __scatter.o(!!!scatter), UNUSED)

<P><STRONG><a name="[ac]"></a>__scatterload_copy</STRONG> (Thumb, 26 bytes, Stack size unknown bytes, __scatter_copy.o(!!handler_copy), UNUSED)
<BR><BR>[Calls]<UL><LI><a href="#[ac]">&gt;&gt;</a>&nbsp;&nbsp;&nbsp;__scatterload_copy
</UL>
<BR>[Called By]<UL><LI><a href="#[ac]">&gt;&gt;</a>&nbsp;&nbsp;&nbsp;__scatterload_copy
</UL>

<P><STRONG><a name="[27d]"></a>__scatterload_zeroinit</STRONG> (Thumb, 28 bytes, Stack size unknown bytes, __scatter_zi.o(!!handler_zi), UNUSED)

<P><STRONG><a name="[d0]"></a>_printf_percent</STRONG> (Thumb, 0 bytes, Stack size unknown bytes, _printf_percent.o(.ARM.Collect$$_printf_percent$$00000000))
<BR><BR>[Called By]<UL><LI><a href="#[ce]">&gt;&gt;</a>&nbsp;&nbsp;&nbsp;__printf
</UL>

<P><STRONG><a name="[27e]"></a>_printf_percent_end</STRONG> (Thumb, 0 bytes, Stack size unknown bytes, _printf_percent_end.o(.ARM.Collect$$_printf_percent$$00000017))

<P><STRONG><a name="[b9]"></a>__rt_lib_init</STRONG> (Thumb, 0 bytes, Stack size unknown bytes, libinit.o(.ARM.Collect$$libinit$$00000000))
<BR><BR>[Called By]<UL><LI><a href="#[b8]">&gt;&gt;</a>&nbsp;&nbsp;&nbsp;__rt_entry_li
</UL>

<P><STRONG><a name="[27f]"></a>__rt_lib_init_fp_1</STRONG> (Thumb, 0 bytes, Stack size unknown bytes, libinit2.o(.ARM.Collect$$libinit$$00000002))

<P><STRONG><a name="[ad]"></a>__rt_lib_init_heap_2</STRONG> (Thumb, 0 bytes, Stack size unknown bytes, libinit2.o(.ARM.Collect$$libinit$$00000005))
<BR><BR>[Stack]<UL><LI>Max Depth = 64 + Unknown Stack Size
<LI>Call Chain = __rt_lib_init_heap_2 &rArr; _init_alloc &rArr; __rt_SIGRTMEM &rArr; __rt_SIGRTMEM_inner &rArr; __default_signal_display &rArr; _ttywrch
</UL>
<BR>[Calls]<UL><LI><a href="#[ae]">&gt;&gt;</a>&nbsp;&nbsp;&nbsp;_init_alloc
</UL>

<P><STRONG><a name="[280]"></a>__rt_lib_init_preinit_1</STRONG> (Thumb, 0 bytes, Stack size unknown bytes, libinit2.o(.ARM.Collect$$libinit$$00000004))

<P><STRONG><a name="[281]"></a>__rt_lib_init_heap_1</STRONG> (Thumb, 0 bytes, Stack size unknown bytes, libinit2.o(.ARM.Collect$$libinit$$0000000A))

<P><STRONG><a name="[af]"></a>__rt_lib_init_lc_common</STRONG> (Thumb, 0 bytes, Stack size unknown bytes, libinit2.o(.ARM.Collect$$libinit$$0000000F))
<BR><BR>[Stack]<UL><LI>Max Depth = 8 + Unknown Stack Size
<LI>Call Chain = __rt_lib_init_lc_common &rArr; __rt_locale
</UL>
<BR>[Calls]<UL><LI><a href="#[b0]">&gt;&gt;</a>&nbsp;&nbsp;&nbsp;__rt_locale
</UL>

<P><STRONG><a name="[282]"></a>__rt_lib_init_rand_1</STRONG> (Thumb, 0 bytes, Stack size unknown bytes, libinit2.o(.ARM.Collect$$libinit$$0000000E))

<P><STRONG><a name="[283]"></a>__rt_lib_init_user_alloc_1</STRONG> (Thumb, 0 bytes, Stack size unknown bytes, libinit2.o(.ARM.Collect$$libinit$$0000000C))

<P><STRONG><a name="[284]"></a>__rt_lib_init_lc_collate_1</STRONG> (Thumb, 0 bytes, Stack size unknown bytes, libinit2.o(.ARM.Collect$$libinit$$00000011))

<P><STRONG><a name="[b1]"></a>__rt_lib_init_lc_ctype_2</STRONG> (Thumb, 0 bytes, Stack size unknown bytes, libinit2.o(.ARM.Collect$$libinit$$00000012))
<BR><BR>[Stack]<UL><LI>Max Depth = 8 + Unknown Stack Size
<LI>Call Chain = __rt_lib_init_lc_ctype_2 &rArr; _get_lc_ctype
</UL>
<BR>[Calls]<UL><LI><a href="#[40]">&gt;&gt;</a>&nbsp;&nbsp;&nbsp;_get_lc_ctype
</UL>

<P><STRONG><a name="[285]"></a>__rt_lib_init_atexit_1</STRONG> (Thumb, 0 bytes, Stack size unknown bytes, libinit2.o(.ARM.Collect$$libinit$$0000001B))

<P><STRONG><a name="[286]"></a>__rt_lib_init_clock_1</STRONG> (Thumb, 0 bytes, Stack size unknown bytes, libinit2.o(.ARM.Collect$$libinit$$00000021))

<P><STRONG><a name="[287]"></a>__rt_lib_init_fp_trap_1</STRONG> (Thumb, 0 bytes, Stack size unknown bytes, libinit2.o(.ARM.Collect$$libinit$$0000001F))

<P><STRONG><a name="[288]"></a>__rt_lib_init_getenv_1</STRONG> (Thumb, 0 bytes, Stack size unknown bytes, libinit2.o(.ARM.Collect$$libinit$$00000023))

<P><STRONG><a name="[289]"></a>__rt_lib_init_lc_ctype_1</STRONG> (Thumb, 0 bytes, Stack size unknown bytes, libinit2.o(.ARM.Collect$$libinit$$00000013))

<P><STRONG><a name="[28a]"></a>__rt_lib_init_lc_monetary_1</STRONG> (Thumb, 0 bytes, Stack size unknown bytes, libinit2.o(.ARM.Collect$$libinit$$00000015))

<P><STRONG><a name="[28b]"></a>__rt_lib_init_lc_numeric_1</STRONG> (Thumb, 0 bytes, Stack size unknown bytes, libinit2.o(.ARM.Collect$$libinit$$00000017))

<P><STRONG><a name="[28c]"></a>__rt_lib_init_lc_time_1</STRONG> (Thumb, 0 bytes, Stack size unknown bytes, libinit2.o(.ARM.Collect$$libinit$$00000019))

<P><STRONG><a name="[28d]"></a>__rt_lib_init_signal_1</STRONG> (Thumb, 0 bytes, Stack size unknown bytes, libinit2.o(.ARM.Collect$$libinit$$0000001D))

<P><STRONG><a name="[b2]"></a>__rt_lib_init_stdio_2</STRONG> (Thumb, 0 bytes, Stack size unknown bytes, libinit2.o(.ARM.Collect$$libinit$$00000024))
<BR><BR>[Stack]<UL><LI>Max Depth = 576 + Unknown Stack Size
<LI>Call Chain = __rt_lib_init_stdio_2 &rArr; _initio &rArr; freopen &rArr; _freopen_locked &rArr; _sys_open &rArr; __sys_open &rArr; fat_open &rArr; path_create &rArr; frec_find &rArr; entry_pos_inc &rArr; alloc_table_read &rArr; cache_fat &rArr; fsj_write &rArr; SetBuf
</UL>
<BR>[Calls]<UL><LI><a href="#[b3]">&gt;&gt;</a>&nbsp;&nbsp;&nbsp;_initio
</UL>

<P><STRONG><a name="[28e]"></a>__rt_lib_init_alloca_1</STRONG> (Thumb, 0 bytes, Stack size unknown bytes, libinit2.o(.ARM.Collect$$libinit$$0000002E))

<P><STRONG><a name="[28f]"></a>__rt_lib_init_argv_1</STRONG> (Thumb, 0 bytes, Stack size unknown bytes, libinit2.o(.ARM.Collect$$libinit$$0000002C))

<P><STRONG><a name="[290]"></a>__rt_lib_init_cpp_1</STRONG> (Thumb, 0 bytes, Stack size unknown bytes, libinit2.o(.ARM.Collect$$libinit$$00000032))

<P><STRONG><a name="[291]"></a>__rt_lib_init_exceptions_1</STRONG> (Thumb, 0 bytes, Stack size unknown bytes, libinit2.o(.ARM.Collect$$libinit$$00000030))

<P><STRONG><a name="[292]"></a>__rt_lib_init_return</STRONG> (Thumb, 0 bytes, Stack size unknown bytes, libinit2.o(.ARM.Collect$$libinit$$00000033))

<P><STRONG><a name="[293]"></a>__rt_lib_init_stdio_1</STRONG> (Thumb, 0 bytes, Stack size unknown bytes, libinit2.o(.ARM.Collect$$libinit$$00000025))

<P><STRONG><a name="[bf]"></a>__rt_lib_shutdown</STRONG> (Thumb, 0 bytes, Stack size unknown bytes, libshutdown.o(.ARM.Collect$$libshutdown$$00000000))
<BR><BR>[Called By]<UL><LI><a href="#[be]">&gt;&gt;</a>&nbsp;&nbsp;&nbsp;__rt_exit_ls
</UL>

<P><STRONG><a name="[294]"></a>__rt_lib_shutdown_cpp_1</STRONG> (Thumb, 0 bytes, Stack size unknown bytes, libshutdown2.o(.ARM.Collect$$libshutdown$$00000004))

<P><STRONG><a name="[295]"></a>__rt_lib_shutdown_fini_1</STRONG> (Thumb, 0 bytes, Stack size unknown bytes, libshutdown2.o(.ARM.Collect$$libshutdown$$00000002))

<P><STRONG><a name="[b4]"></a>__rt_lib_shutdown_stdio_2</STRONG> (Thumb, 0 bytes, Stack size unknown bytes, libshutdown2.o(.ARM.Collect$$libshutdown$$00000005))
<BR><BR>[Stack]<UL><LI>Max Depth = 344 + Unknown Stack Size
<LI>Call Chain = __rt_lib_shutdown_stdio_2 &rArr; _terminateio &rArr; _fclose_internal &rArr; _fflush &rArr; _writebuf &rArr; _sys_write &rArr; __sys_write &rArr; fat_write &rArr; alloc_clus &rArr; alloc_table_write &rArr; cache_fat &rArr; fsj_write &rArr; SetBuf
</UL>
<BR>[Calls]<UL><LI><a href="#[b5]">&gt;&gt;</a>&nbsp;&nbsp;&nbsp;_terminateio
</UL>

<P><STRONG><a name="[296]"></a>__rt_lib_shutdown_fp_trap_1</STRONG> (Thumb, 0 bytes, Stack size unknown bytes, libshutdown2.o(.ARM.Collect$$libshutdown$$00000009))

<P><STRONG><a name="[297]"></a>__rt_lib_shutdown_heap_1</STRONG> (Thumb, 0 bytes, Stack size unknown bytes, libshutdown2.o(.ARM.Collect$$libshutdown$$00000011))

<P><STRONG><a name="[298]"></a>__rt_lib_shutdown_return</STRONG> (Thumb, 0 bytes, Stack size unknown bytes, libshutdown2.o(.ARM.Collect$$libshutdown$$00000012))

<P><STRONG><a name="[299]"></a>__rt_lib_shutdown_signal_1</STRONG> (Thumb, 0 bytes, Stack size unknown bytes, libshutdown2.o(.ARM.Collect$$libshutdown$$0000000C))

<P><STRONG><a name="[29a]"></a>__rt_lib_shutdown_stdio_1</STRONG> (Thumb, 0 bytes, Stack size unknown bytes, libshutdown2.o(.ARM.Collect$$libshutdown$$00000006))

<P><STRONG><a name="[29b]"></a>__rt_lib_shutdown_user_alloc_1</STRONG> (Thumb, 0 bytes, Stack size unknown bytes, libshutdown2.o(.ARM.Collect$$libshutdown$$0000000E))

<P><STRONG><a name="[aa]"></a>__rt_entry</STRONG> (Thumb, 0 bytes, Stack size unknown bytes, __rtentry.o(.ARM.Collect$$rtentry$$00000000))
<BR><BR>[Called By]<UL><LI><a href="#[a6]">&gt;&gt;</a>&nbsp;&nbsp;&nbsp;__main
<LI><a href="#[ab]">&gt;&gt;</a>&nbsp;&nbsp;&nbsp;__scatterload_rt2
</UL>

<P><STRONG><a name="[29c]"></a>__rt_entry_presh_1</STRONG> (Thumb, 0 bytes, Stack size unknown bytes, __rtentry2.o(.ARM.Collect$$rtentry$$00000002))

<P><STRONG><a name="[b6]"></a>__rt_entry_sh</STRONG> (Thumb, 0 bytes, Stack size unknown bytes, __rtentry4.o(.ARM.Collect$$rtentry$$00000004))
<BR><BR>[Stack]<UL><LI>Max Depth = 8 + Unknown Stack Size
<LI>Call Chain = __rt_entry_sh &rArr; __user_setup_stackheap
</UL>
<BR>[Calls]<UL><LI><a href="#[b7]">&gt;&gt;</a>&nbsp;&nbsp;&nbsp;__user_setup_stackheap
</UL>

<P><STRONG><a name="[b8]"></a>__rt_entry_li</STRONG> (Thumb, 0 bytes, Stack size unknown bytes, __rtentry2.o(.ARM.Collect$$rtentry$$0000000A))
<BR><BR>[Calls]<UL><LI><a href="#[b9]">&gt;&gt;</a>&nbsp;&nbsp;&nbsp;__rt_lib_init
</UL>

<P><STRONG><a name="[29d]"></a>__rt_entry_postsh_1</STRONG> (Thumb, 0 bytes, Stack size unknown bytes, __rtentry2.o(.ARM.Collect$$rtentry$$00000009))

<P><STRONG><a name="[ba]"></a>__rt_entry_postli_1</STRONG> (Thumb, 0 bytes, Stack size unknown bytes, __rtentry2.o(.ARM.Collect$$rtentry$$0000000B))
<BR><BR>[Stack]<UL><LI>Max Depth = 80 + Unknown Stack Size
<LI>Call Chain = __rt_entry_postli_1 &rArr; _platform_post_lib_init &rArr; osKernelInitialize &rArr; svcKernelInitialize &rArr; svcThreadCreate &rArr; rt_tsk_create &rArr; rt_init_context &rArr; rt_init_stack
</UL>
<BR>[Calls]<UL><LI><a href="#[bb]">&gt;&gt;</a>&nbsp;&nbsp;&nbsp;_platform_post_lib_init
</UL>

<P><STRONG><a name="[bc]"></a>__rt_entry_main</STRONG> (Thumb, 0 bytes, Stack size unknown bytes, __rtentry2.o(.ARM.Collect$$rtentry$$0000000D))
<BR><BR>[Stack]<UL><LI>Max Depth = 608 + Unknown Stack Size
<LI>Call Chain = __rt_entry_main &rArr; main &rArr; fopen &rArr; _freopen_locked &rArr; _sys_open &rArr; __sys_open &rArr; fat_open &rArr; path_create &rArr; frec_find &rArr; entry_pos_inc &rArr; alloc_table_read &rArr; cache_fat &rArr; fsj_write &rArr; SetBuf
</UL>
<BR>[Calls]<UL><LI><a href="#[5d]">&gt;&gt;</a>&nbsp;&nbsp;&nbsp;main
<LI><a href="#[bd]">&gt;&gt;</a>&nbsp;&nbsp;&nbsp;exit
</UL>

<P><STRONG><a name="[de]"></a>__rt_exit</STRONG> (Thumb, 0 bytes, Stack size unknown bytes, rtexit.o(.ARM.Collect$$rtexit$$00000000))
<BR><BR>[Called By]<UL><LI><a href="#[bd]">&gt;&gt;</a>&nbsp;&nbsp;&nbsp;exit
</UL>

<P><STRONG><a name="[be]"></a>__rt_exit_ls</STRONG> (Thumb, 0 bytes, Stack size unknown bytes, rtexit2.o(.ARM.Collect$$rtexit$$00000003))
<BR><BR>[Calls]<UL><LI><a href="#[bf]">&gt;&gt;</a>&nbsp;&nbsp;&nbsp;__rt_lib_shutdown
</UL>

<P><STRONG><a name="[29e]"></a>__rt_exit_prels_1</STRONG> (Thumb, 0 bytes, Stack size unknown bytes, rtexit2.o(.ARM.Collect$$rtexit$$00000002))

<P><STRONG><a name="[c0]"></a>__rt_exit_exit</STRONG> (Thumb, 0 bytes, Stack size unknown bytes, rtexit2.o(.ARM.Collect$$rtexit$$00000004))
<BR><BR>[Calls]<UL><LI><a href="#[c1]">&gt;&gt;</a>&nbsp;&nbsp;&nbsp;_sys_exit
</UL>

<P><STRONG><a name="[bb]"></a>_platform_post_lib_init</STRONG> (Thumb, 24 bytes, Stack size 0 bytes, rtx_conf_cm.o(.emb_text))
<BR><BR>[Stack]<UL><LI>Max Depth = 80 + Unknown Stack Size
<LI>Call Chain = _platform_post_lib_init &rArr; osKernelInitialize &rArr; svcKernelInitialize &rArr; svcThreadCreate &rArr; rt_tsk_create &rArr; rt_init_context &rArr; rt_init_stack
</UL>
<BR>[Calls]<UL><LI><a href="#[c3]">&gt;&gt;</a>&nbsp;&nbsp;&nbsp;osThreadCreate
<LI><a href="#[c4]">&gt;&gt;</a>&nbsp;&nbsp;&nbsp;osKernelStart
<LI><a href="#[c2]">&gt;&gt;</a>&nbsp;&nbsp;&nbsp;osKernelInitialize
<LI><a href="#[bd]">&gt;&gt;</a>&nbsp;&nbsp;&nbsp;exit
</UL>
<BR>[Called By]<UL><LI><a href="#[ba]">&gt;&gt;</a>&nbsp;&nbsp;&nbsp;__rt_entry_postli_1
</UL>

<P><STRONG><a name="[29f]"></a>rt_set_PSP</STRONG> (Thumb, 6 bytes, Stack size 0 bytes, hal_cm3.o(.emb_text), UNUSED)

<P><STRONG><a name="[269]"></a>rt_get_PSP</STRONG> (Thumb, 6 bytes, Stack size 0 bytes, hal_cm3.o(.emb_text))
<BR><BR>[Called By]<UL><LI><a href="#[268]">&gt;&gt;</a>&nbsp;&nbsp;&nbsp;rt_tsk_delete
</UL>

<P><STRONG><a name="[2a0]"></a>os_set_env</STRONG> (Thumb, 24 bytes, Stack size 0 bytes, hal_cm3.o(.emb_text), UNUSED)

<P><STRONG><a name="[2a1]"></a>_alloc_box</STRONG> (Thumb, 28 bytes, Stack size 0 bytes, hal_cm3.o(.emb_text), UNUSED)

<P><STRONG><a name="[2a2]"></a>_free_box</STRONG> (Thumb, 28 bytes, Stack size 0 bytes, hal_cm3.o(.emb_text), UNUSED)

<P><STRONG><a name="[f]"></a>SVC_Handler</STRONG> (Thumb, 108 bytes, Stack size 0 bytes, hal_cm3.o(.emb_text))
<BR><BR>[Calls]<UL><LI><a href="#[c5]">&gt;&gt;</a>&nbsp;&nbsp;&nbsp;rt_stk_check
</UL>
<BR>[Address Reference Count : 1]<UL><LI> startup_lpc17xx.o(RESET)
</UL>
<P><STRONG><a name="[11]"></a>PendSV_Handler</STRONG> (Thumb, 56 bytes, Stack size 0 bytes, hal_cm3.o(.emb_text))
<BR><BR>[Stack]<UL><LI>Max Depth = 52<LI>Call Chain = PendSV_Handler &rArr; rt_pop_req &rArr; rt_mbx_psh &rArr; rt_put_prio
</UL>
<BR>[Calls]<UL><LI><a href="#[c5]">&gt;&gt;</a>&nbsp;&nbsp;&nbsp;rt_stk_check
<LI><a href="#[c6]">&gt;&gt;</a>&nbsp;&nbsp;&nbsp;rt_pop_req
</UL>
<BR>[Address Reference Count : 1]<UL><LI> startup_lpc17xx.o(RESET)
</UL>
<P><STRONG><a name="[12]"></a>SysTick_Handler</STRONG> (Thumb, 8 bytes, Stack size 0 bytes, hal_cm3.o(.emb_text))
<BR><BR>[Stack]<UL><LI>Max Depth = 72<LI>Call Chain = SysTick_Handler &rArr; rt_systick &rArr; sysTimerTick &rArr; isrMessagePut &rArr; isr_mbx_send &rArr; rt_psq_enq
</UL>
<BR>[Calls]<UL><LI><a href="#[c7]">&gt;&gt;</a>&nbsp;&nbsp;&nbsp;rt_systick
</UL>
<BR>[Address Reference Count : 1]<UL><LI> startup_lpc17xx.o(RESET)
</UL>
<P><STRONG><a name="[c8]"></a>OS_Tick_Handler</STRONG> (Thumb, 12 bytes, Stack size 0 bytes, hal_cm3.o(.emb_text), UNUSED)
<BR><BR>[Calls]<UL><LI><a href="#[c9]">&gt;&gt;</a>&nbsp;&nbsp;&nbsp;os_tick_irqack
<LI><a href="#[c7]">&gt;&gt;</a>&nbsp;&nbsp;&nbsp;rt_systick
</UL>

<P><STRONG><a name="[2a3]"></a>__user_libspace</STRONG> (Thumb, 8 bytes, Stack size 0 bytes, libspace.o(.text), UNUSED)

<P><STRONG><a name="[f6]"></a>__user_perproc_libspace</STRONG> (Thumb, 0 bytes, Stack size 0 bytes, libspace.o(.text))
<BR><BR>[Called By]<UL><LI><a href="#[b0]">&gt;&gt;</a>&nbsp;&nbsp;&nbsp;__rt_locale
<LI><a href="#[b7]">&gt;&gt;</a>&nbsp;&nbsp;&nbsp;__user_setup_stackheap
<LI><a href="#[e8]">&gt;&gt;</a>&nbsp;&nbsp;&nbsp;__rt_heap_descriptor
</UL>

<P><STRONG><a name="[2a4]"></a>_maybe_terminate_alloc</STRONG> (Thumb, 0 bytes, Stack size 0 bytes, maybetermalloc1.o(.emb_text), UNUSED)

<P><STRONG><a name="[ca]"></a>__aeabi_errno_addr</STRONG> (Thumb, 4 bytes, Stack size 0 bytes, rt_errno_addr_twolibspace.o(.text))
<BR><BR>[Stack]<UL><LI>Max Depth = 8<LI>Call Chain = __aeabi_errno_addr &rArr; __user_perthread_libspace
</UL>
<BR>[Calls]<UL><LI><a href="#[cb]">&gt;&gt;</a>&nbsp;&nbsp;&nbsp;__user_perthread_libspace
</UL>
<BR>[Called By]<UL><LI><a href="#[142]">&gt;&gt;</a>&nbsp;&nbsp;&nbsp;__sys_write
<LI><a href="#[13f]">&gt;&gt;</a>&nbsp;&nbsp;&nbsp;__sys_seek
<LI><a href="#[139]">&gt;&gt;</a>&nbsp;&nbsp;&nbsp;__sys_open
<LI><a href="#[136]">&gt;&gt;</a>&nbsp;&nbsp;&nbsp;__sys_flen
<LI><a href="#[131]">&gt;&gt;</a>&nbsp;&nbsp;&nbsp;__sys_close
<LI><a href="#[ec]">&gt;&gt;</a>&nbsp;&nbsp;&nbsp;_ftell_internal
</UL>

<P><STRONG><a name="[2a5]"></a>__errno$twolibspace</STRONG> (Thumb, 0 bytes, Stack size 0 bytes, rt_errno_addr_twolibspace.o(.text), UNUSED)

<P><STRONG><a name="[2a6]"></a>__rt_errno_addr$twolibspace</STRONG> (Thumb, 0 bytes, Stack size 0 bytes, rt_errno_addr_twolibspace.o(.text), UNUSED)

<P><STRONG><a name="[2a7]"></a>__use_two_region_memory</STRONG> (Thumb, 2 bytes, Stack size 0 bytes, heapauxi.o(.text), UNUSED)

<P><STRONG><a name="[4]"></a>__rt_heap_escrow</STRONG> (Thumb, 2 bytes, Stack size 0 bytes, heapauxi.o(.text), UNUSED)

<P><STRONG><a name="[3]"></a>__rt_heap_expand</STRONG> (Thumb, 2 bytes, Stack size 0 bytes, heapauxi.o(.text), UNUSED)

<P><STRONG><a name="[3a]"></a>_sputc</STRONG> (Thumb, 10 bytes, Stack size 0 bytes, _sputc.o(.text))
<BR><BR>[Called By]<UL><LI><a href="#[cc]">&gt;&gt;</a>&nbsp;&nbsp;&nbsp;__2sprintf
</UL>
<BR>[Address Reference Count : 1]<UL><LI> __2sprintf.o(.text)
</UL>
<P><STRONG><a name="[9]"></a>Reset_Handler</STRONG> (Thumb, 8 bytes, Stack size 0 bytes, startup_lpc17xx.o(.text))
<BR>[Address Reference Count : 1]<UL><LI> startup_lpc17xx.o(RESET)
</UL>
<P><STRONG><a name="[a]"></a>NMI_Handler</STRONG> (Thumb, 2 bytes, Stack size 0 bytes, startup_lpc17xx.o(.text))
<BR><BR>[Calls]<UL><LI><a href="#[a]">&gt;&gt;</a>&nbsp;&nbsp;&nbsp;NMI_Handler
</UL>
<BR>[Called By]<UL><LI><a href="#[a]">&gt;&gt;</a>&nbsp;&nbsp;&nbsp;NMI_Handler
</UL>
<BR>[Address Reference Count : 1]<UL><LI> startup_lpc17xx.o(RESET)
</UL>
<P><STRONG><a name="[b]"></a>HardFault_Handler</STRONG> (Thumb, 2 bytes, Stack size 0 bytes, startup_lpc17xx.o(.text))
<BR><BR>[Calls]<UL><LI><a href="#[b]">&gt;&gt;</a>&nbsp;&nbsp;&nbsp;HardFault_Handler
</UL>
<BR>[Called By]<UL><LI><a href="#[b]">&gt;&gt;</a>&nbsp;&nbsp;&nbsp;HardFault_Handler
</UL>
<BR>[Address Reference Count : 1]<UL><LI> startup_lpc17xx.o(RESET)
</UL>
<P><STRONG><a name="[c]"></a>MemManage_Handler</STRONG> (Thumb, 2 bytes, Stack size 0 bytes, startup_lpc17xx.o(.text))
<BR><BR>[Calls]<UL><LI><a href="#[c]">&gt;&gt;</a>&nbsp;&nbsp;&nbsp;MemManage_Handler
</UL>
<BR>[Called By]<UL><LI><a href="#[c]">&gt;&gt;</a>&nbsp;&nbsp;&nbsp;MemManage_Handler
</UL>
<BR>[Address Reference Count : 1]<UL><LI> startup_lpc17xx.o(RESET)
</UL>
<P><STRONG><a name="[d]"></a>BusFault_Handler</STRONG> (Thumb, 2 bytes, Stack size 0 bytes, startup_lpc17xx.o(.text))
<BR><BR>[Calls]<UL><LI><a href="#[d]">&gt;&gt;</a>&nbsp;&nbsp;&nbsp;BusFault_Handler
</UL>
<BR>[Called By]<UL><LI><a href="#[d]">&gt;&gt;</a>&nbsp;&nbsp;&nbsp;BusFault_Handler
</UL>
<BR>[Address Reference Count : 1]<UL><LI> startup_lpc17xx.o(RESET)
</UL>
<P><STRONG><a name="[e]"></a>UsageFault_Handler</STRONG> (Thumb, 2 bytes, Stack size 0 bytes, startup_lpc17xx.o(.text))
<BR><BR>[Calls]<UL><LI><a href="#[e]">&gt;&gt;</a>&nbsp;&nbsp;&nbsp;UsageFault_Handler
</UL>
<BR>[Called By]<UL><LI><a href="#[e]">&gt;&gt;</a>&nbsp;&nbsp;&nbsp;UsageFault_Handler
</UL>
<BR>[Address Reference Count : 1]<UL><LI> startup_lpc17xx.o(RESET)
</UL>
<P><STRONG><a name="[10]"></a>DebugMon_Handler</STRONG> (Thumb, 2 bytes, Stack size 0 bytes, startup_lpc17xx.o(.text))
<BR><BR>[Calls]<UL><LI><a href="#[10]">&gt;&gt;</a>&nbsp;&nbsp;&nbsp;DebugMon_Handler
</UL>
<BR>[Called By]<UL><LI><a href="#[10]">&gt;&gt;</a>&nbsp;&nbsp;&nbsp;DebugMon_Handler
</UL>
<BR>[Address Reference Count : 1]<UL><LI> startup_lpc17xx.o(RESET)
</UL>
<P><STRONG><a name="[29]"></a>ADC_IRQHandler</STRONG> (Thumb, 0 bytes, Stack size 0 bytes, startup_lpc17xx.o(.text))
<BR><BR>[Calls]<UL><LI><a href="#[29]">&gt;&gt;</a>&nbsp;&nbsp;&nbsp;ADC_IRQHandler
</UL>
<BR>[Called By]<UL><LI><a href="#[29]">&gt;&gt;</a>&nbsp;&nbsp;&nbsp;ADC_IRQHandler
</UL>
<BR>[Address Reference Count : 1]<UL><LI> startup_lpc17xx.o(RESET)
</UL>
<P><STRONG><a name="[2a]"></a>BOD_IRQHandler</STRONG> (Thumb, 0 bytes, Stack size 0 bytes, startup_lpc17xx.o(.text))
<BR>[Address Reference Count : 1]<UL><LI> startup_lpc17xx.o(RESET)
</UL>
<P><STRONG><a name="[35]"></a>CANActivity_IRQHandler</STRONG> (Thumb, 0 bytes, Stack size 0 bytes, startup_lpc17xx.o(.text))
<BR>[Address Reference Count : 1]<UL><LI> startup_lpc17xx.o(RESET)
</UL>
<P><STRONG><a name="[2c]"></a>CAN_IRQHandler</STRONG> (Thumb, 0 bytes, Stack size 0 bytes, startup_lpc17xx.o(.text))
<BR>[Address Reference Count : 1]<UL><LI> startup_lpc17xx.o(RESET)
</UL>
<P><STRONG><a name="[25]"></a>EINT0_IRQHandler</STRONG> (Thumb, 0 bytes, Stack size 0 bytes, startup_lpc17xx.o(.text))
<BR>[Address Reference Count : 1]<UL><LI> startup_lpc17xx.o(RESET)
</UL>
<P><STRONG><a name="[26]"></a>EINT1_IRQHandler</STRONG> (Thumb, 0 bytes, Stack size 0 bytes, startup_lpc17xx.o(.text))
<BR>[Address Reference Count : 1]<UL><LI> startup_lpc17xx.o(RESET)
</UL>
<P><STRONG><a name="[27]"></a>EINT2_IRQHandler</STRONG> (Thumb, 0 bytes, Stack size 0 bytes, startup_lpc17xx.o(.text))
<BR>[Address Reference Count : 1]<UL><LI> startup_lpc17xx.o(RESET)
</UL>
<P><STRONG><a name="[28]"></a>EINT3_IRQHandler</STRONG> (Thumb, 0 bytes, Stack size 0 bytes, startup_lpc17xx.o(.text))
<BR>[Address Reference Count : 1]<UL><LI> startup_lpc17xx.o(RESET)
</UL>
<P><STRONG><a name="[1d]"></a>I2C0_IRQHandler</STRONG> (Thumb, 0 bytes, Stack size 0 bytes, startup_lpc17xx.o(.text))
<BR>[Address Reference Count : 1]<UL><LI> startup_lpc17xx.o(RESET)
</UL>
<P><STRONG><a name="[1e]"></a>I2C1_IRQHandler</STRONG> (Thumb, 0 bytes, Stack size 0 bytes, startup_lpc17xx.o(.text))
<BR>[Address Reference Count : 1]<UL><LI> startup_lpc17xx.o(RESET)
</UL>
<P><STRONG><a name="[1f]"></a>I2C2_IRQHandler</STRONG> (Thumb, 0 bytes, Stack size 0 bytes, startup_lpc17xx.o(.text))
<BR>[Address Reference Count : 1]<UL><LI> startup_lpc17xx.o(RESET)
</UL>
<P><STRONG><a name="[2e]"></a>I2S_IRQHandler</STRONG> (Thumb, 0 bytes, Stack size 0 bytes, startup_lpc17xx.o(.text))
<BR>[Address Reference Count : 1]<UL><LI> startup_lpc17xx.o(RESET)
</UL>
<P><STRONG><a name="[31]"></a>MCPWM_IRQHandler</STRONG> (Thumb, 0 bytes, Stack size 0 bytes, startup_lpc17xx.o(.text))
<BR>[Address Reference Count : 1]<UL><LI> startup_lpc17xx.o(RESET)
</UL>
<P><STRONG><a name="[23]"></a>PLL0_IRQHandler</STRONG> (Thumb, 0 bytes, Stack size 0 bytes, startup_lpc17xx.o(.text))
<BR>[Address Reference Count : 1]<UL><LI> startup_lpc17xx.o(RESET)
</UL>
<P><STRONG><a name="[33]"></a>PLL1_IRQHandler</STRONG> (Thumb, 0 bytes, Stack size 0 bytes, startup_lpc17xx.o(.text))
<BR>[Address Reference Count : 1]<UL><LI> startup_lpc17xx.o(RESET)
</UL>
<P><STRONG><a name="[1c]"></a>PWM1_IRQHandler</STRONG> (Thumb, 0 bytes, Stack size 0 bytes, startup_lpc17xx.o(.text))
<BR>[Address Reference Count : 1]<UL><LI> startup_lpc17xx.o(RESET)
</UL>
<P><STRONG><a name="[32]"></a>QEI_IRQHandler</STRONG> (Thumb, 0 bytes, Stack size 0 bytes, startup_lpc17xx.o(.text))
<BR>[Address Reference Count : 1]<UL><LI> startup_lpc17xx.o(RESET)
</UL>
<P><STRONG><a name="[30]"></a>RIT_IRQHandler</STRONG> (Thumb, 0 bytes, Stack size 0 bytes, startup_lpc17xx.o(.text))
<BR>[Address Reference Count : 1]<UL><LI> startup_lpc17xx.o(RESET)
</UL>
<P><STRONG><a name="[24]"></a>RTC_IRQHandler</STRONG> (Thumb, 0 bytes, Stack size 0 bytes, startup_lpc17xx.o(.text))
<BR>[Address Reference Count : 1]<UL><LI> startup_lpc17xx.o(RESET)
</UL>
<P><STRONG><a name="[20]"></a>SPI_IRQHandler</STRONG> (Thumb, 0 bytes, Stack size 0 bytes, startup_lpc17xx.o(.text))
<BR>[Address Reference Count : 1]<UL><LI> startup_lpc17xx.o(RESET)
</UL>
<P><STRONG><a name="[22]"></a>SSP1_IRQHandler</STRONG> (Thumb, 0 bytes, Stack size 0 bytes, startup_lpc17xx.o(.text))
<BR>[Address Reference Count : 1]<UL><LI> startup_lpc17xx.o(RESET)
</UL>
<P><STRONG><a name="[14]"></a>TIMER0_IRQHandler</STRONG> (Thumb, 0 bytes, Stack size 0 bytes, startup_lpc17xx.o(.text))
<BR>[Address Reference Count : 1]<UL><LI> startup_lpc17xx.o(RESET)
</UL>
<P><STRONG><a name="[15]"></a>TIMER1_IRQHandler</STRONG> (Thumb, 0 bytes, Stack size 0 bytes, startup_lpc17xx.o(.text))
<BR>[Address Reference Count : 1]<UL><LI> startup_lpc17xx.o(RESET)
</UL>
<P><STRONG><a name="[16]"></a>TIMER2_IRQHandler</STRONG> (Thumb, 0 bytes, Stack size 0 bytes, startup_lpc17xx.o(.text))
<BR>[Address Reference Count : 1]<UL><LI> startup_lpc17xx.o(RESET)
</UL>
<P><STRONG><a name="[17]"></a>TIMER3_IRQHandler</STRONG> (Thumb, 0 bytes, Stack size 0 bytes, startup_lpc17xx.o(.text))
<BR>[Address Reference Count : 1]<UL><LI> startup_lpc17xx.o(RESET)
</UL>
<P><STRONG><a name="[18]"></a>UART0_IRQHandler</STRONG> (Thumb, 0 bytes, Stack size 0 bytes, startup_lpc17xx.o(.text))
<BR>[Address Reference Count : 1]<UL><LI> startup_lpc17xx.o(RESET)
</UL>
<P><STRONG><a name="[19]"></a>UART1_IRQHandler</STRONG> (Thumb, 0 bytes, Stack size 0 bytes, startup_lpc17xx.o(.text))
<BR>[Address Reference Count : 1]<UL><LI> startup_lpc17xx.o(RESET)
</UL>
<P><STRONG><a name="[1a]"></a>UART2_IRQHandler</STRONG> (Thumb, 0 bytes, Stack size 0 bytes, startup_lpc17xx.o(.text))
<BR>[Address Reference Count : 1]<UL><LI> startup_lpc17xx.o(RESET)
</UL>
<P><STRONG><a name="[1b]"></a>UART3_IRQHandler</STRONG> (Thumb, 0 bytes, Stack size 0 bytes, startup_lpc17xx.o(.text))
<BR>[Address Reference Count : 1]<UL><LI> startup_lpc17xx.o(RESET)
</UL>
<P><STRONG><a name="[34]"></a>USBActivity_IRQHandler</STRONG> (Thumb, 0 bytes, Stack size 0 bytes, startup_lpc17xx.o(.text))
<BR>[Address Reference Count : 1]<UL><LI> startup_lpc17xx.o(RESET)
</UL>
<P><STRONG><a name="[2b]"></a>USB_IRQHandler</STRONG> (Thumb, 0 bytes, Stack size 0 bytes, startup_lpc17xx.o(.text))
<BR>[Address Reference Count : 1]<UL><LI> startup_lpc17xx.o(RESET)
</UL>
<P><STRONG><a name="[13]"></a>WDT_IRQHandler</STRONG> (Thumb, 0 bytes, Stack size 0 bytes, startup_lpc17xx.o(.text))
<BR>[Address Reference Count : 1]<UL><LI> startup_lpc17xx.o(RESET)
</UL>
<P><STRONG><a name="[fe]"></a>__user_initial_stackheap</STRONG> (Thumb, 0 bytes, Stack size unknown bytes, startup_lpc17xx.o(.text))
<BR><BR>[Called By]<UL><LI><a href="#[b7]">&gt;&gt;</a>&nbsp;&nbsp;&nbsp;__user_setup_stackheap
</UL>

<P><STRONG><a name="[277]"></a>__aeabi_uldivmod</STRONG> (Thumb, 0 bytes, Stack size 48 bytes, lludivv7m.o(.text))
<BR><BR>[Stack]<UL><LI>Max Depth = 48<LI>Call Chain = __aeabi_uldivmod
</UL>
<BR>[Called By]<UL><LI><a href="#[59]">&gt;&gt;</a>&nbsp;&nbsp;&nbsp;svcTimerStart
</UL>

<P><STRONG><a name="[2a8]"></a>_ll_udiv</STRONG> (Thumb, 238 bytes, Stack size 48 bytes, lludivv7m.o(.text), UNUSED)

<P><STRONG><a name="[cc]"></a>__2sprintf</STRONG> (Thumb, 38 bytes, Stack size 32 bytes, __2sprintf.o(.text))
<BR><BR>[Stack]<UL><LI>Max Depth = 136 + Unknown Stack Size
<LI>Call Chain = __2sprintf &rArr; _printf_char_common &rArr; __printf
</UL>
<BR>[Calls]<UL><LI><a href="#[3a]">&gt;&gt;</a>&nbsp;&nbsp;&nbsp;_sputc
<LI><a href="#[cd]">&gt;&gt;</a>&nbsp;&nbsp;&nbsp;_printf_char_common
</UL>
<BR>[Called By]<UL><LI><a href="#[44]">&gt;&gt;</a>&nbsp;&nbsp;&nbsp;MAIN_Task_Blink(const void*)
</UL>

<P><STRONG><a name="[ce]"></a>__printf</STRONG> (Thumb, 308 bytes, Stack size 40 bytes, __printf_flags_wp.o(.text))
<BR><BR>[Stack]<UL><LI>Max Depth = 40 + Unknown Stack Size
<LI>Call Chain = __printf
</UL>
<BR>[Calls]<UL><LI><a href="#[d0]">&gt;&gt;</a>&nbsp;&nbsp;&nbsp;_printf_percent
<LI><a href="#[cf]">&gt;&gt;</a>&nbsp;&nbsp;&nbsp;_is_digit
</UL>
<BR>[Called By]<UL><LI><a href="#[cd]">&gt;&gt;</a>&nbsp;&nbsp;&nbsp;_printf_char_common
</UL>

<P><STRONG><a name="[d1]"></a>__0sscanf</STRONG> (Thumb, 52 bytes, Stack size 72 bytes, __0sscanf.o(.text))
<BR><BR>[Stack]<UL><LI>Max Depth = 224<LI>Call Chain = __0sscanf &rArr; __vfscanf_char &rArr; __vfscanf &rArr; _scanf_int
</UL>
<BR>[Calls]<UL><LI><a href="#[d2]">&gt;&gt;</a>&nbsp;&nbsp;&nbsp;__vfscanf_char
</UL>
<BR>[Called By]<UL><LI><a href="#[170]">&gt;&gt;</a>&nbsp;&nbsp;&nbsp;net_addr4_aton
<LI><a href="#[16c]">&gt;&gt;</a>&nbsp;&nbsp;&nbsp;netMAC_aton
</UL>

<P><STRONG><a name="[d3]"></a>_scanf_int</STRONG> (Thumb, 332 bytes, Stack size 56 bytes, _scanf_int.o(.text))
<BR><BR>[Stack]<UL><LI>Max Depth = 56<LI>Call Chain = _scanf_int
</UL>
<BR>[Calls]<UL><LI><a href="#[d4]">&gt;&gt;</a>&nbsp;&nbsp;&nbsp;_chval
</UL>
<BR>[Called By]<UL><LI><a href="#[ea]">&gt;&gt;</a>&nbsp;&nbsp;&nbsp;__vfscanf
</UL>

<P><STRONG><a name="[d9]"></a>freopen</STRONG> (Thumb, 42 bytes, Stack size 24 bytes, fopen_locked.o(.text))
<BR><BR>[Stack]<UL><LI>Max Depth = 568<LI>Call Chain = freopen &rArr; _freopen_locked &rArr; _sys_open &rArr; __sys_open &rArr; fat_open &rArr; path_create &rArr; frec_find &rArr; entry_pos_inc &rArr; alloc_table_read &rArr; cache_fat &rArr; fsj_write &rArr; SetBuf
</UL>
<BR>[Calls]<UL><LI><a href="#[a8]">&gt;&gt;</a>&nbsp;&nbsp;&nbsp;_mutex_release
<LI><a href="#[a7]">&gt;&gt;</a>&nbsp;&nbsp;&nbsp;_mutex_acquire
<LI><a href="#[d5]">&gt;&gt;</a>&nbsp;&nbsp;&nbsp;_freopen_locked
</UL>
<BR>[Called By]<UL><LI><a href="#[b3]">&gt;&gt;</a>&nbsp;&nbsp;&nbsp;_initio
</UL>

<P><STRONG><a name="[da]"></a>fopen</STRONG> (Thumb, 100 bytes, Stack size 24 bytes, fopen_locked.o(.text))
<BR><BR>[Stack]<UL><LI>Max Depth = 568<LI>Call Chain = fopen &rArr; _freopen_locked &rArr; _sys_open &rArr; __sys_open &rArr; fat_open &rArr; path_create &rArr; frec_find &rArr; entry_pos_inc &rArr; alloc_table_read &rArr; cache_fat &rArr; fsj_write &rArr; SetBuf
</UL>
<BR>[Calls]<UL><LI><a href="#[a8]">&gt;&gt;</a>&nbsp;&nbsp;&nbsp;_mutex_release
<LI><a href="#[dd]">&gt;&gt;</a>&nbsp;&nbsp;&nbsp;_mutex_initialize
<LI><a href="#[a7]">&gt;&gt;</a>&nbsp;&nbsp;&nbsp;_mutex_acquire
<LI><a href="#[db]">&gt;&gt;</a>&nbsp;&nbsp;&nbsp;malloc
<LI><a href="#[dc]">&gt;&gt;</a>&nbsp;&nbsp;&nbsp;__aeabi_memclr4
<LI><a href="#[d5]">&gt;&gt;</a>&nbsp;&nbsp;&nbsp;_freopen_locked
</UL>
<BR>[Called By]<UL><LI><a href="#[5d]">&gt;&gt;</a>&nbsp;&nbsp;&nbsp;main
</UL>

<P><STRONG><a name="[bd]"></a>exit</STRONG> (Thumb, 18 bytes, Stack size 8 bytes, exit.o(.text))
<BR><BR>[Stack]<UL><LI>Max Depth = 8 + Unknown Stack Size
<LI>Call Chain = exit
</UL>
<BR>[Calls]<UL><LI><a href="#[de]">&gt;&gt;</a>&nbsp;&nbsp;&nbsp;__rt_exit
</UL>
<BR>[Called By]<UL><LI><a href="#[bb]">&gt;&gt;</a>&nbsp;&nbsp;&nbsp;_platform_post_lib_init
<LI><a href="#[bc]">&gt;&gt;</a>&nbsp;&nbsp;&nbsp;__rt_entry_main
</UL>

<P><STRONG><a name="[21a]"></a>memcmp</STRONG> (Thumb, 88 bytes, Stack size 8 bytes, memcmp.o(.text))
<BR><BR>[Stack]<UL><LI>Max Depth = 8<LI>Call Chain = memcmp
</UL>
<BR>[Called By]<UL><LI><a href="#[17c]">&gt;&gt;</a>&nbsp;&nbsp;&nbsp;net_icmp_process
</UL>

<P><STRONG><a name="[df]"></a>strncasecmp</STRONG> (Thumb, 50 bytes, Stack size 24 bytes, strncasecmp.o(.text))
<BR><BR>[Stack]<UL><LI>Max Depth = 48<LI>Call Chain = strncasecmp &rArr; tolower &rArr; __rt_ctype_table &rArr; __rt_locale
</UL>
<BR>[Calls]<UL><LI><a href="#[e0]">&gt;&gt;</a>&nbsp;&nbsp;&nbsp;tolower
</UL>
<BR>[Called By]<UL><LI><a href="#[1ab]">&gt;&gt;</a>&nbsp;&nbsp;&nbsp;frec_find
</UL>

<P><STRONG><a name="[12f]"></a>strlen</STRONG> (Thumb, 62 bytes, Stack size 8 bytes, strlen.o(.text))
<BR><BR>[Stack]<UL><LI>Max Depth = 8<LI>Call Chain = strlen
</UL>
<BR>[Called By]<UL><LI><a href="#[44]">&gt;&gt;</a>&nbsp;&nbsp;&nbsp;MAIN_Task_Blink(const void*)
<LI><a href="#[19d]">&gt;&gt;</a>&nbsp;&nbsp;&nbsp;path_create
</UL>

<P><STRONG><a name="[19f]"></a>__aeabi_memcpy</STRONG> (Thumb, 0 bytes, Stack size 0 bytes, rt_memcpy_v6.o(.text))
<BR><BR>[Called By]<UL><LI><a href="#[21b]">&gt;&gt;</a>&nbsp;&nbsp;&nbsp;net_icmp_send_echo
<LI><a href="#[221]">&gt;&gt;</a>&nbsp;&nbsp;&nbsp;net_ip4_frag_get
<LI><a href="#[220]">&gt;&gt;</a>&nbsp;&nbsp;&nbsp;net_ip4_frag_add
<LI><a href="#[a5]">&gt;&gt;</a>&nbsp;&nbsp;&nbsp;net_loop_send_frame
<LI><a href="#[17c]">&gt;&gt;</a>&nbsp;&nbsp;&nbsp;net_icmp_process
<LI><a href="#[20d]">&gt;&gt;</a>&nbsp;&nbsp;&nbsp;net_arp_enqueue
<LI><a href="#[143]">&gt;&gt;</a>&nbsp;&nbsp;&nbsp;fat_write
<LI><a href="#[1de]">&gt;&gt;</a>&nbsp;&nbsp;&nbsp;mc_control_lock
<LI><a href="#[15e]">&gt;&gt;</a>&nbsp;&nbsp;&nbsp;write_cache
<LI><a href="#[15a]">&gt;&gt;</a>&nbsp;&nbsp;&nbsp;read_sector
<LI><a href="#[196]">&gt;&gt;</a>&nbsp;&nbsp;&nbsp;read_cache
<LI><a href="#[19d]">&gt;&gt;</a>&nbsp;&nbsp;&nbsp;path_create
</UL>

<P><STRONG><a name="[e1]"></a>__rt_memcpy</STRONG> (Thumb, 138 bytes, Stack size 0 bytes, rt_memcpy_v6.o(.text), UNUSED)
<BR><BR>[Calls]<UL><LI><a href="#[e2]">&gt;&gt;</a>&nbsp;&nbsp;&nbsp;__aeabi_memcpy4
</UL>

<P><STRONG><a name="[2a9]"></a>_memcpy_lastbytes</STRONG> (Thumb, 0 bytes, Stack size unknown bytes, rt_memcpy_v6.o(.text), UNUSED)

<P><STRONG><a name="[e2]"></a>__aeabi_memcpy4</STRONG> (Thumb, 0 bytes, Stack size 8 bytes, rt_memcpy_w.o(.text))
<BR><BR>[Stack]<UL><LI>Max Depth = 8<LI>Call Chain = __aeabi_memcpy4
</UL>
<BR>[Called By]<UL><LI><a href="#[19d]">&gt;&gt;</a>&nbsp;&nbsp;&nbsp;path_create
<LI><a href="#[160]">&gt;&gt;</a>&nbsp;&nbsp;&nbsp;create_dot_entries
<LI><a href="#[e1]">&gt;&gt;</a>&nbsp;&nbsp;&nbsp;__rt_memcpy
</UL>

<P><STRONG><a name="[2aa]"></a>__aeabi_memcpy8</STRONG> (Thumb, 0 bytes, Stack size 8 bytes, rt_memcpy_w.o(.text), UNUSED)

<P><STRONG><a name="[2ab]"></a>__rt_memcpy_w</STRONG> (Thumb, 100 bytes, Stack size 8 bytes, rt_memcpy_w.o(.text), UNUSED)

<P><STRONG><a name="[2ac]"></a>_memcpy_lastbytes_aligned</STRONG> (Thumb, 0 bytes, Stack size unknown bytes, rt_memcpy_w.o(.text), UNUSED)

<P><STRONG><a name="[107]"></a>__aeabi_memclr</STRONG> (Thumb, 0 bytes, Stack size 0 bytes, rt_memclr.o(.text))
<BR><BR>[Called By]<UL><LI><a href="#[17f]">&gt;&gt;</a>&nbsp;&nbsp;&nbsp;eth_iface_uninit
<LI><a href="#[140]">&gt;&gt;</a>&nbsp;&nbsp;&nbsp;fat_seek
<LI><a href="#[189]">&gt;&gt;</a>&nbsp;&nbsp;&nbsp;fsinfo_write
<LI><a href="#[15c]">&gt;&gt;</a>&nbsp;&nbsp;&nbsp;clear_clus
<LI><a href="#[12a]">&gt;&gt;</a>&nbsp;&nbsp;&nbsp;SetBuf
<LI><a href="#[106]">&gt;&gt;</a>&nbsp;&nbsp;&nbsp;CheckJourn
</UL>

<P><STRONG><a name="[e3]"></a>__rt_memclr</STRONG> (Thumb, 68 bytes, Stack size 0 bytes, rt_memclr.o(.text), UNUSED)
<BR><BR>[Calls]<UL><LI><a href="#[e4]">&gt;&gt;</a>&nbsp;&nbsp;&nbsp;_memset_w
</UL>

<P><STRONG><a name="[2ad]"></a>_memset</STRONG> (Thumb, 0 bytes, Stack size unknown bytes, rt_memclr.o(.text), UNUSED)

<P><STRONG><a name="[dc]"></a>__aeabi_memclr4</STRONG> (Thumb, 0 bytes, Stack size 4 bytes, rt_memclr_w.o(.text))
<BR><BR>[Stack]<UL><LI>Max Depth = 4<LI>Call Chain = __aeabi_memclr4
</UL>
<BR>[Called By]<UL><LI><a href="#[11f]">&gt;&gt;</a>&nbsp;&nbsp;&nbsp;SSPx_PowerControl
<LI><a href="#[11e]">&gt;&gt;</a>&nbsp;&nbsp;&nbsp;SSPx_Initialize
<LI><a href="#[118]">&gt;&gt;</a>&nbsp;&nbsp;&nbsp;SSPx_Control
<LI><a href="#[9f]">&gt;&gt;</a>&nbsp;&nbsp;&nbsp;net_arp_cache_uninit
<LI><a href="#[93]">&gt;&gt;</a>&nbsp;&nbsp;&nbsp;net_arp_cache_init
<LI><a href="#[a2]">&gt;&gt;</a>&nbsp;&nbsp;&nbsp;net_tcp_socket_uninit
<LI><a href="#[96]">&gt;&gt;</a>&nbsp;&nbsp;&nbsp;net_tcp_socket_init
<LI><a href="#[a1]">&gt;&gt;</a>&nbsp;&nbsp;&nbsp;net_ping_client_uninit
<LI><a href="#[a0]">&gt;&gt;</a>&nbsp;&nbsp;&nbsp;net_ip4_frag_uninit
<LI><a href="#[94]">&gt;&gt;</a>&nbsp;&nbsp;&nbsp;net_ip4_frag_init
<LI><a href="#[17f]">&gt;&gt;</a>&nbsp;&nbsp;&nbsp;eth_iface_uninit
<LI><a href="#[16b]">&gt;&gt;</a>&nbsp;&nbsp;&nbsp;eth_iface_init
<LI><a href="#[13b]">&gt;&gt;</a>&nbsp;&nbsp;&nbsp;fat_handle_get
<LI><a href="#[1de]">&gt;&gt;</a>&nbsp;&nbsp;&nbsp;mc_control_lock
<LI><a href="#[193]">&gt;&gt;</a>&nbsp;&nbsp;&nbsp;fat_mount
<LI><a href="#[b3]">&gt;&gt;</a>&nbsp;&nbsp;&nbsp;_initio
<LI><a href="#[d6]">&gt;&gt;</a>&nbsp;&nbsp;&nbsp;_fclose_internal
<LI><a href="#[da]">&gt;&gt;</a>&nbsp;&nbsp;&nbsp;fopen
</UL>

<P><STRONG><a name="[2ae]"></a>__aeabi_memclr8</STRONG> (Thumb, 0 bytes, Stack size 4 bytes, rt_memclr_w.o(.text), UNUSED)

<P><STRONG><a name="[2af]"></a>__rt_memclr_w</STRONG> (Thumb, 78 bytes, Stack size 4 bytes, rt_memclr_w.o(.text), UNUSED)

<P><STRONG><a name="[e4]"></a>_memset_w</STRONG> (Thumb, 0 bytes, Stack size unknown bytes, rt_memclr_w.o(.text), UNUSED)
<BR><BR>[Called By]<UL><LI><a href="#[e3]">&gt;&gt;</a>&nbsp;&nbsp;&nbsp;__rt_memclr
</UL>

<P><STRONG><a name="[147]"></a>strcmp</STRONG> (Thumb, 128 bytes, Stack size 0 bytes, strcmpv7m.o(.text))
<BR><BR>[Called By]<UL><LI><a href="#[d7]">&gt;&gt;</a>&nbsp;&nbsp;&nbsp;_sys_open
<LI><a href="#[40]">&gt;&gt;</a>&nbsp;&nbsp;&nbsp;_get_lc_ctype
</UL>

<P><STRONG><a name="[e5]"></a>_malloc_internal</STRONG> (Thumb, 130 bytes, Stack size 24 bytes, h1_alloc_mt.o(.text))
<BR><BR>[Stack]<UL><LI>Max Depth = 64<LI>Call Chain = _malloc_internal &rArr; __Heap_Full &rArr; __Heap_ProvideMemory &rArr; _free_internal
</UL>
<BR>[Calls]<UL><LI><a href="#[a8]">&gt;&gt;</a>&nbsp;&nbsp;&nbsp;_mutex_release
<LI><a href="#[a7]">&gt;&gt;</a>&nbsp;&nbsp;&nbsp;_mutex_acquire
<LI><a href="#[e7]">&gt;&gt;</a>&nbsp;&nbsp;&nbsp;__Heap_Full
<LI><a href="#[e6]">&gt;&gt;</a>&nbsp;&nbsp;&nbsp;Heap1_SizeAdjust
</UL>
<BR>[Called By]<UL><LI><a href="#[db]">&gt;&gt;</a>&nbsp;&nbsp;&nbsp;malloc
</UL>

<P><STRONG><a name="[db]"></a>malloc</STRONG> (Thumb, 20 bytes, Stack size 8 bytes, h1_alloc_mt.o(.text))
<BR><BR>[Stack]<UL><LI>Max Depth = 72<LI>Call Chain = malloc &rArr; _malloc_internal &rArr; __Heap_Full &rArr; __Heap_ProvideMemory &rArr; _free_internal
</UL>
<BR>[Calls]<UL><LI><a href="#[e8]">&gt;&gt;</a>&nbsp;&nbsp;&nbsp;__rt_heap_descriptor
<LI><a href="#[e5]">&gt;&gt;</a>&nbsp;&nbsp;&nbsp;_malloc_internal
</UL>
<BR>[Called By]<UL><LI><a href="#[da]">&gt;&gt;</a>&nbsp;&nbsp;&nbsp;fopen
</UL>

<P><STRONG><a name="[e0]"></a>tolower</STRONG> (Thumb, 26 bytes, Stack size 8 bytes, tolower.o(.text))
<BR><BR>[Stack]<UL><LI>Max Depth = 24<LI>Call Chain = tolower &rArr; __rt_ctype_table &rArr; __rt_locale
</UL>
<BR>[Calls]<UL><LI><a href="#[e9]">&gt;&gt;</a>&nbsp;&nbsp;&nbsp;__rt_ctype_table
</UL>
<BR>[Called By]<UL><LI><a href="#[df]">&gt;&gt;</a>&nbsp;&nbsp;&nbsp;strncasecmp
</UL>

<P><STRONG><a name="[cd]"></a>_printf_char_common</STRONG> (Thumb, 32 bytes, Stack size 64 bytes, _printf_char_common.o(.text))
<BR><BR>[Stack]<UL><LI>Max Depth = 104 + Unknown Stack Size
<LI>Call Chain = _printf_char_common &rArr; __printf
</UL>
<BR>[Calls]<UL><LI><a href="#[ce]">&gt;&gt;</a>&nbsp;&nbsp;&nbsp;__printf
</UL>
<BR>[Called By]<UL><LI><a href="#[cc]">&gt;&gt;</a>&nbsp;&nbsp;&nbsp;__2sprintf
</UL>

<P><STRONG><a name="[d4]"></a>_chval</STRONG> (Thumb, 28 bytes, Stack size 0 bytes, _chval.o(.text))
<BR><BR>[Called By]<UL><LI><a href="#[d3]">&gt;&gt;</a>&nbsp;&nbsp;&nbsp;_scanf_int
</UL>

<P><STRONG><a name="[d2]"></a>__vfscanf_char</STRONG> (Thumb, 24 bytes, Stack size 0 bytes, scanf_char.o(.text))
<BR><BR>[Stack]<UL><LI>Max Depth = 152<LI>Call Chain = __vfscanf_char &rArr; __vfscanf &rArr; _scanf_int
</UL>
<BR>[Calls]<UL><LI><a href="#[ea]">&gt;&gt;</a>&nbsp;&nbsp;&nbsp;__vfscanf
</UL>
<BR>[Called By]<UL><LI><a href="#[d1]">&gt;&gt;</a>&nbsp;&nbsp;&nbsp;__0sscanf
</UL>

<P><STRONG><a name="[3b]"></a>_sgetc</STRONG> (Thumb, 30 bytes, Stack size 0 bytes, _sgetc.o(.text))
<BR>[Address Reference Count : 1]<UL><LI> __0sscanf.o(.text)
</UL>
<P><STRONG><a name="[3c]"></a>_sbackspace</STRONG> (Thumb, 34 bytes, Stack size 0 bytes, _sgetc.o(.text))
<BR>[Address Reference Count : 1]<UL><LI> __0sscanf.o(.text)
</UL>
<P><STRONG><a name="[d8]"></a>_fseek</STRONG> (Thumb, 242 bytes, Stack size 24 bytes, fseek.o(.text))
<BR><BR>[Stack]<UL><LI>Max Depth = 56<LI>Call Chain = _fseek &rArr; _sys_flen &rArr; __sys_flen &rArr; fs_mutex_release
</UL>
<BR>[Calls]<UL><LI><a href="#[eb]">&gt;&gt;</a>&nbsp;&nbsp;&nbsp;_sys_istty
<LI><a href="#[ed]">&gt;&gt;</a>&nbsp;&nbsp;&nbsp;_sys_flen
<LI><a href="#[ec]">&gt;&gt;</a>&nbsp;&nbsp;&nbsp;_ftell_internal
<LI><a href="#[ee]">&gt;&gt;</a>&nbsp;&nbsp;&nbsp;_seterr
</UL>
<BR>[Called By]<UL><LI><a href="#[d5]">&gt;&gt;</a>&nbsp;&nbsp;&nbsp;_freopen_locked
</UL>

<P><STRONG><a name="[2b0]"></a>fseek</STRONG> (Thumb, 0 bytes, Stack size 24 bytes, fseek.o(.text), UNUSED)

<P><STRONG><a name="[ee]"></a>_seterr</STRONG> (Thumb, 20 bytes, Stack size 0 bytes, stdio.o(.text))
<BR><BR>[Called By]<UL><LI><a href="#[ef]">&gt;&gt;</a>&nbsp;&nbsp;&nbsp;_writebuf
<LI><a href="#[d8]">&gt;&gt;</a>&nbsp;&nbsp;&nbsp;_fseek
</UL>

<P><STRONG><a name="[ef]"></a>_writebuf</STRONG> (Thumb, 84 bytes, Stack size 32 bytes, stdio.o(.text))
<BR><BR>[Stack]<UL><LI>Max Depth = 272<LI>Call Chain = _writebuf &rArr; _sys_write &rArr; __sys_write &rArr; fat_write &rArr; alloc_clus &rArr; alloc_table_write &rArr; cache_fat &rArr; fsj_write &rArr; SetBuf
</UL>
<BR>[Calls]<UL><LI><a href="#[f1]">&gt;&gt;</a>&nbsp;&nbsp;&nbsp;_sys_write
<LI><a href="#[f0]">&gt;&gt;</a>&nbsp;&nbsp;&nbsp;_sys_seek
<LI><a href="#[ee]">&gt;&gt;</a>&nbsp;&nbsp;&nbsp;_seterr
</UL>
<BR>[Called By]<UL><LI><a href="#[f2]">&gt;&gt;</a>&nbsp;&nbsp;&nbsp;_fflush
</UL>

<P><STRONG><a name="[f2]"></a>_fflush</STRONG> (Thumb, 70 bytes, Stack size 16 bytes, stdio.o(.text))
<BR><BR>[Stack]<UL><LI>Max Depth = 288<LI>Call Chain = _fflush &rArr; _writebuf &rArr; _sys_write &rArr; __sys_write &rArr; fat_write &rArr; alloc_clus &rArr; alloc_table_write &rArr; cache_fat &rArr; fsj_write &rArr; SetBuf
</UL>
<BR>[Calls]<UL><LI><a href="#[ef]">&gt;&gt;</a>&nbsp;&nbsp;&nbsp;_writebuf
</UL>
<BR>[Called By]<UL><LI><a href="#[d6]">&gt;&gt;</a>&nbsp;&nbsp;&nbsp;_fclose_internal
<LI><a href="#[f3]">&gt;&gt;</a>&nbsp;&nbsp;&nbsp;_deferredlazyseek
</UL>

<P><STRONG><a name="[f3]"></a>_deferredlazyseek</STRONG> (Thumb, 60 bytes, Stack size 8 bytes, stdio.o(.text), UNUSED)
<BR><BR>[Calls]<UL><LI><a href="#[f2]">&gt;&gt;</a>&nbsp;&nbsp;&nbsp;_fflush
</UL>

<P><STRONG><a name="[d6]"></a>_fclose_internal</STRONG> (Thumb, 76 bytes, Stack size 32 bytes, fclose.o(.text))
<BR><BR>[Stack]<UL><LI>Max Depth = 320<LI>Call Chain = _fclose_internal &rArr; _fflush &rArr; _writebuf &rArr; _sys_write &rArr; __sys_write &rArr; fat_write &rArr; alloc_clus &rArr; alloc_table_write &rArr; cache_fat &rArr; fsj_write &rArr; SetBuf
</UL>
<BR>[Calls]<UL><LI><a href="#[f4]">&gt;&gt;</a>&nbsp;&nbsp;&nbsp;_sys_close
<LI><a href="#[f5]">&gt;&gt;</a>&nbsp;&nbsp;&nbsp;free
<LI><a href="#[f2]">&gt;&gt;</a>&nbsp;&nbsp;&nbsp;_fflush
<LI><a href="#[dc]">&gt;&gt;</a>&nbsp;&nbsp;&nbsp;__aeabi_memclr4
</UL>
<BR>[Called By]<UL><LI><a href="#[b5]">&gt;&gt;</a>&nbsp;&nbsp;&nbsp;_terminateio
<LI><a href="#[d5]">&gt;&gt;</a>&nbsp;&nbsp;&nbsp;_freopen_locked
</UL>

<P><STRONG><a name="[2b1]"></a>fclose</STRONG> (Thumb, 0 bytes, Stack size 32 bytes, fclose.o(.text), UNUSED)

<P><STRONG><a name="[e9]"></a>__rt_ctype_table</STRONG> (Thumb, 16 bytes, Stack size 8 bytes, rt_ctype_table.o(.text))
<BR><BR>[Stack]<UL><LI>Max Depth = 16<LI>Call Chain = __rt_ctype_table &rArr; __rt_locale
</UL>
<BR>[Calls]<UL><LI><a href="#[b0]">&gt;&gt;</a>&nbsp;&nbsp;&nbsp;__rt_locale
</UL>
<BR>[Called By]<UL><LI><a href="#[3f]">&gt;&gt;</a>&nbsp;&nbsp;&nbsp;isspace
<LI><a href="#[e0]">&gt;&gt;</a>&nbsp;&nbsp;&nbsp;tolower
</UL>

<P><STRONG><a name="[e8]"></a>__rt_heap_descriptor</STRONG> (Thumb, 10 bytes, Stack size 8 bytes, rt_heap_descriptor_twolibspace.o(.text))
<BR><BR>[Stack]<UL><LI>Max Depth = 8<LI>Call Chain = __rt_heap_descriptor
</UL>
<BR>[Calls]<UL><LI><a href="#[f6]">&gt;&gt;</a>&nbsp;&nbsp;&nbsp;__user_perproc_libspace
</UL>
<BR>[Called By]<UL><LI><a href="#[f5]">&gt;&gt;</a>&nbsp;&nbsp;&nbsp;free
<LI><a href="#[ae]">&gt;&gt;</a>&nbsp;&nbsp;&nbsp;_init_alloc
<LI><a href="#[db]">&gt;&gt;</a>&nbsp;&nbsp;&nbsp;malloc
</UL>

<P><STRONG><a name="[2b2]"></a>__use_no_heap</STRONG> (Thumb, 2 bytes, Stack size 0 bytes, hguard.o(.text), UNUSED)

<P><STRONG><a name="[2b3]"></a>__heap$guard</STRONG> (Thumb, 2 bytes, Stack size 0 bytes, hguard.o(.text), UNUSED)

<P><STRONG><a name="[8]"></a>_terminate_user_alloc</STRONG> (Thumb, 2 bytes, Stack size 0 bytes, init_alloc.o(.text), UNUSED)

<P><STRONG><a name="[7]"></a>_init_user_alloc</STRONG> (Thumb, 2 bytes, Stack size 0 bytes, init_alloc.o(.text), UNUSED)

<P><STRONG><a name="[e7]"></a>__Heap_Full</STRONG> (Thumb, 34 bytes, Stack size 16 bytes, init_alloc.o(.text))
<BR><BR>[Stack]<UL><LI>Max Depth = 40<LI>Call Chain = __Heap_Full &rArr; __Heap_ProvideMemory &rArr; _free_internal
</UL>
<BR>[Calls]<UL><LI><a href="#[f7]">&gt;&gt;</a>&nbsp;&nbsp;&nbsp;__Heap_ProvideMemory
</UL>
<BR>[Called By]<UL><LI><a href="#[e5]">&gt;&gt;</a>&nbsp;&nbsp;&nbsp;_malloc_internal
</UL>

<P><STRONG><a name="[f8]"></a>__Heap_Broken</STRONG> (Thumb, 6 bytes, Stack size 0 bytes, init_alloc.o(.text), UNUSED)
<BR><BR>[Calls]<UL><LI><a href="#[f9]">&gt;&gt;</a>&nbsp;&nbsp;&nbsp;__rt_SIGRTMEM
</UL>

<P><STRONG><a name="[ae]"></a>_init_alloc</STRONG> (Thumb, 94 bytes, Stack size 24 bytes, init_alloc.o(.text))
<BR><BR>[Stack]<UL><LI>Max Depth = 64<LI>Call Chain = _init_alloc &rArr; __rt_SIGRTMEM &rArr; __rt_SIGRTMEM_inner &rArr; __default_signal_display &rArr; _ttywrch
</UL>
<BR>[Calls]<UL><LI><a href="#[f7]">&gt;&gt;</a>&nbsp;&nbsp;&nbsp;__Heap_ProvideMemory
<LI><a href="#[fa]">&gt;&gt;</a>&nbsp;&nbsp;&nbsp;__Heap_Initialize
<LI><a href="#[e8]">&gt;&gt;</a>&nbsp;&nbsp;&nbsp;__rt_heap_descriptor
<LI><a href="#[f9]">&gt;&gt;</a>&nbsp;&nbsp;&nbsp;__rt_SIGRTMEM
</UL>
<BR>[Called By]<UL><LI><a href="#[ad]">&gt;&gt;</a>&nbsp;&nbsp;&nbsp;__rt_lib_init_heap_2
</UL>

<P><STRONG><a name="[fa]"></a>__Heap_Initialize</STRONG> (Thumb, 14 bytes, Stack size 0 bytes, h1_init_mt.o(.text))
<BR><BR>[Stack]<UL><LI>Max Depth = 8<LI>Call Chain = __Heap_Initialize &rArr; _mutex_initialize
</UL>
<BR>[Calls]<UL><LI><a href="#[dd]">&gt;&gt;</a>&nbsp;&nbsp;&nbsp;_mutex_initialize
</UL>
<BR>[Called By]<UL><LI><a href="#[ae]">&gt;&gt;</a>&nbsp;&nbsp;&nbsp;_init_alloc
</UL>

<P><STRONG><a name="[5]"></a>__Heap_DescSize</STRONG> (Thumb, 4 bytes, Stack size 0 bytes, h1_init_mt.o(.text), UNUSED)

<P><STRONG><a name="[fb]"></a>_free_internal</STRONG> (Thumb, 98 bytes, Stack size 16 bytes, h1_free_mt.o(.text))
<BR><BR>[Stack]<UL><LI>Max Depth = 16<LI>Call Chain = _free_internal
</UL>
<BR>[Calls]<UL><LI><a href="#[a8]">&gt;&gt;</a>&nbsp;&nbsp;&nbsp;_mutex_release
<LI><a href="#[a7]">&gt;&gt;</a>&nbsp;&nbsp;&nbsp;_mutex_acquire
</UL>
<BR>[Called By]<UL><LI><a href="#[f7]">&gt;&gt;</a>&nbsp;&nbsp;&nbsp;__Heap_ProvideMemory
<LI><a href="#[f5]">&gt;&gt;</a>&nbsp;&nbsp;&nbsp;free
</UL>

<P><STRONG><a name="[f5]"></a>free</STRONG> (Thumb, 20 bytes, Stack size 8 bytes, h1_free_mt.o(.text))
<BR><BR>[Stack]<UL><LI>Max Depth = 24<LI>Call Chain = free &rArr; _free_internal
</UL>
<BR>[Calls]<UL><LI><a href="#[fb]">&gt;&gt;</a>&nbsp;&nbsp;&nbsp;_free_internal
<LI><a href="#[e8]">&gt;&gt;</a>&nbsp;&nbsp;&nbsp;__rt_heap_descriptor
</UL>
<BR>[Called By]<UL><LI><a href="#[b5]">&gt;&gt;</a>&nbsp;&nbsp;&nbsp;_terminateio
<LI><a href="#[d6]">&gt;&gt;</a>&nbsp;&nbsp;&nbsp;_fclose_internal
</UL>

<P><STRONG><a name="[3f]"></a>isspace</STRONG> (Thumb, 18 bytes, Stack size 8 bytes, isspace.o(.text))
<BR><BR>[Stack]<UL><LI>Max Depth = 24<LI>Call Chain = isspace &rArr; __rt_ctype_table &rArr; __rt_locale
</UL>
<BR>[Calls]<UL><LI><a href="#[e9]">&gt;&gt;</a>&nbsp;&nbsp;&nbsp;__rt_ctype_table
</UL>
<BR>[Address Reference Count : 1]<UL><LI> scanf_char.o(.text)
</UL>
<P><STRONG><a name="[ea]"></a>__vfscanf</STRONG> (Thumb, 880 bytes, Stack size 96 bytes, _scanf.o(.text))
<BR><BR>[Stack]<UL><LI>Max Depth = 152<LI>Call Chain = __vfscanf &rArr; _scanf_int
</UL>
<BR>[Calls]<UL><LI><a href="#[d3]">&gt;&gt;</a>&nbsp;&nbsp;&nbsp;_scanf_int
</UL>
<BR>[Called By]<UL><LI><a href="#[d2]">&gt;&gt;</a>&nbsp;&nbsp;&nbsp;__vfscanf_char
</UL>

<P><STRONG><a name="[ec]"></a>_ftell_internal</STRONG> (Thumb, 66 bytes, Stack size 8 bytes, ftell.o(.text))
<BR><BR>[Stack]<UL><LI>Max Depth = 16<LI>Call Chain = _ftell_internal &rArr; __aeabi_errno_addr &rArr; __user_perthread_libspace
</UL>
<BR>[Calls]<UL><LI><a href="#[ca]">&gt;&gt;</a>&nbsp;&nbsp;&nbsp;__aeabi_errno_addr
</UL>
<BR>[Called By]<UL><LI><a href="#[d8]">&gt;&gt;</a>&nbsp;&nbsp;&nbsp;_fseek
</UL>

<P><STRONG><a name="[2b4]"></a>ftell</STRONG> (Thumb, 0 bytes, Stack size 8 bytes, ftell.o(.text), UNUSED)

<P><STRONG><a name="[b3]"></a>_initio</STRONG> (Thumb, 240 bytes, Stack size 8 bytes, initio_locked.o(.text))
<BR><BR>[Stack]<UL><LI>Max Depth = 576<LI>Call Chain = _initio &rArr; freopen &rArr; _freopen_locked &rArr; _sys_open &rArr; __sys_open &rArr; fat_open &rArr; path_create &rArr; frec_find &rArr; entry_pos_inc &rArr; alloc_table_read &rArr; cache_fat &rArr; fsj_write &rArr; SetBuf
</UL>
<BR>[Calls]<UL><LI><a href="#[dd]">&gt;&gt;</a>&nbsp;&nbsp;&nbsp;_mutex_initialize
<LI><a href="#[fc]">&gt;&gt;</a>&nbsp;&nbsp;&nbsp;__rt_SIGRTRED
<LI><a href="#[fd]">&gt;&gt;</a>&nbsp;&nbsp;&nbsp;setvbuf
<LI><a href="#[dc]">&gt;&gt;</a>&nbsp;&nbsp;&nbsp;__aeabi_memclr4
<LI><a href="#[d9]">&gt;&gt;</a>&nbsp;&nbsp;&nbsp;freopen
</UL>
<BR>[Called By]<UL><LI><a href="#[b2]">&gt;&gt;</a>&nbsp;&nbsp;&nbsp;__rt_lib_init_stdio_2
</UL>

<P><STRONG><a name="[b5]"></a>_terminateio</STRONG> (Thumb, 168 bytes, Stack size 24 bytes, initio_locked.o(.text))
<BR><BR>[Stack]<UL><LI>Max Depth = 344<LI>Call Chain = _terminateio &rArr; _fclose_internal &rArr; _fflush &rArr; _writebuf &rArr; _sys_write &rArr; __sys_write &rArr; fat_write &rArr; alloc_clus &rArr; alloc_table_write &rArr; cache_fat &rArr; fsj_write &rArr; SetBuf
</UL>
<BR>[Calls]<UL><LI><a href="#[a8]">&gt;&gt;</a>&nbsp;&nbsp;&nbsp;_mutex_release
<LI><a href="#[a7]">&gt;&gt;</a>&nbsp;&nbsp;&nbsp;_mutex_acquire
<LI><a href="#[f5]">&gt;&gt;</a>&nbsp;&nbsp;&nbsp;free
<LI><a href="#[d6]">&gt;&gt;</a>&nbsp;&nbsp;&nbsp;_fclose_internal
</UL>
<BR>[Called By]<UL><LI><a href="#[b4]">&gt;&gt;</a>&nbsp;&nbsp;&nbsp;__rt_lib_shutdown_stdio_2
</UL>

<P><STRONG><a name="[c1]"></a>_sys_exit</STRONG> (Thumb, 8 bytes, Stack size 0 bytes, sys_exit.o(.text))
<BR><BR>[Called By]<UL><LI><a href="#[c0]">&gt;&gt;</a>&nbsp;&nbsp;&nbsp;__rt_exit_exit
<LI><a href="#[100]">&gt;&gt;</a>&nbsp;&nbsp;&nbsp;__sig_exit
</UL>

<P><STRONG><a name="[b7]"></a>__user_setup_stackheap</STRONG> (Thumb, 74 bytes, Stack size 8 bytes, sys_stackheap_outer.o(.text))
<BR><BR>[Stack]<UL><LI>Max Depth = 8 + Unknown Stack Size
<LI>Call Chain = __user_setup_stackheap
</UL>
<BR>[Calls]<UL><LI><a href="#[fe]">&gt;&gt;</a>&nbsp;&nbsp;&nbsp;__user_initial_stackheap
<LI><a href="#[f6]">&gt;&gt;</a>&nbsp;&nbsp;&nbsp;__user_perproc_libspace
</UL>
<BR>[Called By]<UL><LI><a href="#[b6]">&gt;&gt;</a>&nbsp;&nbsp;&nbsp;__rt_entry_sh
</UL>

<P><STRONG><a name="[b0]"></a>__rt_locale</STRONG> (Thumb, 10 bytes, Stack size 8 bytes, rt_locale_twolibspace.o(.text))
<BR><BR>[Stack]<UL><LI>Max Depth = 8<LI>Call Chain = __rt_locale
</UL>
<BR>[Calls]<UL><LI><a href="#[f6]">&gt;&gt;</a>&nbsp;&nbsp;&nbsp;__user_perproc_libspace
</UL>
<BR>[Called By]<UL><LI><a href="#[af]">&gt;&gt;</a>&nbsp;&nbsp;&nbsp;__rt_lib_init_lc_common
<LI><a href="#[e9]">&gt;&gt;</a>&nbsp;&nbsp;&nbsp;__rt_ctype_table
</UL>

<P><STRONG><a name="[f7]"></a>__Heap_ProvideMemory</STRONG> (Thumb, 62 bytes, Stack size 8 bytes, h1_extend_mt.o(.text))
<BR><BR>[Stack]<UL><LI>Max Depth = 24<LI>Call Chain = __Heap_ProvideMemory &rArr; _free_internal
</UL>
<BR>[Calls]<UL><LI><a href="#[fb]">&gt;&gt;</a>&nbsp;&nbsp;&nbsp;_free_internal
</UL>
<BR>[Called By]<UL><LI><a href="#[ae]">&gt;&gt;</a>&nbsp;&nbsp;&nbsp;_init_alloc
<LI><a href="#[e7]">&gt;&gt;</a>&nbsp;&nbsp;&nbsp;__Heap_Full
</UL>

<P><STRONG><a name="[fd]"></a>setvbuf</STRONG> (Thumb, 104 bytes, Stack size 32 bytes, setvbuf_locked.o(.text))
<BR><BR>[Stack]<UL><LI>Max Depth = 32<LI>Call Chain = setvbuf
</UL>
<BR>[Calls]<UL><LI><a href="#[a8]">&gt;&gt;</a>&nbsp;&nbsp;&nbsp;_mutex_release
<LI><a href="#[a7]">&gt;&gt;</a>&nbsp;&nbsp;&nbsp;_mutex_acquire
</UL>
<BR>[Called By]<UL><LI><a href="#[b3]">&gt;&gt;</a>&nbsp;&nbsp;&nbsp;_initio
</UL>

<P><STRONG><a name="[fc]"></a>__rt_SIGRTRED</STRONG> (Thumb, 14 bytes, Stack size 8 bytes, defsig_rtred_outer.o(.text))
<BR><BR>[Stack]<UL><LI>Max Depth = 40<LI>Call Chain = __rt_SIGRTRED &rArr; __rt_SIGRTRED_inner &rArr; __default_signal_display &rArr; _ttywrch
</UL>
<BR>[Calls]<UL><LI><a href="#[ff]">&gt;&gt;</a>&nbsp;&nbsp;&nbsp;__rt_SIGRTRED_inner
<LI><a href="#[100]">&gt;&gt;</a>&nbsp;&nbsp;&nbsp;__sig_exit
</UL>
<BR>[Called By]<UL><LI><a href="#[b3]">&gt;&gt;</a>&nbsp;&nbsp;&nbsp;_initio
</UL>

<P><STRONG><a name="[f9]"></a>__rt_SIGRTMEM</STRONG> (Thumb, 14 bytes, Stack size 8 bytes, defsig_rtmem_outer.o(.text))
<BR><BR>[Stack]<UL><LI>Max Depth = 40<LI>Call Chain = __rt_SIGRTMEM &rArr; __rt_SIGRTMEM_inner &rArr; __default_signal_display &rArr; _ttywrch
</UL>
<BR>[Calls]<UL><LI><a href="#[101]">&gt;&gt;</a>&nbsp;&nbsp;&nbsp;__rt_SIGRTMEM_inner
<LI><a href="#[100]">&gt;&gt;</a>&nbsp;&nbsp;&nbsp;__sig_exit
</UL>
<BR>[Called By]<UL><LI><a href="#[ae]">&gt;&gt;</a>&nbsp;&nbsp;&nbsp;_init_alloc
<LI><a href="#[f8]">&gt;&gt;</a>&nbsp;&nbsp;&nbsp;__Heap_Broken
</UL>

<P><STRONG><a name="[2b5]"></a>__I$use$semihosting</STRONG> (Thumb, 0 bytes, Stack size 0 bytes, use_no_semi.o(.text), UNUSED)

<P><STRONG><a name="[2b6]"></a>__use_no_semihosting_swi</STRONG> (Thumb, 2 bytes, Stack size 0 bytes, use_no_semi.o(.text), UNUSED)

<P><STRONG><a name="[2b7]"></a>__semihosting_library_function</STRONG> (Thumb, 0 bytes, Stack size 0 bytes, indicate_semi.o(.text), UNUSED)

<P><STRONG><a name="[100]"></a>__sig_exit</STRONG> (Thumb, 10 bytes, Stack size 0 bytes, defsig_exit.o(.text))
<BR><BR>[Calls]<UL><LI><a href="#[c1]">&gt;&gt;</a>&nbsp;&nbsp;&nbsp;_sys_exit
</UL>
<BR>[Called By]<UL><LI><a href="#[fc]">&gt;&gt;</a>&nbsp;&nbsp;&nbsp;__rt_SIGRTRED
<LI><a href="#[f9]">&gt;&gt;</a>&nbsp;&nbsp;&nbsp;__rt_SIGRTMEM
</UL>

<P><STRONG><a name="[ff]"></a>__rt_SIGRTRED_inner</STRONG> (Thumb, 14 bytes, Stack size 8 bytes, defsig_rtred_inner.o(.text))
<BR><BR>[Stack]<UL><LI>Max Depth = 32<LI>Call Chain = __rt_SIGRTRED_inner &rArr; __default_signal_display &rArr; _ttywrch
</UL>
<BR>[Calls]<UL><LI><a href="#[102]">&gt;&gt;</a>&nbsp;&nbsp;&nbsp;__default_signal_display
</UL>
<BR>[Called By]<UL><LI><a href="#[fc]">&gt;&gt;</a>&nbsp;&nbsp;&nbsp;__rt_SIGRTRED
</UL>

<P><STRONG><a name="[101]"></a>__rt_SIGRTMEM_inner</STRONG> (Thumb, 22 bytes, Stack size 8 bytes, defsig_rtmem_inner.o(.text))
<BR><BR>[Stack]<UL><LI>Max Depth = 32<LI>Call Chain = __rt_SIGRTMEM_inner &rArr; __default_signal_display &rArr; _ttywrch
</UL>
<BR>[Calls]<UL><LI><a href="#[102]">&gt;&gt;</a>&nbsp;&nbsp;&nbsp;__default_signal_display
</UL>
<BR>[Called By]<UL><LI><a href="#[f9]">&gt;&gt;</a>&nbsp;&nbsp;&nbsp;__rt_SIGRTMEM
</UL>

<P><STRONG><a name="[102]"></a>__default_signal_display</STRONG> (Thumb, 50 bytes, Stack size 16 bytes, defsig_general.o(.text))
<BR><BR>[Stack]<UL><LI>Max Depth = 24<LI>Call Chain = __default_signal_display &rArr; _ttywrch
</UL>
<BR>[Calls]<UL><LI><a href="#[103]">&gt;&gt;</a>&nbsp;&nbsp;&nbsp;_ttywrch
</UL>
<BR>[Called By]<UL><LI><a href="#[101]">&gt;&gt;</a>&nbsp;&nbsp;&nbsp;__rt_SIGRTMEM_inner
<LI><a href="#[ff]">&gt;&gt;</a>&nbsp;&nbsp;&nbsp;__rt_SIGRTRED_inner
</UL>

<P><STRONG><a name="[103]"></a>_ttywrch</STRONG> (Thumb, 14 bytes, Stack size 8 bytes, sys_wrch.o(.text))
<BR><BR>[Stack]<UL><LI>Max Depth = 8<LI>Call Chain = _ttywrch
</UL>
<BR>[Called By]<UL><LI><a href="#[102]">&gt;&gt;</a>&nbsp;&nbsp;&nbsp;__default_signal_display
</UL>

<P><STRONG><a name="[2d]"></a>DMA_IRQHandler</STRONG> (Thumb, 372 bytes, Stack size 16 bytes, gpdma_lpc17xx.o(i.DMA_IRQHandler))
<BR><BR>[Stack]<UL><LI>Max Depth = 16<LI>Call Chain = DMA_IRQHandler
</UL>
<BR>[Calls]<UL><LI><a href="#[10a]">&gt;&gt;</a>&nbsp;&nbsp;&nbsp;Clear_Channel_active_flag
</UL>
<BR>[Address Reference Count : 1]<UL><LI> startup_lpc17xx.o(RESET)
</UL>
<P><STRONG><a name="[2f]"></a>ENET_IRQHandler</STRONG> (Thumb, 62 bytes, Stack size 16 bytes, emac_lpc17xx.o(i.ENET_IRQHandler))
<BR><BR>[Stack]<UL><LI>Max Depth = 16<LI>Call Chain = ENET_IRQHandler
</UL>
<BR>[Address Reference Count : 1]<UL><LI> startup_lpc17xx.o(RESET)
</UL>
<P><STRONG><a name="[10b]"></a>GPDMA_ChannelConfigure</STRONG> (Thumb, 232 bytes, Stack size 40 bytes, gpdma_lpc17xx.o(i.GPDMA_ChannelConfigure))
<BR><BR>[Stack]<UL><LI>Max Depth = 48<LI>Call Chain = GPDMA_ChannelConfigure &rArr; Set_Channel_active_flag
</UL>
<BR>[Calls]<UL><LI><a href="#[10a]">&gt;&gt;</a>&nbsp;&nbsp;&nbsp;Clear_Channel_active_flag
<LI><a href="#[10c]">&gt;&gt;</a>&nbsp;&nbsp;&nbsp;Set_Channel_active_flag
</UL>
<BR>[Called By]<UL><LI><a href="#[122]">&gt;&gt;</a>&nbsp;&nbsp;&nbsp;SSPx_Transfer
<LI><a href="#[121]">&gt;&gt;</a>&nbsp;&nbsp;&nbsp;SSPx_Send
<LI><a href="#[120]">&gt;&gt;</a>&nbsp;&nbsp;&nbsp;SSPx_Receive
</UL>

<P><STRONG><a name="[10d]"></a>GPDMA_ChannelDisable</STRONG> (Thumb, 44 bytes, Stack size 8 bytes, gpdma_lpc17xx.o(i.GPDMA_ChannelDisable))
<BR><BR>[Stack]<UL><LI>Max Depth = 8<LI>Call Chain = GPDMA_ChannelDisable
</UL>
<BR>[Calls]<UL><LI><a href="#[10a]">&gt;&gt;</a>&nbsp;&nbsp;&nbsp;Clear_Channel_active_flag
</UL>
<BR>[Called By]<UL><LI><a href="#[11f]">&gt;&gt;</a>&nbsp;&nbsp;&nbsp;SSPx_PowerControl
<LI><a href="#[118]">&gt;&gt;</a>&nbsp;&nbsp;&nbsp;SSPx_Control
</UL>

<P><STRONG><a name="[126]"></a>GPDMA_ChannelGetCount</STRONG> (Thumb, 38 bytes, Stack size 0 bytes, gpdma_lpc17xx.o(i.GPDMA_ChannelGetCount))
<BR><BR>[Called By]<UL><LI><a href="#[11b]">&gt;&gt;</a>&nbsp;&nbsp;&nbsp;SSPx_GetDataCount
</UL>

<P><STRONG><a name="[10e]"></a>GPDMA_Initialize</STRONG> (Thumb, 154 bytes, Stack size 8 bytes, gpdma_lpc17xx.o(i.GPDMA_Initialize))
<BR><BR>[Stack]<UL><LI>Max Depth = 8<LI>Call Chain = GPDMA_Initialize
</UL>
<BR>[Calls]<UL><LI><a href="#[10f]">&gt;&gt;</a>&nbsp;&nbsp;&nbsp;__NVIC_ClearPendingIRQ
</UL>
<BR>[Called By]<UL><LI><a href="#[11e]">&gt;&gt;</a>&nbsp;&nbsp;&nbsp;SSPx_Initialize
</UL>

<P><STRONG><a name="[127]"></a>GPDMA_PeripheralSelect</STRONG> (Thumb, 62 bytes, Stack size 8 bytes, gpdma_lpc17xx.o(i.GPDMA_PeripheralSelect))
<BR><BR>[Stack]<UL><LI>Max Depth = 8<LI>Call Chain = GPDMA_PeripheralSelect
</UL>
<BR>[Called By]<UL><LI><a href="#[11e]">&gt;&gt;</a>&nbsp;&nbsp;&nbsp;SSPx_Initialize
</UL>

<P><STRONG><a name="[110]"></a>GPDMA_Uninitialize</STRONG> (Thumb, 92 bytes, Stack size 8 bytes, gpdma_lpc17xx.o(i.GPDMA_Uninitialize))
<BR><BR>[Stack]<UL><LI>Max Depth = 8<LI>Call Chain = GPDMA_Uninitialize
</UL>
<BR>[Calls]<UL><LI><a href="#[10f]">&gt;&gt;</a>&nbsp;&nbsp;&nbsp;__NVIC_ClearPendingIRQ
</UL>
<BR>[Called By]<UL><LI><a href="#[123]">&gt;&gt;</a>&nbsp;&nbsp;&nbsp;SSPx_Uninitialize
</UL>

<P><STRONG><a name="[125]"></a>GPIO_PinWrite</STRONG> (Thumb, 36 bytes, Stack size 12 bytes, gpio_lpc17xx.o(i.GPIO_PinWrite))
<BR><BR>[Stack]<UL><LI>Max Depth = 12<LI>Call Chain = GPIO_PinWrite
</UL>
<BR>[Called By]<UL><LI><a href="#[118]">&gt;&gt;</a>&nbsp;&nbsp;&nbsp;SSPx_Control
<LI><a href="#[115]">&gt;&gt;</a>&nbsp;&nbsp;&nbsp;turnaround_MDIO
<LI><a href="#[114]">&gt;&gt;</a>&nbsp;&nbsp;&nbsp;output_MDIO
<LI><a href="#[116]">&gt;&gt;</a>&nbsp;&nbsp;&nbsp;input_MDIO
<LI><a href="#[5d]">&gt;&gt;</a>&nbsp;&nbsp;&nbsp;main
<LI><a href="#[44]">&gt;&gt;</a>&nbsp;&nbsp;&nbsp;MAIN_Task_Blink(const void*)
</UL>

<P><STRONG><a name="[1d7]"></a>GPIO_PortClock</STRONG> (Thumb, 38 bytes, Stack size 0 bytes, gpio_lpc17xx.o(i.GPIO_PortClock))
<BR><BR>[Called By]<UL><LI><a href="#[5d]">&gt;&gt;</a>&nbsp;&nbsp;&nbsp;main
</UL>

<P><STRONG><a name="[1bf]"></a>GPIO_PortRead</STRONG> (Thumb, 14 bytes, Stack size 0 bytes, gpio_lpc17xx.o(i.GPIO_PortRead))
<BR><BR>[Called By]<UL><LI><a href="#[116]">&gt;&gt;</a>&nbsp;&nbsp;&nbsp;input_MDIO
</UL>

<P><STRONG><a name="[112]"></a>GPIO_SetDir</STRONG> (Thumb, 52 bytes, Stack size 12 bytes, gpio_lpc17xx.o(i.GPIO_SetDir))
<BR><BR>[Stack]<UL><LI>Max Depth = 12<LI>Call Chain = GPIO_SetDir
</UL>
<BR>[Called By]<UL><LI><a href="#[118]">&gt;&gt;</a>&nbsp;&nbsp;&nbsp;SSPx_Control
<LI><a href="#[115]">&gt;&gt;</a>&nbsp;&nbsp;&nbsp;turnaround_MDIO
<LI><a href="#[69]">&gt;&gt;</a>&nbsp;&nbsp;&nbsp;Uninitialize
<LI><a href="#[76]">&gt;&gt;</a>&nbsp;&nbsp;&nbsp;PHY_Write
[...]
<LI><a href="#[1d3]">&gt;&gt;</a>&nbsp;&nbsp;&nbsp;j_find_rsvd
</UL>

<P><STRONG><a name="[1d2]"></a>j_clus_cnt</STRONG> (Thumb, 10 bytes, Stack size 0 bytes, fs_fat.o(i.j_clus_cnt))
<BR><BR>[Called By]<UL><LI><a href="#[18e]">&gt;&gt;</a>&nbsp;&nbsp;&nbsp;j_rep_space
<LI><a href="#[18d]">&gt;&gt;</a>&nbsp;&nbsp;&nbsp;j_init_fats
<LI><a href="#[1d3]">&gt;&gt;</a>&nbsp;&nbsp;&nbsp;j_find_rsvd
<LI><a href="#[191]">&gt;&gt;</a>&nbsp;&nbsp;&nbsp;j_find_reg
</UL>

<P><STRONG><a name="[191]"></a>j_find_reg</STRONG> (Thumb, 130 bytes, Stack size 40 bytes, fs_fat.o(i.j_find_reg))
<BR><BR>[Stack]<UL><LI>Max Depth = 144<LI>Call Chain = j_find_reg &rArr; alloc_table_read &rArr; cache_fat &rArr; fsj_write &rArr; SetBuf
</UL>
<BR>[Calls]<UL><LI><a href="#[1d1]">&gt;&gt;</a>&nbsp;&nbsp;&nbsp;j_low_boundary
<LI><a href="#[1d2]">&gt;&gt;</a>&nbsp;&nbsp;&nbsp;j_clus_cnt
<LI><a href="#[149]">&gt;&gt;</a>&nbsp;&nbsp;&nbsp;alloc_table_read
</UL>
<BR>[Called By]<UL><LI><a href="#[190]">&gt;&gt;</a>&nbsp;&nbsp;&nbsp;fat_jour_prep
</UL>

<P><STRONG><a name="[1d3]"></a>j_find_rsvd</STRONG> (Thumb, 176 bytes, Stack size 32 bytes, fs_fat.o(i.j_find_rsvd))
<BR><BR>[Stack]<UL><LI>Max Depth = 160<LI>Call Chain = j_find_rsvd &rArr; j_chk_rsvd &rArr; alloc_table_read &rArr; cache_fat &rArr; fsj_write &rArr; SetBuf
</UL>
<BR>[Calls]<UL><LI><a href="#[105]">&gt;&gt;</a>&nbsp;&nbsp;&nbsp;get_u32
<LI><a href="#[15a]">&gt;&gt;</a>&nbsp;&nbsp;&nbsp;read_sector
<LI><a href="#[1d1]">&gt;&gt;</a>&nbsp;&nbsp;&nbsp;j_low_boundary
<LI><a href="#[1d2]">&gt;&gt;</a>&nbsp;&nbsp;&nbsp;j_clus_cnt
<LI><a href="#[1cf]">&gt;&gt;</a>&nbsp;&nbsp;&nbsp;j_chk_rsvd
<LI><a href="#[1d0]">&gt;&gt;</a>&nbsp;&nbsp;&nbsp;get_RSVD
<LI><a href="#[15d]">&gt;&gt;</a>&nbsp;&nbsp;&nbsp;clus_to_sect
<LI><a href="#[149]">&gt;&gt;</a>&nbsp;&nbsp;&nbsp;alloc_table_read
</UL>
<BR>[Called By]<UL><LI><a href="#[18d]">&gt;&gt;</a>&nbsp;&nbsp;&nbsp;j_init_fats
</UL>

<P><STRONG><a name="[18d]"></a>j_init_fats</STRONG> (Thumb, 134 bytes, Stack size 24 bytes, fs_fat.o(i.j_init_fats))
<BR><BR>[Stack]<UL><LI>Max Depth = 184<LI>Call Chain = j_init_fats &rArr; j_find_rsvd &rArr; j_chk_rsvd &rArr; alloc_table_read &rArr; cache_fat &rArr; fsj_write &rArr; SetBuf
</UL>
<BR>[Calls]<UL><LI><a href="#[1d4]">&gt;&gt;</a>&nbsp;&nbsp;&nbsp;switch_fat
<LI><a href="#[192]">&gt;&gt;</a>&nbsp;&nbsp;&nbsp;j_mark_rsvd
<LI><a href="#[1d3]">&gt;&gt;</a>&nbsp;&nbsp;&nbsp;j_find_rsvd
<LI><a href="#[1d2]">&gt;&gt;</a>&nbsp;&nbsp;&nbsp;j_clus_cnt
<LI><a href="#[1cf]">&gt;&gt;</a>&nbsp;&nbsp;&nbsp;j_chk_rsvd
</UL>
<BR>[Called By]<UL><LI><a href="#[18c]">&gt;&gt;</a>&nbsp;&nbsp;&nbsp;fat_jour_init
</UL>

<P><STRONG><a name="[1d1]"></a>j_low_boundary</STRONG> (Thumb, 16 bytes, Stack size 0 bytes, fs_fat.o(i.j_low_boundary))
<BR><BR>[Called By]<UL><LI><a href="#[1d3]">&gt;&gt;</a>&nbsp;&nbsp;&nbsp;j_find_rsvd
<LI><a href="#[191]">&gt;&gt;</a>&nbsp;&nbsp;&nbsp;j_find_reg
</UL>

<P><STRONG><a name="[192]"></a>j_mark_rsvd</STRONG> (Thumb, 60 bytes, Stack size 24 bytes, fs_fat.o(i.j_mark_rsvd))
<BR><BR>[Stack]<UL><LI>Max Depth = 136<LI>Call Chain = j_mark_rsvd &rArr; alloc_table_write &rArr; cache_fat &rArr; fsj_write &rArr; SetBuf
</UL>
<BR>[Calls]<UL><LI><a href="#[1d0]">&gt;&gt;</a>&nbsp;&nbsp;&nbsp;get_RSVD
<LI><a href="#[14d]">&gt;&gt;</a>&nbsp;&nbsp;&nbsp;cache_fat
<LI><a href="#[14b]">&gt;&gt;</a>&nbsp;&nbsp;&nbsp;alloc_table_write
</UL>
<BR>[Called By]<UL><LI><a href="#[190]">&gt;&gt;</a>&nbsp;&nbsp;&nbsp;fat_jour_prep
<LI><a href="#[18d]">&gt;&gt;</a>&nbsp;&nbsp;&nbsp;j_init_fats
</UL>

<P><STRONG><a name="[18e]"></a>j_rep_space</STRONG> (Thumb, 48 bytes, Stack size 16 bytes, fs_fat.o(i.j_rep_space))
<BR><BR>[Stack]<UL><LI>Max Depth = 16<LI>Call Chain = j_rep_space
</UL>
<BR>[Calls]<UL><LI><a href="#[1d5]">&gt;&gt;</a>&nbsp;&nbsp;&nbsp;fsj_set_space
<LI><a href="#[1d2]">&gt;&gt;</a>&nbsp;&nbsp;&nbsp;j_clus_cnt
<LI><a href="#[15d]">&gt;&gt;</a>&nbsp;&nbsp;&nbsp;clus_to_sect
</UL>
<BR>[Called By]<UL><LI><a href="#[190]">&gt;&gt;</a>&nbsp;&nbsp;&nbsp;fat_jour_prep
<LI><a href="#[18c]">&gt;&gt;</a>&nbsp;&nbsp;&nbsp;fat_jour_init
</UL>

<P><STRONG><a name="[1ac]"></a>lfn_char_cnt</STRONG> (Thumb, 26 bytes, Stack size 0 bytes, fs_fat.o(i.lfn_char_cnt))
<BR><BR>[Called By]<UL><LI><a href="#[1ab]">&gt;&gt;</a>&nbsp;&nbsp;&nbsp;frec_find
</UL>

<P><STRONG><a name="[19e]"></a>link_clus</STRONG> (Thumb, 4 bytes, Stack size 0 bytes, fs_fat.o(i.link_clus))
<BR><BR>[Stack]<UL><LI>Max Depth = 112<LI>Call Chain = link_clus &rArr; alloc_table_write &rArr; cache_fat &rArr; fsj_write &rArr; SetBuf
</UL>
<BR>[Calls]<UL><LI><a href="#[14b]">&gt;&gt;</a>&nbsp;&nbsp;&nbsp;alloc_table_write
</UL>
<BR>[Called By]<UL><LI><a href="#[143]">&gt;&gt;</a>&nbsp;&nbsp;&nbsp;fat_write
<LI><a href="#[140]">&gt;&gt;</a>&nbsp;&nbsp;&nbsp;fat_seek
<LI><a href="#[1a7]">&gt;&gt;</a>&nbsp;&nbsp;&nbsp;frec_allocate
</UL>

<P><STRONG><a name="[1ad]"></a>long_ent_hash</STRONG> (Thumb, 34 bytes, Stack size 32 bytes, fs_fat.o(i.long_ent_hash))
<BR><BR>[Stack]<UL><LI>Max Depth = 44<LI>Call Chain = long_ent_hash &rArr; fat_crc32
</UL>
<BR>[Calls]<UL><LI><a href="#[1d6]">&gt;&gt;</a>&nbsp;&nbsp;&nbsp;fat_crc32
</UL>
<BR>[Called By]<UL><LI><a href="#[1ab]">&gt;&gt;</a>&nbsp;&nbsp;&nbsp;frec_find
</UL>

<P><STRONG><a name="[1fa]"></a>name_analyse</STRONG> (Thumb, 176 bytes, Stack size 40 bytes, fs_fat.o(i.name_analyse))
<BR><BR>[Stack]<UL><LI>Max Depth = 40<LI>Call Chain = name_analyse
</UL>
<BR>[Calls]<UL><LI><a href="#[1fb]">&gt;&gt;</a>&nbsp;&nbsp;&nbsp;char_validate
</UL>
<BR>[Called By]<UL><LI><a href="#[19a]">&gt;&gt;</a>&nbsp;&nbsp;&nbsp;path_open
<LI><a href="#[19d]">&gt;&gt;</a>&nbsp;&nbsp;&nbsp;path_create
</UL>

<P><STRONG><a name="[1fc]"></a>name_basis_gen</STRONG> (Thumb, 180 bytes, Stack size 40 bytes, fs_fat.o(i.name_basis_gen))
<BR><BR>[Stack]<UL><LI>Max Depth = 40<LI>Call Chain = name_basis_gen
</UL>
<BR>[Calls]<UL><LI><a href="#[1fb]">&gt;&gt;</a>&nbsp;&nbsp;&nbsp;char_validate
</UL>
<BR>[Called By]<UL><LI><a href="#[19d]">&gt;&gt;</a>&nbsp;&nbsp;&nbsp;path_create
</UL>

<P><STRONG><a name="[1b3]"></a>name_hash</STRONG> (Thumb, 8 bytes, Stack size 0 bytes, fs_fat.o(i.name_hash))
<BR><BR>[Stack]<UL><LI>Max Depth = 12<LI>Call Chain = name_hash &rArr; fat_crc32
</UL>
<BR>[Calls]<UL><LI><a href="#[1d6]">&gt;&gt;</a>&nbsp;&nbsp;&nbsp;fat_crc32
</UL>
<BR>[Called By]<UL><LI><a href="#[19d]">&gt;&gt;</a>&nbsp;&nbsp;&nbsp;path_create
<LI><a href="#[1b2]">&gt;&gt;</a>&nbsp;&nbsp;&nbsp;frec_find_elink
</UL>

<P><STRONG><a name="[241]"></a>name_nt_gen</STRONG> (Thumb, 288 bytes, Stack size 24 bytes, fs_fat.o(i.name_nt_gen))
<BR><BR>[Stack]<UL><LI>Max Depth = 24<LI>Call Chain = name_nt_gen
</UL>
<BR>[Called By]<UL><LI><a href="#[19d]">&gt;&gt;</a>&nbsp;&nbsp;&nbsp;path_create
</UL>

<P><STRONG><a name="[240]"></a>name_strip</STRONG> (Thumb, 82 bytes, Stack size 12 bytes, fs_fat.o(i.name_strip))
<BR><BR>[Stack]<UL><LI>Max Depth = 12<LI>Call Chain = name_strip
</UL>
<BR>[Called By]<UL><LI><a href="#[19a]">&gt;&gt;</a>&nbsp;&nbsp;&nbsp;path_open
<LI><a href="#[19d]">&gt;&gt;</a>&nbsp;&nbsp;&nbsp;path_create
</UL>

<P><STRONG><a name="[1fd]"></a>name_validate</STRONG> (Thumb, 30 bytes, Stack size 16 bytes, fs_fat.o(i.name_validate))
<BR><BR>[Stack]<UL><LI>Max Depth = 16<LI>Call Chain = name_validate
</UL>
<BR>[Calls]<UL><LI><a href="#[1fb]">&gt;&gt;</a>&nbsp;&nbsp;&nbsp;char_validate
</UL>
<BR>[Called By]<UL><LI><a href="#[198]">&gt;&gt;</a>&nbsp;&nbsp;&nbsp;path_validate
</UL>

<P><STRONG><a name="[19d]"></a>path_create</STRONG> (Thumb, 558 bytes, Stack size 144 bytes, fs_fat.o(i.path_create))
<BR><BR>[Stack]<UL><LI>Max Depth = 392<LI>Call Chain = path_create &rArr; frec_find &rArr; entry_pos_inc &rArr; alloc_table_read &rArr; cache_fat &rArr; fsj_write &rArr; SetBuf
</UL>
<BR>[Calls]<UL><LI><a href="#[1b1]">&gt;&gt;</a>&nbsp;&nbsp;&nbsp;elink_insert
<LI><a href="#[242]">&gt;&gt;</a>&nbsp;&nbsp;&nbsp;elink_dir
<LI><a href="#[1a8]">&gt;&gt;</a>&nbsp;&nbsp;&nbsp;elink_cmd
<LI><a href="#[1ae]">&gt;&gt;</a>&nbsp;&nbsp;&nbsp;sn_chksum
<LI><a href="#[1b0]">&gt;&gt;</a>&nbsp;&nbsp;&nbsp;short_ent_hash
<LI><a href="#[240]">&gt;&gt;</a>&nbsp;&nbsp;&nbsp;name_strip
<LI><a href="#[241]">&gt;&gt;</a>&nbsp;&nbsp;&nbsp;name_nt_gen
<LI><a href="#[1b3]">&gt;&gt;</a>&nbsp;&nbsp;&nbsp;name_hash
<LI><a href="#[1fc]">&gt;&gt;</a>&nbsp;&nbsp;&nbsp;name_basis_gen
<LI><a href="#[1fa]">&gt;&gt;</a>&nbsp;&nbsp;&nbsp;name_analyse
<LI><a href="#[1b2]">&gt;&gt;</a>&nbsp;&nbsp;&nbsp;frec_find_elink
<LI><a href="#[1ab]">&gt;&gt;</a>&nbsp;&nbsp;&nbsp;frec_find
<LI><a href="#[1a7]">&gt;&gt;</a>&nbsp;&nbsp;&nbsp;frec_allocate
<LI><a href="#[168]">&gt;&gt;</a>&nbsp;&nbsp;&nbsp;create_sfn_entry
<LI><a href="#[166]">&gt;&gt;</a>&nbsp;&nbsp;&nbsp;create_lfn_entry
<LI><a href="#[160]">&gt;&gt;</a>&nbsp;&nbsp;&nbsp;create_dot_entries
<LI><a href="#[15c]">&gt;&gt;</a>&nbsp;&nbsp;&nbsp;clear_clus
<LI><a href="#[14d]">&gt;&gt;</a>&nbsp;&nbsp;&nbsp;cache_fat
<LI><a href="#[148]">&gt;&gt;</a>&nbsp;&nbsp;&nbsp;alloc_clus
<LI><a href="#[e2]">&gt;&gt;</a>&nbsp;&nbsp;&nbsp;__aeabi_memcpy4
<LI><a href="#[19f]">&gt;&gt;</a>&nbsp;&nbsp;&nbsp;__aeabi_memcpy
<LI><a href="#[12f]">&gt;&gt;</a>&nbsp;&nbsp;&nbsp;strlen
</UL>
<BR>[Called By]<UL><LI><a href="#[13c]">&gt;&gt;</a>&nbsp;&nbsp;&nbsp;fat_open
</UL>

<P><STRONG><a name="[199]"></a>path_init</STRONG> (Thumb, 50 bytes, Stack size 16 bytes, fs_fat.o(i.path_init))
<BR><BR>[Stack]<UL><LI>Max Depth = 16<LI>Call Chain = path_init
</UL>
<BR>[Calls]<UL><LI><a href="#[242]">&gt;&gt;</a>&nbsp;&nbsp;&nbsp;elink_dir
<LI><a href="#[197]">&gt;&gt;</a>&nbsp;&nbsp;&nbsp;get_root_clus
</UL>
<BR>[Called By]<UL><LI><a href="#[13c]">&gt;&gt;</a>&nbsp;&nbsp;&nbsp;fat_open
</UL>

<P><STRONG><a name="[19a]"></a>path_open</STRONG> (Thumb, 166 bytes, Stack size 24 bytes, fs_fat.o(i.path_open))
<BR><BR>[Stack]<UL><LI>Max Depth = 272<LI>Call Chain = path_open &rArr; frec_find &rArr; entry_pos_inc &rArr; alloc_table_read &rArr; cache_fat &rArr; fsj_write &rArr; SetBuf
</UL>
<BR>[Calls]<UL><LI><a href="#[242]">&gt;&gt;</a>&nbsp;&nbsp;&nbsp;elink_dir
<LI><a href="#[240]">&gt;&gt;</a>&nbsp;&nbsp;&nbsp;name_strip
<LI><a href="#[1fa]">&gt;&gt;</a>&nbsp;&nbsp;&nbsp;name_analyse
<LI><a href="#[1b2]">&gt;&gt;</a>&nbsp;&nbsp;&nbsp;frec_find_elink
<LI><a href="#[1ab]">&gt;&gt;</a>&nbsp;&nbsp;&nbsp;frec_find
<LI><a href="#[14e]">&gt;&gt;</a>&nbsp;&nbsp;&nbsp;get_u16
</UL>
<BR>[Called By]<UL><LI><a href="#[13c]">&gt;&gt;</a>&nbsp;&nbsp;&nbsp;fat_open
</UL>

<P><STRONG><a name="[198]"></a>path_validate</STRONG> (Thumb, 70 bytes, Stack size 24 bytes, fs_fat.o(i.path_validate))
<BR><BR>[Stack]<UL><LI>Max Depth = 40<LI>Call Chain = path_validate &rArr; name_validate
</UL>
<BR>[Calls]<UL><LI><a href="#[1fd]">&gt;&gt;</a>&nbsp;&nbsp;&nbsp;name_validate
</UL>
<BR>[Called By]<UL><LI><a href="#[13c]">&gt;&gt;</a>&nbsp;&nbsp;&nbsp;fat_open
</UL>

<P><STRONG><a name="[196]"></a>read_cache</STRONG> (Thumb, 122 bytes, Stack size 16 bytes, fs_fat.o(i.read_cache))
<BR><BR>[Stack]<UL><LI>Max Depth = 32<LI>Call Chain = read_cache &rArr; read_sector
</UL>
<BR>[Calls]<UL><LI><a href="#[15a]">&gt;&gt;</a>&nbsp;&nbsp;&nbsp;read_sector
<LI><a href="#[19f]">&gt;&gt;</a>&nbsp;&nbsp;&nbsp;__aeabi_memcpy
</UL>
<BR>[Called By]<UL><LI><a href="#[193]">&gt;&gt;</a>&nbsp;&nbsp;&nbsp;fat_mount
</UL>

<P><STRONG><a name="[15a]"></a>read_sector</STRONG> (Thumb, 82 bytes, Stack size 16 bytes, fs_fat.o(i.read_sector))
<BR><BR>[Stack]<UL><LI>Max Depth = 16<LI>Call Chain = read_sector
</UL>
<BR>[Calls]<UL><LI><a href="#[19f]">&gt;&gt;</a>&nbsp;&nbsp;&nbsp;__aeabi_memcpy
</UL>
<BR>[Called By]<UL><LI><a href="#[143]">&gt;&gt;</a>&nbsp;&nbsp;&nbsp;fat_write
<LI><a href="#[140]">&gt;&gt;</a>&nbsp;&nbsp;&nbsp;fat_seek
<LI><a href="#[193]">&gt;&gt;</a>&nbsp;&nbsp;&nbsp;fat_mount
<LI><a href="#[196]">&gt;&gt;</a>&nbsp;&nbsp;&nbsp;read_cache
<LI><a href="#[1d3]">&gt;&gt;</a>&nbsp;&nbsp;&nbsp;j_find_rsvd
<LI><a href="#[195]">&gt;&gt;</a>&nbsp;&nbsp;&nbsp;fsinfo_read
<LI><a href="#[161]">&gt;&gt;</a>&nbsp;&nbsp;&nbsp;entry_read
<LI><a href="#[159]">&gt;&gt;</a>&nbsp;&nbsp;&nbsp;bs_read
</UL>

<P><STRONG><a name="[1af]"></a>sfn_extract</STRONG> (Thumb, 72 bytes, Stack size 8 bytes, fs_fat.o(i.sfn_extract))
<BR><BR>[Stack]<UL><LI>Max Depth = 8<LI>Call Chain = sfn_extract
</UL>
<BR>[Called By]<UL><LI><a href="#[1b0]">&gt;&gt;</a>&nbsp;&nbsp;&nbsp;short_ent_hash
<LI><a href="#[1ab]">&gt;&gt;</a>&nbsp;&nbsp;&nbsp;frec_find
</UL>

<P><STRONG><a name="[1b0]"></a>short_ent_hash</STRONG> (Thumb, 26 bytes, Stack size 24 bytes, fs_fat.o(i.short_ent_hash))
<BR><BR>[Stack]<UL><LI>Max Depth = 36<LI>Call Chain = short_ent_hash &rArr; fat_crc32
</UL>
<BR>[Calls]<UL><LI><a href="#[1af]">&gt;&gt;</a>&nbsp;&nbsp;&nbsp;sfn_extract
<LI><a href="#[1d6]">&gt;&gt;</a>&nbsp;&nbsp;&nbsp;fat_crc32
</UL>
<BR>[Called By]<UL><LI><a href="#[19d]">&gt;&gt;</a>&nbsp;&nbsp;&nbsp;path_create
<LI><a href="#[1ab]">&gt;&gt;</a>&nbsp;&nbsp;&nbsp;frec_find
</UL>

<P><STRONG><a name="[1ae]"></a>sn_chksum</STRONG> (Thumb, 30 bytes, Stack size 0 bytes, fs_fat.o(i.sn_chksum))
<BR><BR>[Called By]<UL><LI><a href="#[19d]">&gt;&gt;</a>&nbsp;&nbsp;&nbsp;path_create
<LI><a href="#[1ab]">&gt;&gt;</a>&nbsp;&nbsp;&nbsp;frec_find
</UL>

<P><STRONG><a name="[1d4]"></a>switch_fat</STRONG> (Thumb, 58 bytes, Stack size 16 bytes, fs_fat.o(i.switch_fat))
<BR><BR>[Stack]<UL><LI>Max Depth = 96<LI>Call Chain = switch_fat &rArr; cache_fat &rArr; fsj_write &rArr; SetBuf
</UL>
<BR>[Calls]<UL><LI><a href="#[14d]">&gt;&gt;</a>&nbsp;&nbsp;&nbsp;cache_fat
</UL>
<BR>[Called By]<UL><LI><a href="#[18d]">&gt;&gt;</a>&nbsp;&nbsp;&nbsp;j_init_fats
</UL>

<P><STRONG><a name="[19c]"></a>unlink_clus</STRONG> (Thumb, 114 bytes, Stack size 24 bytes, fs_fat.o(i.unlink_clus))
<BR><BR>[Stack]<UL><LI>Max Depth = 136<LI>Call Chain = unlink_clus &rArr; alloc_table_write &rArr; cache_fat &rArr; fsj_write &rArr; SetBuf
</UL>
<BR>[Calls]<UL><LI><a href="#[14a]">&gt;&gt;</a>&nbsp;&nbsp;&nbsp;get_EOC
<LI><a href="#[14b]">&gt;&gt;</a>&nbsp;&nbsp;&nbsp;alloc_table_write
<LI><a href="#[149]">&gt;&gt;</a>&nbsp;&nbsp;&nbsp;alloc_table_read
</UL>
<BR>[Called By]<UL><LI><a href="#[13c]">&gt;&gt;</a>&nbsp;&nbsp;&nbsp;fat_open
</UL>

<P><STRONG><a name="[15e]"></a>write_cache</STRONG> (Thumb, 174 bytes, Stack size 24 bytes, fs_fat.o(i.write_cache))
<BR><BR>[Stack]<UL><LI>Max Depth = 104<LI>Call Chain = write_cache &rArr; write_sector &rArr; fsj_write &rArr; SetBuf
</UL>
<BR>[Calls]<UL><LI><a href="#[169]">&gt;&gt;</a>&nbsp;&nbsp;&nbsp;write_sector
<LI><a href="#[19f]">&gt;&gt;</a>&nbsp;&nbsp;&nbsp;__aeabi_memcpy
</UL>
<BR>[Called By]<UL><LI><a href="#[143]">&gt;&gt;</a>&nbsp;&nbsp;&nbsp;fat_write
<LI><a href="#[140]">&gt;&gt;</a>&nbsp;&nbsp;&nbsp;fat_seek
<LI><a href="#[133]">&gt;&gt;</a>&nbsp;&nbsp;&nbsp;fat_close
<LI><a href="#[189]">&gt;&gt;</a>&nbsp;&nbsp;&nbsp;fsinfo_write
<LI><a href="#[15c]">&gt;&gt;</a>&nbsp;&nbsp;&nbsp;clear_clus
</UL>

<P><STRONG><a name="[169]"></a>write_sector</STRONG> (Thumb, 48 bytes, Stack size 16 bytes, fs_fat.o(i.write_sector))
<BR><BR>[Stack]<UL><LI>Max Depth = 80<LI>Call Chain = write_sector &rArr; fsj_write &rArr; SetBuf
</UL>
<BR>[Calls]<UL><LI><a href="#[15b]">&gt;&gt;</a>&nbsp;&nbsp;&nbsp;fsj_write
</UL>
<BR>[Called By]<UL><LI><a href="#[190]">&gt;&gt;</a>&nbsp;&nbsp;&nbsp;fat_jour_prep
<LI><a href="#[15e]">&gt;&gt;</a>&nbsp;&nbsp;&nbsp;write_cache
<LI><a href="#[165]">&gt;&gt;</a>&nbsp;&nbsp;&nbsp;entry_flush
</UL>

<P><STRONG><a name="[1c0]"></a>ip4_get_chksum</STRONG> (Thumb, 12 bytes, Stack size 0 bytes, net_ip4.o(i.ip4_get_chksum))
<BR><BR>[Stack]<UL><LI>Max Depth = 12<LI>Call Chain = ip4_get_chksum &rArr; net_chksum_buf
</UL>
<BR>[Calls]<UL><LI><a href="#[1c1]">&gt;&gt;</a>&nbsp;&nbsp;&nbsp;net_chksum_buf
</UL>
<BR>[Called By]<UL><LI><a href="#[219]">&gt;&gt;</a>&nbsp;&nbsp;&nbsp;net_ip4_send_frame
<LI><a href="#[177]">&gt;&gt;</a>&nbsp;&nbsp;&nbsp;net_ip4_chk_frame
</UL>

<P><STRONG><a name="[21e]"></a>ip4_get_mtu</STRONG> (Thumb, 40 bytes, Stack size 0 bytes, net_ip4.o(i.ip4_get_mtu))
<BR><BR>[Called By]<UL><LI><a href="#[219]">&gt;&gt;</a>&nbsp;&nbsp;&nbsp;net_ip4_send_frame
<LI><a href="#[177]">&gt;&gt;</a>&nbsp;&nbsp;&nbsp;net_ip4_chk_frame
</UL>

<P><STRONG><a name="[1f6]"></a>mem_lock</STRONG> (Thumb, 8 bytes, Stack size 0 bytes, net_mem.o(i.mem_lock))
<BR><BR>[Calls]<UL><LI><a href="#[1f7]">&gt;&gt;</a>&nbsp;&nbsp;&nbsp;netos_lock
</UL>
<BR>[Called By]<UL><LI><a href="#[225]">&gt;&gt;</a>&nbsp;&nbsp;&nbsp;net_mem_shrink
<LI><a href="#[156]">&gt;&gt;</a>&nbsp;&nbsp;&nbsp;net_mem_free
<LI><a href="#[158]">&gt;&gt;</a>&nbsp;&nbsp;&nbsp;net_mem_alloc
</UL>

<P><STRONG><a name="[1f8]"></a>mem_unlock</STRONG> (Thumb, 8 bytes, Stack size 0 bytes, net_mem.o(i.mem_unlock))
<BR><BR>[Calls]<UL><LI><a href="#[1f9]">&gt;&gt;</a>&nbsp;&nbsp;&nbsp;netos_unlock
</UL>
<BR>[Called By]<UL><LI><a href="#[225]">&gt;&gt;</a>&nbsp;&nbsp;&nbsp;net_mem_shrink
<LI><a href="#[156]">&gt;&gt;</a>&nbsp;&nbsp;&nbsp;net_mem_free
<LI><a href="#[158]">&gt;&gt;</a>&nbsp;&nbsp;&nbsp;net_mem_alloc
</UL>

<P><STRONG><a name="[210]"></a>crc32_8bit</STRONG> (Thumb, 34 bytes, Stack size 0 bytes, net_common.o(i.crc32_8bit))
<BR><BR>[Called By]<UL><LI><a href="#[171]">&gt;&gt;</a>&nbsp;&nbsp;&nbsp;net_crc_buf
</UL>

<P><STRONG><a name="[104]"></a>CheckJSect</STRONG> (Thumb, 80 bytes, Stack size 16 bytes, fs_journal.o(i.CheckJSect))
<BR><BR>[Stack]<UL><LI>Max Depth = 16<LI>Call Chain = CheckJSect
</UL>
<BR>[Calls]<UL><LI><a href="#[105]">&gt;&gt;</a>&nbsp;&nbsp;&nbsp;get_u32
</UL>
<BR>[Called By]<UL><LI><a href="#[106]">&gt;&gt;</a>&nbsp;&nbsp;&nbsp;CheckJourn
</UL>

<P><STRONG><a name="[106]"></a>CheckJourn</STRONG> (Thumb, 220 bytes, Stack size 56 bytes, fs_journal.o(i.CheckJourn))
<BR><BR>[Stack]<UL><LI>Max Depth = 72<LI>Call Chain = CheckJourn &rArr; CheckJSect
</UL>
<BR>[Calls]<UL><LI><a href="#[107]">&gt;&gt;</a>&nbsp;&nbsp;&nbsp;__aeabi_memclr
<LI><a href="#[104]">&gt;&gt;</a>&nbsp;&nbsp;&nbsp;CheckJSect
</UL>
<BR>[Called By]<UL><LI><a href="#[18f]">&gt;&gt;</a>&nbsp;&nbsp;&nbsp;fsj_init
</UL>

<P><STRONG><a name="[12a]"></a>SetBuf</STRONG> (Thumb, 106 bytes, Stack size 24 bytes, fs_journal.o(i.SetBuf))
<BR><BR>[Stack]<UL><LI>Max Depth = 24<LI>Call Chain = SetBuf
</UL>
<BR>[Calls]<UL><LI><a href="#[12b]">&gt;&gt;</a>&nbsp;&nbsp;&nbsp;set_u32
<LI><a href="#[107]">&gt;&gt;</a>&nbsp;&nbsp;&nbsp;__aeabi_memclr
</UL>
<BR>[Called By]<UL><LI><a href="#[15b]">&gt;&gt;</a>&nbsp;&nbsp;&nbsp;fsj_write
</UL>

<P><STRONG><a name="[d5]"></a>_freopen_locked</STRONG> (Thumb, 174 bytes, Stack size 32 bytes, fopen_locked.o(.text))
<BR><BR>[Stack]<UL><LI>Max Depth = 544<LI>Call Chain = _freopen_locked &rArr; _sys_open &rArr; __sys_open &rArr; fat_open &rArr; path_create &rArr; frec_find &rArr; entry_pos_inc &rArr; alloc_table_read &rArr; cache_fat &rArr; fsj_write &rArr; SetBuf
</UL>
<BR>[Calls]<UL><LI><a href="#[d7]">&gt;&gt;</a>&nbsp;&nbsp;&nbsp;_sys_open
<LI><a href="#[a8]">&gt;&gt;</a>&nbsp;&nbsp;&nbsp;_mutex_release
<LI><a href="#[a7]">&gt;&gt;</a>&nbsp;&nbsp;&nbsp;_mutex_acquire
<LI><a href="#[d6]">&gt;&gt;</a>&nbsp;&nbsp;&nbsp;_fclose_internal
<LI><a href="#[d8]">&gt;&gt;</a>&nbsp;&nbsp;&nbsp;_fseek
</UL>
<BR>[Called By]<UL><LI><a href="#[da]">&gt;&gt;</a>&nbsp;&nbsp;&nbsp;fopen
<LI><a href="#[d9]">&gt;&gt;</a>&nbsp;&nbsp;&nbsp;freopen
</UL>

<P><STRONG><a name="[e6]"></a>Heap1_SizeAdjust</STRONG> (Thumb, 8 bytes, Stack size 0 bytes, h1_alloc_mt.o(.text))
<BR><BR>[Called By]<UL><LI><a href="#[e5]">&gt;&gt;</a>&nbsp;&nbsp;&nbsp;_malloc_internal
</UL>

<P><STRONG><a name="[3d]"></a>_printf_input_char</STRONG> (Thumb, 10 bytes, Stack size 0 bytes, _printf_char_common.o(.text))
<BR>[Address Reference Count : 1]<UL><LI> _printf_char_common.o(.text)
</UL>
<P><STRONG><a name="[3e]"></a>_scanf_char_input</STRONG> (Thumb, 12 bytes, Stack size 0 bytes, scanf_char.o(.text))
<BR>[Address Reference Count : 1]<UL><LI> scanf_char.o(.text)
</UL><P>
<H3>
Undefined Global Symbols
</H3><HR></body></html>
