Component: ARM Compiler 5.06 update 7 (build 960) Tool: armlink [4d3601]

==============================================================================

Section Cross References

    main.o(i._Z11tcp_cb_funci12netTCP_EventPK8net_addrPKhj) refers to memcmp.o(.text) for memcmp
    main.o(i._Z11tcp_cb_funci12netTCP_EventPK8net_addrPKhj) refers to main.o(.data) for c
    main.o(i._Z15MAIN_Task_BlinkPKv) refers to gpio_lpc17xx.o(i.GPIO_SetDir) for GPIO_SetDir
    main.o(i._Z15MAIN_Task_BlinkPKv) refers to gpio_lpc17xx.o(i.GPIO_PinWrite) for GPIO_PinWrite
    main.o(i._Z15MAIN_Task_BlinkPKv) refers to rt_cmsis.o(i.osDelay) for osDelay
    main.o(i._Z15MAIN_Task_BlinkPKv) refers to net_tcp.o(i.netTCP_SendReady) for netTCP_SendReady
    main.o(i._Z15MAIN_Task_BlinkPKv) refers to net_tcp.o(i.netTCP_GetBuffer) for netTCP_GetBuffer
    main.o(i._Z15MAIN_Task_BlinkPKv) refers to __2sprintf.o(.text) for __2sprintf
    main.o(i._Z15MAIN_Task_BlinkPKv) refers to strlen.o(.text) for strlen
    main.o(i._Z15MAIN_Task_BlinkPKv) refers to net_tcp.o(i.netTCP_Send) for netTCP_Send
    main.o(i._Z15MAIN_Task_BlinkPKv) refers to main.o(.data) for c
    main.o(i.main) refers to gpio_lpc17xx.o(i.GPIO_PortClock) for GPIO_PortClock
    main.o(i.main) refers to rt_cmsis.o(i.osKernelInitialize) for osKernelInitialize
    main.o(i.main) refers to rt_cmsis.o(i.osKernelStart) for osKernelStart
    main.o(i.main) refers to gpio_lpc17xx.o(i.GPIO_SetDir) for GPIO_SetDir
    main.o(i.main) refers to gpio_lpc17xx.o(i.GPIO_PinWrite) for GPIO_PinWrite
    main.o(i.main) refers to rt_cmsis.o(i.osDelay) for osDelay
    main.o(i.main) refers to fs_mapi.o(i.finit) for finit
    main.o(i.main) refers to fs_mapi.o(i.fmount) for fmount
    main.o(i.main) refers to fopen_locked.o(.text) for fopen
    main.o(i.main) refers to rt_cmsis.o(i.osThreadCreate) for osThreadCreate
    main.o(i.main) refers to main.o(i._Z15MAIN_Task_BlinkPKv) for MAIN_Task_Blink(const void*)
    main.o(.ARM.exidx) refers to main.o(i._Z11tcp_cb_funci12netTCP_EventPK8net_addrPKhj) for i._Z11tcp_cb_funci12netTCP_EventPK8net_addrPKhj
    main.o(.ARM.exidx) refers to main.o(i._Z15MAIN_Task_BlinkPKv) for i._Z15MAIN_Task_BlinkPKv
    main.o(.ARM.exidx) refers to main.o(i.main) for i.main
    rtx_conf_cm.o(.emb_text) refers to rt_cmsis.o(i.osKernelInitialize) for osKernelInitialize
    rtx_conf_cm.o(.emb_text) refers to rt_cmsis.o(i.osThreadCreate) for osThreadCreate
    rtx_conf_cm.o(.emb_text) refers to rt_cmsis.o(i.osKernelStart) for osKernelStart
    rtx_conf_cm.o(.emb_text) refers to exit.o(.text) for exit
    rtx_conf_cm.o(.emb_text) refers to rtx_conf_cm.o(.constdata) for os_thread_def_main
    rtx_conf_cm.o(i.__user_perthread_libspace) refers to rt_task.o(i.rt_tsk_self) for rt_tsk_self
    rtx_conf_cm.o(i.__user_perthread_libspace) refers to rt_cmsis.o(.data) for os_running
    rtx_conf_cm.o(i.__user_perthread_libspace) refers to rtx_conf_cm.o(.bss) for .bss
    rtx_conf_cm.o(i.__user_perthread_libspace) refers to libspace.o(.bss) for __libspace_start
    rtx_conf_cm.o(i._mutex_acquire) refers to rt_cmsis.o(.data) for os_running
    rtx_conf_cm.o(i._mutex_acquire) refers to rt_mutex.o(i.rt_mut_wait) for rt_mut_wait
    rtx_conf_cm.o(i._mutex_initialize) refers to rt_mutex.o(i.rt_mut_init) for rt_mut_init
    rtx_conf_cm.o(i._mutex_initialize) refers to rtx_conf_cm.o(.data) for .data
    rtx_conf_cm.o(i._mutex_initialize) refers to rtx_conf_cm.o(.bss) for .bss
    rtx_conf_cm.o(i._mutex_release) refers to rt_cmsis.o(.data) for os_running
    rtx_conf_cm.o(i._mutex_release) refers to rt_mutex.o(i.rt_mut_release) for rt_mut_release
    rtx_conf_cm.o(.constdata) refers to rt_cmsis.o(i.osTimerThread) for osTimerThread
    rtx_conf_cm.o(.constdata) refers to rtx_conf_cm.o(.bss) for os_messageQ_q_osTimerMessageQ
    rtx_conf_cm.o(.constdata) refers to main.o(i.main) for main
    phy_dp83848c.o(i.GetLinkInfo) refers to phy_dp83848c.o(.bss) for PHY
    phy_dp83848c.o(i.GetLinkState) refers to phy_dp83848c.o(.bss) for PHY
    phy_dp83848c.o(i.GetVersion) refers to phy_dp83848c.o(.constdata) for DriverVersion
    phy_dp83848c.o(i.Initialize) refers to phy_dp83848c.o(.bss) for PHY
    phy_dp83848c.o(i.PowerControl) refers to phy_dp83848c.o(.bss) for PHY
    phy_dp83848c.o(i.SetInterface) refers to phy_dp83848c.o(.bss) for PHY
    phy_dp83848c.o(i.SetMode) refers to phy_dp83848c.o(.bss) for PHY
    phy_dp83848c.o(i.Uninitialize) refers to phy_dp83848c.o(.bss) for PHY
    phy_dp83848c.o(.constdata) refers to phy_dp83848c.o(i.GetVersion) for GetVersion
    phy_dp83848c.o(.constdata) refers to phy_dp83848c.o(i.Initialize) for Initialize
    phy_dp83848c.o(.constdata) refers to phy_dp83848c.o(i.Uninitialize) for Uninitialize
    phy_dp83848c.o(.constdata) refers to phy_dp83848c.o(i.PowerControl) for PowerControl
    phy_dp83848c.o(.constdata) refers to phy_dp83848c.o(i.SetInterface) for SetInterface
    phy_dp83848c.o(.constdata) refers to phy_dp83848c.o(i.SetMode) for SetMode
[...]
    c                                        0x10000004   Data           1  main.o(.data)
    fs_ms_rtos_tick                          0x10000008   Data           4  fs_config.o(.data)
    os_initialized                           0x1000000c   Data           1  rt_cmsis.o(.data)
    os_running                               0x1000000d   Data           1  rt_cmsis.o(.data)
    os_timer_head                            0x10000010   Data           4  rt_cmsis.o(.data)
    os_tick_irqn                             0x1000001c   Data           4  rt_system.o(.data)
    os_time                                  0x10000020   Data           4  rt_time.o(.data)
    __aeabi_stdin                            0x10000024   Data           4  stdio_streams.o(.data)
    __aeabi_stderr                           0x10000028   Data           4  stdio_streams.o(.data)
    fs_fat_fh                                0x1000002c   Data         144  fs_config.o(.bss)
    fs_efs_fh                                0x100000bc   Data          28  fs_config.o(.bss)
    osThreadId_osTimerThread                 0x2007c000   Data           4  rtx_conf_cm.o(.data)
    osMessageQId_osTimerMessageQ             0x2007c004   Data           4  rtx_conf_cm.o(.data)
    os_tmr                                   0x2007c008   Data           4  rtx_conf_cm.o(.data)
    m_tmr                                    0x2007c00c   Data           4  rtx_conf_cm.o(.data)
    iap_entry                                0x2007c028   Data           4  emac_lpc17xx.o(.data)
    SystemCoreClock                          0x2007c03c   Data           4  system_lpc17xx.o(.data)
    os_tsk                                   0x2007c054   Data           8  rt_task.o(.data)
    dbg_msg                                  0x2007c068   Data           1  hal_cm.o(.data)
    _stream_list_lock                        0x2007c074   Data           4  streamlock.o(.data)
    __aeabi_stdout                           0x2007c078   Data           4  stdio_streams.o(.data)
    mp_tcb                                   0x2007c080   Data         376  rtx_conf_cm.o(.bss)
    mp_stk                                   0x2007c1f8   Data         216  rtx_conf_cm.o(.bss)
    os_stack_mem                             0x2007c2d0   Data        5392  rtx_conf_cm.o(.bss)
    os_fifo                                  0x2007d7e0   Data          68  rtx_conf_cm.o(.bss)
    os_active_TCB                            0x2007d824   Data          28  rtx_conf_cm.o(.bss)
    os_messageQ_q_osTimerMessageQ            0x2007d840   Data          32  rtx_conf_cm.o(.bss)
    os_idle_TCB                              0x200806d0   Data          52  rt_task.o(.bss)
    net_eth0_if_control                      0x20080704   Data         160  net_eth.o(.bss)
    net_eth0_arp_control                     0x200807a4   Data          24  net_arp.o(.bss)
    net_ping_control                         0x200807bc   Data          32  net_ping_core.o(.bss)
    net_sys_control                          0x200807ec   Data          28  net_sys.o(.bss)
    os_rdy                                   0x20080814   Data          24  rt_list.o(.bss)
    os_dly                                   0x2008082c   Data          24  rt_list.o(.bss)
    __libspace_start                         0x20080858   Data          96  libspace.o(.bss)
    __stdin                                  0x200808b8   Data          84  stdio_streams.o(.bss)
    __temporary_stack_top$libspace           0x200808b8   Data           0  libspace.o(.bss)
    __stdout                                 0x2008090c   Data          84  stdio_streams.o(.bss)
    __stderr                                 0x20080960   Data          84  stdio_streams.o(.bss)



==============================================================================

Memory Map of the image

  Image Entry point : 0x000000cd

  Load Region LR_IROM1 (Base: 0x00000000, Size: 0x0000cbc8, Max: 0x00080000, ABSOLUTE)

    Execution Region ER_IROM1 (Exec base: 0x00000000, Load base: 0x00000000, Size: 0x0000cb20, Max: 0x00080000, ABSOLUTE)

    Exec Addr    Load Addr    Size         Type   Attr      Idx    E Section Name        Object

    0x00000000   0x00000000   0x000000cc   Data   RO          893    RESET               startup_lpc17xx.o
    0x000000cc   0x000000cc   0x00000008   Code   RO         3798  * !!!main             c_w.l(__main.o)
    0x000000d4   0x000000d4   0x00000034   Code   RO         4126    !!!scatter          c_w.l(__scatter.o)
    0x00000108   0x00000108   0x0000001a   Code   RO         4128    !!handler_copy      c_w.l(__scatter_copy.o)
    0x00000122   0x00000122   0x00000002   PAD
    0x00000124   0x00000124   0x0000001c   Code   RO         4130    !!handler_zi        c_w.l(__scatter_zi.o)
    0x00000140   0x00000140   0x00000000   Code   RO         3763    .ARM.Collect$$_printf_percent$$00000000  c_w.l(_printf_percent.o)
    0x00000140   0x00000140   0x00000004   Code   RO         3871    .ARM.Collect$$_printf_percent$$00000017  c_w.l(_printf_percent_end.o)
    0x00000144   0x00000144   0x00000002   Code   RO         4060    .ARM.Collect$$libinit$$00000000  c_w.l(libinit.o)
    0x00000146   0x00000146   0x00000000   Code   RO         3965    .ARM.Collect$$libinit$$00000002  c_w.l(libinit2.o)
    0x00000146   0x00000146   0x00000000   Code   RO         3967    .ARM.Collect$$libinit$$00000004  c_w.l(libinit2.o)
    0x00000146   0x00000146   0x00000008   Code   RO         3968    .ARM.Collect$$libinit$$00000005  c_w.l(libinit2.o)
    0x0000014e   0x0000014e   0x00000000   Code   RO         3970    .ARM.Collect$$libinit$$0000000A  c_w.l(libinit2.o)
    0x0000014e   0x0000014e   0x00000000   Code   RO         3972    .ARM.Collect$$libinit$$0000000C  c_w.l(libinit2.o)
    0x0000014e   0x0000014e   0x00000000   Code   RO         3974    .ARM.Collect$$libinit$$0000000E  c_w.l(libinit2.o)
    0x0000014e   0x0000014e   0x00000006   Code   RO         3975    .ARM.Collect$$libinit$$0000000F  c_w.l(libinit2.o)
    0x00000154   0x00000154   0x00000000   Code   RO         3977    .ARM.Collect$$libinit$$00000011  c_w.l(libinit2.o)
    0x00000154   0x00000154   0x0000000c   Code   RO         3978    .ARM.Collect$$libinit$$00000012  c_w.l(libinit2.o)
    0x00000160   0x00000160   0x00000000   Code   RO         3979    .ARM.Collect$$libinit$$00000013  c_w.l(libinit2.o)
    0x00000160   0x00000160   0x00000000   Code   RO         3981    .ARM.Collect$$libinit$$00000015  c_w.l(libinit2.o)
    0x00000160   0x00000160   0x00000000   Code   RO         3983    .ARM.Collect$$libinit$$00000017  c_w.l(libinit2.o)
    0x00000160   0x00000160   0x00000000   Code   RO         3985    .ARM.Collect$$libinit$$00000019  c_w.l(libinit2.o)
    0x00000160   0x00000160   0x00000000   Code   RO         3987    .ARM.Collect$$libinit$$0000001B  c_w.l(libinit2.o)
    0x00000160   0x00000160   0x00000000   Code   RO         3989    .ARM.Collect$$libinit$$0000001D  c_w.l(libinit2.o)
    0x00000160   0x00000160   0x00000000   Code   RO         3991    .ARM.Collect$$libinit$$0000001F  c_w.l(libinit2.o)
    0x00000160   0x00000160   0x00000000   Code   RO         3993    .ARM.Collect$$libinit$$00000021  c_w.l(libinit2.o)
    0x00000160   0x00000160   0x00000000   Code   RO         3995    .ARM.Collect$$libinit$$00000023  c_w.l(libinit2.o)
    0x00000160   0x00000160   0x00000004   Code   RO         3996    .ARM.Collect$$libinit$$00000024  c_w.l(libinit2.o)
    0x00000164   0x00000164   0x00000000   Code   RO         3997    .ARM.Collect$$libinit$$00000025  c_w.l(libinit2.o)
    0x00000164   0x00000164   0x00000000   Code   RO         4001    .ARM.Collect$$libinit$$0000002C  c_w.l(libinit2.o)
    0x00000164   0x00000164   0x00000000   Code   RO         4003    .ARM.Collect$$libinit$$0000002E  c_w.l(libinit2.o)
    0x00000164   0x00000164   0x00000000   Code   RO         4005    .ARM.Collect$$libinit$$00000030  c_w.l(libinit2.o)
    0x00000164   0x00000164   0x00000000   Code   RO         4007    .ARM.Collect$$libinit$$00000032  c_w.l(libinit2.o)
    0x00000164   0x00000164   0x00000002   Code   RO         4008    .ARM.Collect$$libinit$$00000033  c_w.l(libinit2.o)
    0x00000166   0x00000166   0x00000002   Code   RO         4061    .ARM.Collect$$libshutdown$$00000000  c_w.l(libshutdown.o)
    0x00000168   0x00000168   0x00000000   Code   RO         4063    .ARM.Collect$$libshutdown$$00000002  c_w.l(libshutdown2.o)
    0x00000168   0x00000168   0x00000000   Code   RO         4065    .ARM.Collect$$libshutdown$$00000004  c_w.l(libshutdown2.o)
    0x00000168   0x00000168   0x00000004   Code   RO         4066    .ARM.Collect$$libshutdown$$00000005  c_w.l(libshutdown2.o)
    0x0000016c   0x0000016c   0x00000000   Code   RO         4067    .ARM.Collect$$libshutdown$$00000006  c_w.l(libshutdown2.o)
    0x0000016c   0x0000016c   0x00000000   Code   RO         4070    .ARM.Collect$$libshutdown$$00000009  c_w.l(libshutdown2.o)
    0x0000016c   0x0000016c   0x00000000   Code   RO         4073    .ARM.Collect$$libshutdown$$0000000C  c_w.l(libshutdown2.o)
    0x0000016c   0x0000016c   0x00000000   Code   RO         4075    .ARM.Collect$$libshutdown$$0000000E  c_w.l(libshutdown2.o)
    0x0000016c   0x0000016c   0x00000000   Code   RO         4078    .ARM.Collect$$libshutdown$$00000011  c_w.l(libshutdown2.o)
    0x0000016c   0x0000016c   0x00000002   Code   RO         4079    .ARM.Collect$$libshutdown$$00000012  c_w.l(libshutdown2.o)
    0x0000016e   0x0000016e   0x00000000   Code   RO         3800    .ARM.Collect$$rtentry$$00000000  c_w.l(__rtentry.o)
    0x0000016e   0x0000016e   0x00000000   Code   RO         3892    .ARM.Collect$$rtentry$$00000002  c_w.l(__rtentry2.o)
    0x0000016e   0x0000016e   0x00000006   Code   RO         3904    .ARM.Collect$$rtentry$$00000004  c_w.l(__rtentry4.o)
    0x00000174   0x00000174   0x00000000   Code   RO         3894    .ARM.Collect$$rtentry$$00000009  c_w.l(__rtentry2.o)
    0x00000174   0x00000174   0x00000004   Code   RO         3895    .ARM.Collect$$rtentry$$0000000A  c_w.l(__rtentry2.o)
    0x00000178   0x00000178   0x00000008   Code   RO         3896    .ARM.Collect$$rtentry$$0000000B  c_w.l(__rtentry2.o)
    0x00000180   0x00000180   0x00000008   Code   RO         3898    .ARM.Collect$$rtentry$$0000000D  c_w.l(__rtentry2.o)
    0x00000188   0x00000188   0x00000002   Code   RO         3801    .ARM.Collect$$rtexit$$00000000  c_w.l(rtexit.o)
    0x0000018a   0x0000018a   0x00000000   Code   RO         3907    .ARM.Collect$$rtexit$$00000002  c_w.l(rtexit2.o)
    0x0000018a   0x0000018a   0x00000004   Code   RO         3908    .ARM.Collect$$rtexit$$00000003  c_w.l(rtexit2.o)
    0x0000018e   0x0000018e   0x00000006   Code   RO         3909    .ARM.Collect$$rtexit$$00000004  c_w.l(rtexit2.o)
    0x00000194   0x00000194   0x0000001c   Code   RO          105    .emb_text           rtx_conf_cm.o
    0x000001b0   0x000001b0   0x00000130   Code   RO         3150    .emb_text           RTX_CM3.lib(hal_cm3.o)
    0x000002e0   0x000002e0   0x00000000   Code   RO         4024    .emb_text           c_w.l(maybetermalloc1.o)
    0x000002e0   0x000002e0   0x00000008   Code   RO         3698    .text               c_w.l(libspace.o)
    0x000002e8   0x000002e8   0x00000004   Code   RO         3706    .text               c_w.l(rt_errno_addr_twolibspace.o)
    0x000002ec   0x000002ec   0x00000006   Code   RO         3796    .text               c_w.l(heapauxi.o)
    0x000002f2   0x000002f2   0x0000000a   Code   RO         3869    .text               c_w.l(_sputc.o)
    0x000002fc   0x000002fc   0x00000004   Code   RO          894    .ARM.__at_0x02FC    startup_lpc17xx.o
    0x00000300   0x00000300   0x00000040   Code   RO          895    .text               startup_lpc17xx.o
    0x00000340   0x00000340   0x000000ee   Code   RO         3708    .text               c_w.l(lludivv7m.o)
    0x0000042e   0x0000042e   0x00000002   PAD
    0x00000430   0x00000430   0x0000002c   Code   RO         3710    .text               c_w.l(__2sprintf.o)
    0x0000045c   0x0000045c   0x00000138   Code   RO         3753    .text               c_w.l(__printf_flags_wp.o)
    0x00000594   0x00000594   0x0000003c   Code   RO         3764    .text               c_w.l(__0sscanf.o)
    0x000005d0   0x000005d0   0x0000014c   Code   RO         3766    .text               c_w.l(_scanf_int.o)
    0x0000071c   0x0000071c   0x00000144   Code   RO         3774    .text               c_w.l(fopen_locked.o)
    0x00000860   0x00000860   0x00000012   Code   RO         3776    .text               c_w.l(exit.o)
    0x00000872   0x00000872   0x00000058   Code   RO         3778    .text               c_w.l(memcmp.o)
    0x000008ca   0x000008ca   0x00000032   Code   RO         3780    .text               c_w.l(strncasecmp.o)
    0x000008fc   0x000008fc   0x0000003e   Code   RO         3782    .text               c_w.l(strlen.o)
    0x0000093a   0x0000093a   0x0000008a   Code   RO         3784    .text               c_w.l(rt_memcpy_v6.o)
    0x000009c4   0x000009c4   0x00000064   Code   RO         3786    .text               c_w.l(rt_memcpy_w.o)
    0x00000a28   0x00000a28   0x00000044   Code   RO         3790    .text               c_w.l(rt_memclr.o)
    0x00000a6c   0x00000a6c   0x0000004e   Code   RO         3792    .text               c_w.l(rt_memclr_w.o)
    0x00000aba   0x00000aba   0x00000002   PAD
    0x00000abc   0x00000abc   0x00000080   Code   RO         3794    .text               c_w.l(strcmpv7m.o)
    0x00000b3c   0x00000b3c   0x0000009e   Code   RO         3811    .text               c_w.l(h1_alloc_mt.o)
    0x00000bda   0x00000bda   0x0000001a   Code   RO         3863    .text               c_w.l(tolower.o)
    0x00000bf4   0x00000bf4   0x00000030   Code   RO         3867    .text               c_w.l(_printf_char_common.o)
    0x00000c24   0x00000c24   0x0000001c   Code   RO         3872    .text               c_w.l(_chval.o)
    0x00000c40   0x00000c40   0x0000002c   Code   RO         3874    .text               c_w.l(scanf_char.o)
    0x00000c6c   0x00000c6c   0x00000040   Code   RO         3876    .text               c_w.l(_sgetc.o)
    0x00000cac   0x00000cac   0x000000f8   Code   RO         3878    .text               c_w.l(fseek.o)
    0x00000da4   0x00000da4   0x000000f0   Code   RO         3880    .text               c_w.l(stdio.o)
    0x00000e94   0x00000e94   0x0000004c   Code   RO         3889    .text               c_w.l(fclose.o)
    0x00000ee0   0x00000ee0   0x00000010   Code   RO         3913    .text               c_w.l(rt_ctype_table.o)
    0x00000ef0   0x00000ef0   0x0000000a   Code   RO         3922    .text               c_w.l(rt_heap_descriptor_twolibspace.o)
    0x00000efa   0x00000efa   0x00000004   Code   RO         3924    .text               c_w.l(hguard.o)
    0x00000efe   0x00000efe   0x0000008a   Code   RO         3926    .text               c_w.l(init_alloc.o)
    0x00000f88   0x00000f88   0x00000012   Code   RO         3936    .text               c_w.l(h1_init_mt.o)
    0x00000f9a   0x00000f9a   0x00000076   Code   RO         3938    .text               c_w.l(h1_free_mt.o)
    0x00001010   0x00001010   0x00000012   Code   RO         3950    .text               c_w.l(isspace.o)
    0x00001022   0x00001022   0x00000002   PAD
    0x00001024   0x00001024   0x00000374   Code   RO         3954    .text               c_w.l(_scanf.o)
    0x00001398   0x00001398   0x00000042   Code   RO         3956    .text               c_w.l(ftell.o)
    0x000013da   0x000013da   0x00000002   PAD
    0x000013dc   0x000013dc   0x000001c8   Code   RO         3960    .text               c_w.l(initio_locked.o)
    0x000015a4   0x000015a4   0x0000000c   Code   RO         4011    .text               c_w.l(sys_exit.o)
    0x000015b0   0x000015b0   0x0000004a   Code   RO         4013    .text               c_w.l(sys_stackheap_outer.o)
    0x000015fa   0x000015fa   0x0000000a   Code   RO         4020    .text               c_w.l(rt_locale_twolibspace.o)
    0x00001604   0x00001604   0x0000003e   Code   RO         4028    .text               c_w.l(h1_extend_mt.o)
    0x00001642   0x00001642   0x00000068   Code   RO         4032    .text               c_w.l(setvbuf_locked.o)
    0x000016aa   0x000016aa   0x0000000e   Code   RO         4041    .text               c_w.l(defsig_rtred_outer.o)
    0x000016b8   0x000016b8   0x0000000e   Code   RO         4045    .text               c_w.l(defsig_rtmem_outer.o)
    0x000016c6   0x000016c6   0x00000002   Code   RO         4082    .text               c_w.l(use_no_semi.o)
    0x000016c8   0x000016c8   0x00000000   Code   RO         4084    .text               c_w.l(indicate_semi.o)
    0x000016c8   0x000016c8   0x0000000a   Code   RO         4089    .text               c_w.l(defsig_exit.o)
    0x000016d2   0x000016d2   0x00000002   PAD
    0x000016d4   0x000016d4   0x00000034   Code   RO         4093    .text               c_w.l(defsig_rtred_inner.o)
    0x00001708   0x00001708   0x00000050   Code   RO         4095    .text               c_w.l(defsig_rtmem_inner.o)
    0x00001758   0x00001758   0x00000032   Code   RO         4107    .text               c_w.l(defsig_general.o)
    0x0000178a   0x0000178a   0x0000000e   Code   RO         4109    .text               c_w.l(sys_wrch.o)
    0x00001798   0x00001798   0x00000004   Code   RO         3655    SVC_TABLE           RTX_CM3.lib(svc_table.o)
    0x0000179c   0x0000179c   0x00000054   Code   RO         3661    i.CheckJSect        FS_LFN_CM3_L.lib(fs_journal.o)
    0x000017f0   0x000017f0   0x000000dc   Code   RO         3662    i.CheckJourn        FS_LFN_CM3_L.lib(fs_journal.o)
    0x000018cc   0x000018cc   0x00000020   Code   RO          710    i.Clear_Channel_active_flag  gpdma_lpc17xx.o
    0x000018ec   0x000018ec   0x00000198   Code   RO          250    i.Control           emac_lpc17xx.o
    0x00001a84   0x00001a84   0x00000008   Code   RO          251    i.ControlTimer      emac_lpc17xx.o
    0x00001a8c   0x00001a8c   0x00000180   Code   RO          711    i.DMA_IRQHandler    gpdma_lpc17xx.o
    0x00001c0c   0x00001c0c   0x00000048   Code   RO          252    i.ENET_IRQHandler   emac_lpc17xx.o
    0x00001c54   0x00001c54   0x000000f4   Code   RO          712    i.GPDMA_ChannelConfigure  gpdma_lpc17xx.o
    0x00001d48   0x00001d48   0x00000030   Code   RO          713    i.GPDMA_ChannelDisable  gpdma_lpc17xx.o
    0x00001d78   0x00001d78   0x00000030   Code   RO          715    i.GPDMA_ChannelGetCount  gpdma_lpc17xx.o
    0x00001da8   0x00001da8   0x000000b0   Code   RO          717    i.GPDMA_Initialize  gpdma_lpc17xx.o
    0x00001e58   0x00001e58   0x00000044   Code   RO          718    i.GPDMA_PeripheralSelect  gpdma_lpc17xx.o
    0x00001e9c   0x00001e9c   0x00000068   Code   RO          719    i.GPDMA_Uninitialize  gpdma_lpc17xx.o
    0x00001f04   0x00001f04   0x00000028   Code   RO          801    i.GPIO_PinWrite     gpio_lpc17xx.o
    0x00001f2c   0x00001f2c   0x0000002c   Code   RO          802    i.GPIO_PortClock    gpio_lpc17xx.o
    0x00001f58   0x00001f58   0x00000014   Code   RO          803    i.GPIO_PortRead     gpio_lpc17xx.o
    0x00001f6c   0x00001f6c   0x00000038   Code   RO          805    i.GPIO_SetDir       gpio_lpc17xx.o
    0x00001fa4   0x00001fa4   0x0000000c   Code   RO          253    i.GetCapabilities   emac_lpc17xx.o
    0x00001fb0   0x00001fb0   0x00000044   Code   RO          182    i.GetLinkInfo       phy_dp83848c.o
    0x00001ff4   0x00001ff4   0x0000002c   Code   RO          183    i.GetLinkState      phy_dp83848c.o
    0x00002020   0x00002020   0x00000048   Code   RO          254    i.GetMacAddress     emac_lpc17xx.o
    0x00002068   0x00002068   0x00000054   Code   RO          255    i.GetRxFrameSize    emac_lpc17xx.o
    0x000020bc   0x000020bc   0x00000008   Code   RO          256    i.GetRxFrameTime    emac_lpc17xx.o
    0x000020c4   0x000020c4   0x00000044   Code   RO          450    i.GetSSPClockFreq   ssp_lpc17xx.o
    0x00002108   0x00002108   0x00000008   Code   RO          257    i.GetTxFrameTime    emac_lpc17xx.o
    0x00002110   0x00002110   0x00000010   Code   RO          184    i.GetVersion        phy_dp83848c.o
    0x00002120   0x00002120   0x00000010   Code   RO          258    i.GetVersion        emac_lpc17xx.o
    0x00002130   0x00002130   0x00000030   Code   RO          185    i.Initialize        phy_dp83848c.o
    0x00002160   0x00002160   0x00000170   Code   RO          259    i.Initialize        emac_lpc17xx.o
    0x000022d0   0x000022d0   0x0000000c   Code   RO          938    i.MC0_SPI_SignalEvent  fs_config.o
    0x000022dc   0x000022dc   0x000000e8   Code   RO          260    i.PHY_Read          emac_lpc17xx.o
    0x000023c4   0x000023c4   0x000000d8   Code   RO          261    i.PHY_Write         emac_lpc17xx.o
    0x0000249c   0x0000249c   0x000000fc   Code   RO          858    i.PIN_Configure     pin_lpc17xx.o
    0x00002598   0x00002598   0x000000d4   Code   RO          186    i.PowerControl      phy_dp83848c.o
    0x0000266c   0x0000266c   0x00000224   Code   RO          262    i.PowerControl      emac_lpc17xx.o
    0x00002890   0x00002890   0x00000074   Code   RO          263    i.ReadFrame         emac_lpc17xx.o
    0x00002904   0x00002904   0x00000018   Code   RO          451    i.SSP0_Control      ssp_lpc17xx.o
    0x0000291c   0x0000291c   0x00000014   Code   RO          452    i.SSP0_GPDMA_Rx_SignalEvent  ssp_lpc17xx.o
    0x00002930   0x00002930   0x00000014   Code   RO          453    i.SSP0_GPDMA_Tx_SignalEvent  ssp_lpc17xx.o
    0x00002944   0x00002944   0x00000010   Code   RO          454    i.SSP0_GetDataCount  ssp_lpc17xx.o
    0x00002954   0x00002954   0x00000010   Code   RO          455    i.SSP0_GetStatus    ssp_lpc17xx.o
    0x00002964   0x00002964   0x00000010   Code   RO          456    i.SSP0_IRQHandler   ssp_lpc17xx.o
    0x00002974   0x00002974   0x00000014   Code   RO          457    i.SSP0_Initialize   ssp_lpc17xx.o
    0x00002988   0x00002988   0x00000014   Code   RO          458    i.SSP0_PowerControl  ssp_lpc17xx.o
    0x0000299c   0x0000299c   0x00000018   Code   RO          459    i.SSP0_Receive      ssp_lpc17xx.o
    0x000029b4   0x000029b4   0x00000018   Code   RO          460    i.SSP0_Send         ssp_lpc17xx.o
    0x000029cc   0x000029cc   0x0000001c   Code   RO          461    i.SSP0_Transfer     ssp_lpc17xx.o
    0x000029e8   0x000029e8   0x00000010   Code   RO          462    i.SSP0_Uninitialize  ssp_lpc17xx.o
    0x000029f8   0x000029f8   0x0000000c   Code   RO          463    i.SSP_GetCapabilities  ssp_lpc17xx.o
    0x00002a04   0x00002a04   0x00000010   Code   RO          464    i.SSP_GetVersion    ssp_lpc17xx.o
    0x00002a14   0x00002a14   0x0000051e   Code   RO          465    i.SSPx_Control      ssp_lpc17xx.o
    0x00002f32   0x00002f32   0x00000036   Code   RO          466    i.SSPx_GPDMA_Rx_SignalEvent  ssp_lpc17xx.o
    0x00002f68   0x00002f68   0x0000001c   Code   RO          467    i.SSPx_GPDMA_Tx_SignalEvent  ssp_lpc17xx.o
    0x00002f84   0x00002f84   0x0000002c   Code   RO          468    i.SSPx_GetDataCount  ssp_lpc17xx.o
    0x00002fb0   0x00002fb0   0x0000002c   Code   RO          469    i.SSPx_GetStatus    ssp_lpc17xx.o
    0x00002fdc   0x00002fdc   0x00000104   Code   RO          470    i.SSPx_IRQHandler   ssp_lpc17xx.o
    0x000030e0   0x000030e0   0x000000a8   Code   RO          471    i.SSPx_Initialize   ssp_lpc17xx.o
    0x00003188   0x00003188   0x000001b4   Code   RO          472    i.SSPx_PowerControl  ssp_lpc17xx.o
    0x0000333c   0x0000333c   0x0000015c   Code   RO          473    i.SSPx_Receive      ssp_lpc17xx.o
    0x00003498   0x00003498   0x00000154   Code   RO          474    i.SSPx_Send         ssp_lpc17xx.o
    0x000035ec   0x000035ec   0x00000152   Code   RO          475    i.SSPx_Transfer     ssp_lpc17xx.o
    0x0000373e   0x0000373e   0x00000070   Code   RO          476    i.SSPx_Uninitialize  ssp_lpc17xx.o
    0x000037ae   0x000037ae   0x00000002   PAD
    0x000037b0   0x000037b0   0x000000b8   Code   RO          264    i.SendFrame         emac_lpc17xx.o
    0x00003868   0x00003868   0x000000ac   Code   RO          265    i.SetAddressFilter  emac_lpc17xx.o
    0x00003914   0x00003914   0x00000078   Code   RO         3663    i.SetBuf            FS_LFN_CM3_L.lib(fs_journal.o)
    0x0000398c   0x0000398c   0x00000040   Code   RO          187    i.SetInterface      phy_dp83848c.o
    0x000039cc   0x000039cc   0x0000004c   Code   RO          266    i.SetMacAddress     emac_lpc17xx.o
    0x00003a18   0x00003a18   0x00000088   Code   RO          188    i.SetMode           phy_dp83848c.o
    0x00003aa0   0x00003aa0   0x00000038   Code   RO          720    i.Set_Channel_active_flag  gpdma_lpc17xx.o
    0x00003ad8   0x00003ad8   0x00000140   Code   RO          905    i.SystemInit        system_lpc17xx.o
    0x00003c18   0x00003c18   0x00000014   Code   RO          189    i.Uninitialize      phy_dp83848c.o
    0x00003c2c   0x00003c2c   0x00000100   Code   RO          267    i.Uninitialize      emac_lpc17xx.o
    0x00003d2c   0x00003d2c   0x000000c0   Code   RO            5    i._Z15MAIN_Task_BlinkPKv  main.o
    0x00003dec   0x00003dec   0x0000001c   Code   RO          477    i.__NVIC_ClearPendingIRQ  ssp_lpc17xx.o
    0x00003e08   0x00003e08   0x0000001c   Code   RO          721    i.__NVIC_ClearPendingIRQ  gpdma_lpc17xx.o
    0x00003e24   0x00003e24   0x00000070   Code   RO         2346    i.__sys_close       FS_LFN_CM3_L.lib(fs_sys.o)
    0x00003e94   0x00003e94   0x00000070   Code   RO         2348    i.__sys_flen        FS_LFN_CM3_L.lib(fs_sys.o)
    0x00003f04   0x00003f04   0x000000a0   Code   RO         2349    i.__sys_open        FS_LFN_CM3_L.lib(fs_sys.o)
    0x00003fa4   0x00003fa4   0x00000078   Code   RO         2351    i.__sys_seek        FS_LFN_CM3_L.lib(fs_sys.o)
    0x0000401c   0x0000401c   0x00000080   Code   RO         2352    i.__sys_write       FS_LFN_CM3_L.lib(fs_sys.o)
    0x0000409c   0x0000409c   0x0000002c   Code   RO          106    i.__user_perthread_libspace  rtx_conf_cm.o
    0x000040c8   0x000040c8   0x00000046   Code   RO         3049    i._init_box         RTX_CM3.lib(rt_membox.o)
    0x0000410e   0x0000410e   0x0000000e   Code   RO         3751    i._is_digit         c_w.l(__printf_wp.o)
    0x0000411c   0x0000411c   0x00000020   Code   RO          107    i._mutex_acquire    rtx_conf_cm.o
    0x0000413c   0x0000413c   0x0000002c   Code   RO          108    i._mutex_initialize  rtx_conf_cm.o
    0x00004168   0x00004168   0x0000001c   Code   RO          109    i._mutex_release    rtx_conf_cm.o
    0x00004184   0x00004184   0x0000002a   Code   RO          627    i._sys_close        retarget_io.o
    0x000041ae   0x000041ae   0x0000002a   Code   RO          628    i._sys_flen         retarget_io.o
    0x000041d8   0x000041d8   0x00000024   Code   RO          629    i._sys_istty        retarget_io.o
    0x000041fc   0x000041fc   0x0000006c   Code   RO          630    i._sys_open         retarget_io.o
    0x00004268   0x00004268   0x00000034   Code   RO          632    i._sys_seek         retarget_io.o
    0x0000429c   0x0000429c   0x0000003a   Code   RO          633    i._sys_write        retarget_io.o
    0x000042d6   0x000042d6   0x0000006a   Code   RO         3188    i.alloc_clus        FS_LFN_CM3_L.lib(fs_fat.o)
    0x00004340   0x00004340   0x0000009a   Code   RO         3189    i.alloc_table_read  FS_LFN_CM3_L.lib(fs_fat.o)
    0x000043da   0x000043da   0x00000002   PAD
    0x000043dc   0x000043dc   0x000000dc   Code   RO         3190    i.alloc_table_write  FS_LFN_CM3_L.lib(fs_fat.o)
    0x000044b8   0x000044b8   0x0000007a   Code   RO         2422    i.arp_cache_alloc   Net4_CM3_L.lib(net_arp.o)
    0x00004532   0x00004532   0x00000002   PAD
    0x00004534   0x00004534   0x000000f4   Code   RO         2423    i.arp_cache_run     Net4_CM3_L.lib(net_arp.o)
    0x00004628   0x00004628   0x00000038   Code   RO         2424    i.arp_is_cacheable  Net4_CM3_L.lib(net_arp.o)
    0x00004660   0x00004660   0x00000048   Code   RO         2425    i.arp_probe_run     Net4_CM3_L.lib(net_arp.o)
    0x000046a8   0x000046a8   0x000000b0   Code   RO         2427    i.arp_proc_response  Net4_CM3_L.lib(net_arp.o)
    0x00004758   0x00004758   0x0000001a   Code   RO         2428    i.arp_que_free      Net4_CM3_L.lib(net_arp.o)
    0x00004772   0x00004772   0x00000080   Code   RO         2429    i.arp_send_reply    Net4_CM3_L.lib(net_arp.o)
    0x000047f2   0x000047f2   0x00000002   PAD
    0x000047f4   0x000047f4   0x000000a8   Code   RO         2430    i.arp_send_request  Net4_CM3_L.lib(net_arp.o)
    0x0000489c   0x0000489c   0x00000068   Code   RO         2431    i.arp_sender_valid  Net4_CM3_L.lib(net_arp.o)
    0x00004904   0x00004904   0x000000b4   Code   RO         3191    i.bs_read           FS_LFN_CM3_L.lib(fs_fat.o)
    0x000049b8   0x000049b8   0x00000096   Code   RO         3193    i.cache_fat         FS_LFN_CM3_L.lib(fs_fat.o)
    0x00004a4e   0x00004a4e   0x00000060   Code   RO         3194    i.char_validate     FS_LFN_CM3_L.lib(fs_fat.o)
    0x00004aae   0x00004aae   0x00000044   Code   RO         3195    i.clear_clus        FS_LFN_CM3_L.lib(fs_fat.o)
    0x00004af2   0x00004af2   0x00000024   Code   RO         3196    i.clus_to_sect      FS_LFN_CM3_L.lib(fs_fat.o)
    0x00004b16   0x00004b16   0x00000002   PAD
    0x00004b18   0x00004b18   0x00000028   Code   RO         3553    i.crc32_8bit        Net4_CM3_L.lib(net_common.o)
    0x00004b40   0x00004b40   0x00000028   Code   RO          268    i.crc32_8bit_rev    emac_lpc17xx.o
    0x00004b68   0x00004b68   0x00000022   Code   RO          269    i.crc32_data        emac_lpc17xx.o
    0x00004b8a   0x00004b8a   0x00000002   PAD
    0x00004b8c   0x00004b8c   0x000000d4   Code   RO         3197    i.create_dot_entries  FS_LFN_CM3_L.lib(fs_fat.o)
    0x00004c60   0x00004c60   0x000000e4   Code   RO         3198    i.create_lfn_entry  FS_LFN_CM3_L.lib(fs_fat.o)
    0x00004d44   0x00004d44   0x0000008a   Code   RO         3199    i.create_sfn_entry  FS_LFN_CM3_L.lib(fs_fat.o)
    0x00004dce   0x00004dce   0x00000002   PAD
    0x00004dd0   0x00004dd0   0x00000030   Code   RO         3102    i.dbg_init          RTX_CM3.lib(hal_cm.o)
    0x00004e00   0x00004e00   0x00000020   Code   RO         3103    i.dbg_task_notify   RTX_CM3.lib(hal_cm.o)
    0x00004e20   0x00004e20   0x00000010   Code   RO         3104    i.dbg_task_switch   RTX_CM3.lib(hal_cm.o)
    0x00004e30   0x00004e30   0x00000004   Code   RO          941    i.efs_close         fs_config.o
    0x00004e34   0x00004e34   0x00000006   Code   RO          945    i.efs_flen          fs_config.o
    0x00004e3a   0x00004e3a   0x00000006   Code   RO          949    i.efs_handle_get    fs_config.o
    0x00004e40   0x00004e40   0x00000004   Code   RO          951    i.efs_init          fs_config.o
    0x00004e44   0x00004e44   0x00000004   Code   RO          952    i.efs_mount         fs_config.o
    0x00004e48   0x00004e48   0x00000004   Code   RO          953    i.efs_open          fs_config.o
    0x00004e4c   0x00004e4c   0x00000004   Code   RO          956    i.efs_seek          fs_config.o
    0x00004e50   0x00004e50   0x00000006   Code   RO          959    i.efs_write         fs_config.o
    0x00004e56   0x00004e56   0x00000004   Code   RO          960    i.elink_cmd         fs_config.o
    0x00004e5a   0x00004e5a   0x00000004   Code   RO          962    i.elink_dir         fs_config.o
    0x00004e5e   0x00004e5e   0x00000004   Code   RO          963    i.elink_init        fs_config.o
    0x00004e62   0x00004e62   0x00000004   Code   RO          964    i.elink_insert      fs_config.o
    0x00004e66   0x00004e66   0x00000004   Code   RO          965    i.elink_scan        fs_config.o
    0x00004e6a   0x00004e6a   0x00000038   Code   RO         3200    i.entry_flush       FS_LFN_CM3_L.lib(fs_fat.o)
    0x00004ea2   0x00004ea2   0x0000001c   Code   RO         3201    i.entry_pos_comp    FS_LFN_CM3_L.lib(fs_fat.o)
    0x00004ebe   0x00004ebe   0x00000060   Code   RO         3202    i.entry_pos_inc     FS_LFN_CM3_L.lib(fs_fat.o)
    0x00004f1e   0x00004f1e   0x00000044   Code   RO         3203    i.entry_read        FS_LFN_CM3_L.lib(fs_fat.o)
    0x00004f62   0x00004f62   0x0000002e   Code   RO         3204    i.entry_type        FS_LFN_CM3_L.lib(fs_fat.o)
    0x00004f90   0x00004f90   0x0000000c   Code   RO         1234    i.eth0_callback     net_config.o
    0x00004f9c   0x00004f9c   0x0000009a   Code   RO         2366    i.eth_check_link    Net4_CM3_L.lib(net_eth.o)
    0x00005036   0x00005036   0x00000002   PAD
    0x00005038   0x00005038   0x00000020   Code   RO         2367    i.eth_if_map        Net4_CM3_L.lib(net_eth.o)
    0x00005058   0x00005058   0x000001e8   Code   RO         2368    i.eth_iface_init    Net4_CM3_L.lib(net_eth.o)
    0x00005240   0x00005240   0x000001d8   Code   RO         2369    i.eth_iface_run     Net4_CM3_L.lib(net_eth.o)
    0x00005418   0x00005418   0x0000005e   Code   RO         2370    i.eth_iface_uninit  Net4_CM3_L.lib(net_eth.o)
    0x00005476   0x00005476   0x00000008   Code   RO         2371    i.eth_lock          Net4_CM3_L.lib(net_eth.o)
    0x0000547e   0x0000547e   0x0000001c   Code   RO         2372    i.eth_mtu_limit     Net4_CM3_L.lib(net_eth.o)
    0x0000549a   0x0000549a   0x0000002c   Code   RO         2373    i.eth_opt_len       Net4_CM3_L.lib(net_eth.o)
    0x000054c6   0x000054c6   0x00000088   Code   RO         2374    i.eth_receive       Net4_CM3_L.lib(net_eth.o)
    0x0000554e   0x0000554e   0x00000004   Code   RO         1235    i.eth_thread        net_config.o
    0x00005552   0x00005552   0x00000008   Code   RO         2375    i.eth_unlock        Net4_CM3_L.lib(net_eth.o)
    0x0000555a   0x0000555a   0x00000002   PAD
    0x0000555c   0x0000555c   0x0000012c   Code   RO         3209    i.fat_close         FS_LFN_CM3_L.lib(fs_fat.o)
    0x00005688   0x00005688   0x00000030   Code   RO         3210    i.fat_crc32         FS_LFN_CM3_L.lib(fs_fat.o)
    0x000056b8   0x000056b8   0x00000020   Code   RO         3214    i.fat_flen          FS_LFN_CM3_L.lib(fs_fat.o)
    0x000056d8   0x000056d8   0x00000040   Code   RO         3218    i.fat_handle_get    FS_LFN_CM3_L.lib(fs_fat.o)
    0x00005718   0x00005718   0x0000004c   Code   RO         3220    i.fat_init          FS_LFN_CM3_L.lib(fs_fat.o)
    0x00005764   0x00005764   0x00000056   Code   RO         3221    i.fat_jour_init     FS_LFN_CM3_L.lib(fs_fat.o)
    0x000057ba   0x000057ba   0x00000002   PAD
    0x000057bc   0x000057bc   0x00000098   Code   RO         3222    i.fat_jour_prep     FS_LFN_CM3_L.lib(fs_fat.o)
    0x00005854   0x00005854   0x000001e0   Code   RO         3225    i.fat_mount         FS_LFN_CM3_L.lib(fs_fat.o)
    0x00005a34   0x00005a34   0x000001c8   Code   RO         3226    i.fat_open          FS_LFN_CM3_L.lib(fs_fat.o)
    0x00005bfc   0x00005bfc   0x00000208   Code   RO         3231    i.fat_seek          FS_LFN_CM3_L.lib(fs_fat.o)
    0x00005e04   0x00005e04   0x00000090   Code   RO         3237    i.fat_vol_chk       FS_LFN_CM3_L.lib(fs_fat.o)
    0x00005e94   0x00005e94   0x0000019c   Code   RO         3238    i.fat_write         FS_LFN_CM3_L.lib(fs_fat.o)
    0x00006030   0x00006030   0x00000048   Code   RO         3239    i.file_locked       FS_LFN_CM3_L.lib(fs_fat.o)
    0x00006078   0x00006078   0x00000048   Code   RO         2222    i.finit             FS_LFN_CM3_L.lib(fs_mapi.o)
    0x000060c0   0x000060c0   0x00000054   Code   RO         2225    i.fmount            FS_LFN_CM3_L.lib(fs_mapi.o)
    0x00006114   0x00006114   0x0000002c   Code   RO         3241    i.format_date       FS_LFN_CM3_L.lib(fs_fat.o)
    0x00006140   0x00006140   0x0000002e   Code   RO         3242    i.format_time       FS_LFN_CM3_L.lib(fs_fat.o)
    0x0000616e   0x0000616e   0x00000002   PAD
    0x00006170   0x00006170   0x0000007c   Code   RO         2503    i.frag_map_session  Net4_CM3_L.lib(net_ip4_frag.o)
    0x000061ec   0x000061ec   0x000000ac   Code   RO         3243    i.frec_allocate     FS_LFN_CM3_L.lib(fs_fat.o)
    0x00006298   0x00006298   0x0000021c   Code   RO         3246    i.frec_find         FS_LFN_CM3_L.lib(fs_fat.o)
    0x000064b4   0x000064b4   0x0000005a   Code   RO         3247    i.frec_find_elink   FS_LFN_CM3_L.lib(fs_fat.o)
    0x0000650e   0x0000650e   0x00000002   PAD
    0x00006510   0x00006510   0x000000a8   Code   RO         2229    i.fs_component_init  FS_LFN_CM3_L.lib(fs_mapi.o)
    0x000065b8   0x000065b8   0x0000000e   Code   RO          967    i.fs_config         fs_config.o
    0x000065c6   0x000065c6   0x00000002   Code   RO         2230    i.fs_config_evr     FS_LFN_CM3_L.lib(fs_mapi.o)
    0x000065c8   0x000065c8   0x00000058   Code   RO          968    i.fs_config_mc      fs_config.o
    0x00006620   0x00006620   0x0000008c   Code   RO         3160    i.fs_drive_id       FS_LFN_CM3_L.lib(fs_common.o)
    0x000066ac   0x000066ac   0x00000006   Code   RO          969    i.fs_get_rtos_tick_freq  fs_config.o
    0x000066b2   0x000066b2   0x00000004   Code   RO          970    i.fs_get_sys_tick   fs_config.o
    0x000066b6   0x000066b6   0x00000002   PAD
    0x000066b8   0x000066b8   0x0000001c   Code   RO          971    i.fs_get_sys_tick_us  fs_config.o
    0x000066d4   0x000066d4   0x0000001a   Code   RO         3685    i.fs_get_time       FS_LFN_CM3_L.lib(fs_time.o)
    0x000066ee   0x000066ee   0x00000004   Code   RO         3402    i.fs_mc_lock_unlock  FS_LFN_CM3_L.lib(fs_mc_mci.o)
    0x000066f2   0x000066f2   0x00000006   Code   RO         2277    i.fs_mc_read_cd     FS_LFN_CM3_L.lib(fs_mc_spi.o)
    0x000066f8   0x000066f8   0x00000006   Code   RO         2278    i.fs_mc_read_wp     FS_LFN_CM3_L.lib(fs_mc_spi.o)
    0x000066fe   0x000066fe   0x00000006   Code   RO         2279    i.fs_mc_spi_control_ss  FS_LFN_CM3_L.lib(fs_mc_spi.o)
    0x00006704   0x00006704   0x00000012   Code   RO          972    i.fs_mutex_acquire  fs_config.o
    0x00006716   0x00006716   0x00000004   Code   RO          974    i.fs_mutex_new      fs_config.o
    0x0000671a   0x0000671a   0x00000010   Code   RO          975    i.fs_mutex_release  fs_config.o
    0x0000672a   0x0000672a   0x00000002   PAD
    0x0000672c   0x0000672c   0x00000020   Code   RO         3161    i.fs_set_cdrive     FS_LFN_CM3_L.lib(fs_common.o)
    0x0000674c   0x0000674c   0x0000000a   Code   RO          976    i.fs_set_rtos_delay  fs_config.o
    0x00006756   0x00006756   0x00000002   PAD
    0x00006758   0x00006758   0x0000007c   Code   RO         3249    i.fsinfo_read       FS_LFN_CM3_L.lib(fs_fat.o)
    0x000067d4   0x000067d4   0x00000060   Code   RO         3250    i.fsinfo_write      FS_LFN_CM3_L.lib(fs_fat.o)
    0x00006834   0x00006834   0x0000002a   Code   RO         3664    i.fsj_init          FS_LFN_CM3_L.lib(fs_journal.o)
    0x0000685e   0x0000685e   0x00000018   Code   RO         3665    i.fsj_set_space     FS_LFN_CM3_L.lib(fs_journal.o)
    0x00006876   0x00006876   0x000000b8   Code   RO         3666    i.fsj_write         FS_LFN_CM3_L.lib(fs_journal.o)
    0x0000692e   0x0000692e   0x00000022   Code   RO         3251    i.get_EOC           FS_LFN_CM3_L.lib(fs_fat.o)
    0x00006950   0x00006950   0x00000024   Code   RO         3252    i.get_RSVD          FS_LFN_CM3_L.lib(fs_fat.o)
    0x00006974   0x00006974   0x00000032   Code   RO         3253    i.get_fat_sect      FS_LFN_CM3_L.lib(fs_fat.o)
    0x000069a6   0x000069a6   0x00000010   Code   RO         3254    i.get_root_clus     FS_LFN_CM3_L.lib(fs_fat.o)
    0x000069b6   0x000069b6   0x00000010   Code   RO         3165    i.get_u16           FS_LFN_CM3_L.lib(fs_common.o)
    0x000069c6   0x000069c6   0x00000016   Code   RO         3166    i.get_u32           FS_LFN_CM3_L.lib(fs_common.o)
    0x000069dc   0x000069dc   0x00000068   Code   RO          270    i.init_rx_desc      emac_lpc17xx.o
    0x00006a44   0x00006a44   0x0000005c   Code   RO          271    i.init_tx_desc      emac_lpc17xx.o
    0x00006aa0   0x00006aa0   0x00000044   Code   RO          272    i.input_MDIO        emac_lpc17xx.o
    0x00006ae4   0x00006ae4   0x0000000c   Code   RO         3480    i.ip4_get_chksum    Net4_CM3_L.lib(net_ip4.o)
    0x00006af0   0x00006af0   0x00000028   Code   RO         3481    i.ip4_get_mtu       Net4_CM3_L.lib(net_ip4.o)
    0x00006b18   0x00006b18   0x0000002a   Code   RO         1467    i.isrMessageGet     RTX_CM3.lib(rt_cmsis.o)
    0x00006b42   0x00006b42   0x0000002c   Code   RO         1468    i.isrMessagePut     RTX_CM3.lib(rt_cmsis.o)
    0x00006b6e   0x00006b6e   0x00000028   Code   RO         1469    i.isrSemaphoreRelease  RTX_CM3.lib(rt_cmsis.o)
    0x00006b96   0x00006b96   0x00000024   Code   RO         1470    i.isrSignalSet      RTX_CM3.lib(rt_cmsis.o)
    0x00006bba   0x00006bba   0x00000002   PAD
    0x00006bbc   0x00006bbc   0x00000028   Code   RO         2807    i.isr_evt_set       RTX_CM3.lib(rt_event.o)
    0x00006be4   0x00006be4   0x00000056   Code   RO         2925    i.isr_mbx_receive   RTX_CM3.lib(rt_mailbox.o)
    0x00006c3a   0x00006c3a   0x0000000e   Code   RO         2926    i.isr_mbx_send      RTX_CM3.lib(rt_mailbox.o)
    0x00006c48   0x00006c48   0x00000010   Code   RO         2973    i.isr_sem_send      RTX_CM3.lib(rt_semaphore.o)
    0x00006c58   0x00006c58   0x00000038   Code   RO         3255    i.j_chk_rsvd        FS_LFN_CM3_L.lib(fs_fat.o)
    0x00006c90   0x00006c90   0x0000000a   Code   RO         3256    i.j_clus_cnt        FS_LFN_CM3_L.lib(fs_fat.o)
    0x00006c9a   0x00006c9a   0x00000082   Code   RO         3257    i.j_find_reg        FS_LFN_CM3_L.lib(fs_fat.o)
    0x00006d1c   0x00006d1c   0x000000b4   Code   RO         3258    i.j_find_rsvd       FS_LFN_CM3_L.lib(fs_fat.o)
    0x00006dd0   0x00006dd0   0x00000086   Code   RO         3259    i.j_init_fats       FS_LFN_CM3_L.lib(fs_fat.o)
    0x00006e56   0x00006e56   0x00000010   Code   RO         3260    i.j_low_boundary    FS_LFN_CM3_L.lib(fs_fat.o)
    0x00006e66   0x00006e66   0x0000003c   Code   RO         3261    i.j_mark_rsvd       FS_LFN_CM3_L.lib(fs_fat.o)
    0x00006ea2   0x00006ea2   0x00000030   Code   RO         3262    i.j_rep_space       FS_LFN_CM3_L.lib(fs_fat.o)
    0x00006ed2   0x00006ed2   0x00000002   PAD
    0x00006ed4   0x00006ed4   0x00000020   Code   RO         3265    i.lfn_char_cnt      FS_LFN_CM3_L.lib(fs_fat.o)
    0x00006ef4   0x00006ef4   0x00000004   Code   RO         3266    i.link_clus         FS_LFN_CM3_L.lib(fs_fat.o)
    0x00006ef8   0x00006ef8   0x00000028   Code   RO         3267    i.long_ent_hash     FS_LFN_CM3_L.lib(fs_fat.o)
    0x00006f20   0x00006f20   0x000000a0   Code   RO            6    i.main              main.o
    0x00006fc0   0x00006fc0   0x0000000c   Code   RO          977    i.mc0_DevCtrl       fs_config.o
    0x00006fcc   0x00006fcc   0x0000000c   Code   RO          978    i.mc0_Init          fs_config.o
    0x00006fd8   0x00006fd8   0x0000000c   Code   RO          979    i.mc0_RdInfo        fs_config.o
    0x00006fe4   0x00006fe4   0x0000000c   Code   RO          980    i.mc0_RdSect        fs_config.o
    0x00006ff0   0x00006ff0   0x0000000c   Code   RO          981    i.mc0_UnInit        fs_config.o
    0x00006ffc   0x00006ffc   0x0000000c   Code   RO          982    i.mc0_WrSect        fs_config.o
    0x00007008   0x00007008   0x00000014   Code   RO         2280    i.mc_control_bus_speed  FS_LFN_CM3_L.lib(fs_mc_spi.o)
    0x0000701c   0x0000701c   0x000000ce   Code   RO         2281    i.mc_control_lock   FS_LFN_CM3_L.lib(fs_mc_spi.o)
    0x000070ea   0x000070ea   0x00000020   Code   RO         2282    i.mc_control_ss     FS_LFN_CM3_L.lib(fs_mc_spi.o)
    0x0000710a   0x0000710a   0x00000082   Code   RO         2283    i.mc_parse_cid      FS_LFN_CM3_L.lib(fs_mc_spi.o)
    0x0000718c   0x0000718c   0x000000c8   Code   RO         2284    i.mc_parse_csd      FS_LFN_CM3_L.lib(fs_mc_spi.o)
    0x00007254   0x00007254   0x0000007c   Code   RO         2285    i.mc_read_block     FS_LFN_CM3_L.lib(fs_mc_spi.o)
    0x000072d0   0x000072d0   0x0000005e   Code   RO         2286    i.mc_read_data      FS_LFN_CM3_L.lib(fs_mc_spi.o)
    0x0000732e   0x0000732e   0x0000003c   Code   RO         2287    i.mc_read_ocr       FS_LFN_CM3_L.lib(fs_mc_spi.o)
    0x0000736a   0x0000736a   0x00000044   Code   RO         2288    i.mc_read_response  FS_LFN_CM3_L.lib(fs_mc_spi.o)
    0x000073ae   0x000073ae   0x00000036   Code   RO         2289    i.mc_read_status    FS_LFN_CM3_L.lib(fs_mc_spi.o)
    0x000073e4   0x000073e4   0x00000040   Code   RO         2290    i.mc_receive        FS_LFN_CM3_L.lib(fs_mc_spi.o)
    0x00007424   0x00007424   0x00000040   Code   RO         2291    i.mc_send           FS_LFN_CM3_L.lib(fs_mc_spi.o)
    0x00007464   0x00007464   0x00000048   Code   RO         2292    i.mc_send_cid       FS_LFN_CM3_L.lib(fs_mc_spi.o)
    0x000074ac   0x000074ac   0x0000006c   Code   RO         2293    i.mc_send_command   FS_LFN_CM3_L.lib(fs_mc_spi.o)
    0x00007518   0x00007518   0x0000003c   Code   RO         2294    i.mc_set_block_len  FS_LFN_CM3_L.lib(fs_mc_spi.o)
    0x00007554   0x00007554   0x00000104   Code   RO         2295    i.mc_spi_DevCtrl    FS_LFN_CM3_L.lib(fs_mc_spi.o)
    0x00007658   0x00007658   0x00000008   Code   RO         2296    i.mc_spi_DrvEvent   FS_LFN_CM3_L.lib(fs_mc_spi.o)
    0x00007660   0x00007660   0x00000388   Code   RO         2297    i.mc_spi_Init       FS_LFN_CM3_L.lib(fs_mc_spi.o)
    0x000079e8   0x000079e8   0x0000001a   Code   RO         2298    i.mc_spi_ReadInfo   FS_LFN_CM3_L.lib(fs_mc_spi.o)
    0x00007a02   0x00007a02   0x00000024   Code   RO         2299    i.mc_spi_ReadSector  FS_LFN_CM3_L.lib(fs_mc_spi.o)
    0x00007a26   0x00007a26   0x00000038   Code   RO         2300    i.mc_spi_UnInit     FS_LFN_CM3_L.lib(fs_mc_spi.o)
    0x00007a5e   0x00007a5e   0x00000024   Code   RO         2301    i.mc_spi_WriteSector  FS_LFN_CM3_L.lib(fs_mc_spi.o)
    0x00007a82   0x00007a82   0x00000002   PAD
    0x00007a84   0x00007a84   0x00000094   Code   RO         2302    i.mc_spi_set_speed  FS_LFN_CM3_L.lib(fs_mc_spi.o)
    0x00007b18   0x00007b18   0x00000028   Code   RO         2303    i.mc_wait_busy      FS_LFN_CM3_L.lib(fs_mc_spi.o)
    0x00007b40   0x00007b40   0x00000082   Code   RO         2304    i.mc_write_block    FS_LFN_CM3_L.lib(fs_mc_spi.o)
    0x00007bc2   0x00007bc2   0x00000002   PAD
    0x00007bc4   0x00007bc4   0x00000098   Code   RO         2305    i.mc_write_data     FS_LFN_CM3_L.lib(fs_mc_spi.o)
    0x00007c5c   0x00007c5c   0x0000000c   Code   RO         3530    i.mem_lock          Net4_CM3_L.lib(net_mem.o)
    0x00007c68   0x00007c68   0x0000000c   Code   RO         3531    i.mem_unlock        Net4_CM3_L.lib(net_mem.o)
    0x00007c74   0x00007c74   0x000000b0   Code   RO         3269    i.name_analyse      FS_LFN_CM3_L.lib(fs_fat.o)
    0x00007d24   0x00007d24   0x000000b4   Code   RO         3270    i.name_basis_gen    FS_LFN_CM3_L.lib(fs_fat.o)
    0x00007dd8   0x00007dd8   0x00000008   Code   RO         3271    i.name_hash         FS_LFN_CM3_L.lib(fs_fat.o)
    0x00007de0   0x00007de0   0x00000128   Code   RO         3272    i.name_nt_gen       FS_LFN_CM3_L.lib(fs_fat.o)
    0x00007f08   0x00007f08   0x00000052   Code   RO         3273    i.name_strip        FS_LFN_CM3_L.lib(fs_fat.o)
    0x00007f5a   0x00007f5a   0x0000001e   Code   RO         3274    i.name_validate     FS_LFN_CM3_L.lib(fs_fat.o)
    0x00007f78   0x00007f78   0x00000064   Code   RO         2667    i.netCore_Thread    Net4_CM3_L.lib(net_sys.o)
    0x00007fdc   0x00007fdc   0x00000002   Code   RO         2376    i.netETH_Notify     Net4_CM3_L.lib(net_eth.o)
    0x00007fde   0x00007fde   0x00000002   Code   RO         2377    i.netETH_ReceiveRaw  Net4_CM3_L.lib(net_eth.o)
    0x00007fe0   0x00007fe0   0x0000004a   Code   RO         2379    i.netETH_Thread     Net4_CM3_L.lib(net_eth.o)
    0x0000802a   0x0000802a   0x00000002   PAD
    0x0000802c   0x0000802c   0x0000007c   Code   RO         3588    i.netMAC_aton       Net4_CM3_L.lib(net_addr.o)
    0x000080a8   0x000080a8   0x00000008   Code   RO         2527    i.netTCP_GetBuffer  Net4_CM3_L.lib(net_tcp.o)
    0x000080b0   0x000080b0   0x00000026   Code   RO         2537    i.netTCP_Send       Net4_CM3_L.lib(net_tcp.o)
    0x000080d6   0x000080d6   0x00000004   Code   RO         2538    i.netTCP_SendReady  Net4_CM3_L.lib(net_tcp.o)
    0x000080da   0x000080da   0x00000002   PAD
    0x000080dc   0x000080dc   0x00000068   Code   RO         3590    i.net_addr4_aton    Net4_CM3_L.lib(net_addr.o)
    0x00008144   0x00008144   0x0000001e   Code   RO         3592    i.net_addr4_to_mac  Net4_CM3_L.lib(net_addr.o)
    0x00008162   0x00008162   0x000000a0   Code   RO         2438    i.net_arp_cache_add  Net4_CM3_L.lib(net_arp.o)
    0x00008202   0x00008202   0x00000086   Code   RO         2439    i.net_arp_cache_early  Net4_CM3_L.lib(net_arp.o)
    0x00008288   0x00008288   0x00000080   Code   RO         2440    i.net_arp_cache_find  Net4_CM3_L.lib(net_arp.o)
    0x00008308   0x00008308   0x00000038   Code   RO         2441    i.net_arp_cache_init  Net4_CM3_L.lib(net_arp.o)
    0x00008340   0x00008340   0x0000001c   Code   RO         2442    i.net_arp_cache_run  Net4_CM3_L.lib(net_arp.o)
    0x0000835c   0x0000835c   0x0000002c   Code   RO         2443    i.net_arp_cache_uninit  Net4_CM3_L.lib(net_arp.o)
    0x00008388   0x00008388   0x00000066   Code   RO         2444    i.net_arp_enqueue   Net4_CM3_L.lib(net_arp.o)
    0x000083ee   0x000083ee   0x00000020   Code   RO         2446    i.net_arp_notify    Net4_CM3_L.lib(net_arp.o)
    0x0000840e   0x0000840e   0x00000162   Code   RO         2448    i.net_arp_process   Net4_CM3_L.lib(net_arp.o)
    0x00008570   0x00008570   0x00000030   Code   RO         3555    i.net_chksum_buf    Net4_CM3_L.lib(net_common.o)
    0x000085a0   0x000085a0   0x0000001e   Code   RO         3556    i.net_crc_buf       Net4_CM3_L.lib(net_common.o)
    0x000085be   0x000085be   0x0000000e   Code   RO         2380    i.net_eth_callback  Net4_CM3_L.lib(net_eth.o)
    0x000085cc   0x000085cc   0x00000052   Code   RO         2381    i.net_eth_config_mcast  Net4_CM3_L.lib(net_eth.o)
    0x0000861e   0x0000861e   0x00000082   Code   RO         2383    i.net_eth_get_option  Net4_CM3_L.lib(net_eth.o)
    0x000086a0   0x000086a0   0x0000001c   Code   RO         2384    i.net_eth_iface_init  Net4_CM3_L.lib(net_eth.o)
    0x000086bc   0x000086bc   0x0000001c   Code   RO         2385    i.net_eth_iface_run  Net4_CM3_L.lib(net_eth.o)
    0x000086d8   0x000086d8   0x0000001c   Code   RO         2386    i.net_eth_iface_uninit  Net4_CM3_L.lib(net_eth.o)
    0x000086f4   0x000086f4   0x00000098   Code   RO         2387    i.net_eth_output    Net4_CM3_L.lib(net_eth.o)
    0x0000878c   0x0000878c   0x000000c4   Code   RO         2388    i.net_eth_send_frame  Net4_CM3_L.lib(net_eth.o)
    0x00008850   0x00008850   0x0000010e   Code   RO         2389    i.net_eth_set_option  Net4_CM3_L.lib(net_eth.o)
    0x0000895e   0x0000895e   0x00000002   PAD
    0x00008960   0x00008960   0x00000104   Code   RO         3520    i.net_icmp_process  Net4_CM3_L.lib(net_icmp.o)
    0x00008a64   0x00008a64   0x00000080   Code   RO         3521    i.net_icmp_send_echo  Net4_CM3_L.lib(net_icmp.o)
    0x00008ae4   0x00008ae4   0x00000004   Code   RO         1242    i.net_igmp_collect_mcast  net_config.o
    0x00008ae8   0x00008ae8   0x00000004   Code   RO         1243    i.net_igmp_is_member  net_config.o
    0x00008aec   0x00008aec   0x00000002   Code   RO         1244    i.net_igmp_process  net_config.o
    0x00008aee   0x00008aee   0x00000002   PAD
    0x00008af0   0x00008af0   0x00000108   Code   RO         3482    i.net_ip4_chk_frame  Net4_CM3_L.lib(net_ip4.o)
    0x00008bf8   0x00008bf8   0x0000002c   Code   RO         3483    i.net_ip4_chksum    Net4_CM3_L.lib(net_ip4.o)
    0x00008c24   0x00008c24   0x00000006   Code   RO         3484    i.net_ip4_chksum_buf  Net4_CM3_L.lib(net_ip4.o)
    0x00008c2a   0x00008c2a   0x00000002   PAD
    0x00008c2c   0x00008c2c   0x00000124   Code   RO         2504    i.net_ip4_frag_add  Net4_CM3_L.lib(net_ip4_frag.o)
    0x00008d50   0x00008d50   0x000000ac   Code   RO         2505    i.net_ip4_frag_get  Net4_CM3_L.lib(net_ip4_frag.o)
    0x00008dfc   0x00008dfc   0x00000010   Code   RO         2506    i.net_ip4_frag_init  Net4_CM3_L.lib(net_ip4_frag.o)
    0x00008e0c   0x00008e0c   0x0000003c   Code   RO         2507    i.net_ip4_frag_run  Net4_CM3_L.lib(net_ip4_frag.o)
    0x00008e48   0x00008e48   0x00000010   Code   RO         2508    i.net_ip4_frag_uninit  Net4_CM3_L.lib(net_ip4_frag.o)
    0x00008e58   0x00008e58   0x0000002c   Code   RO         3487    i.net_ip4_get_local  Net4_CM3_L.lib(net_ip4.o)
    0x00008e84   0x00008e84   0x00000018   Code   RO         3488    i.net_ip4_init      Net4_CM3_L.lib(net_ip4.o)
    0x00008e9c   0x00008e9c   0x00000020   Code   RO         3489    i.net_ip4_is_onlink  Net4_CM3_L.lib(net_ip4.o)
    0x00008ebc   0x00008ebc   0x00000026   Code   RO         3490    i.net_ip4_is_subcast  Net4_CM3_L.lib(net_ip4.o)
    0x00008ee2   0x00008ee2   0x0000000e   Code   RO         3491    i.net_ip4_reass_frame  Net4_CM3_L.lib(net_ip4.o)
    0x00008ef0   0x00008ef0   0x00000124   Code   RO         3492    i.net_ip4_send_frame  Net4_CM3_L.lib(net_ip4.o)
    0x00009014   0x00009014   0x0000002a   Code   RO         3494    i.net_ip4_tx_offl_hl  Net4_CM3_L.lib(net_ip4.o)
    0x0000903e   0x0000903e   0x00000002   PAD
    0x00009040   0x00009040   0x00000010   Code   RO         3495    i.net_ip4_uninit    Net4_CM3_L.lib(net_ip4.o)
    0x00009050   0x00009050   0x00000010   Code   RO         2486    i.net_loop_iface_init  Net4_CM3_L.lib(net_loopback.o)
    0x00009060   0x00009060   0x00000078   Code   RO         2487    i.net_loop_iface_run  Net4_CM3_L.lib(net_loopback.o)
    0x000090d8   0x000090d8   0x00000010   Code   RO         2488    i.net_loop_iface_uninit  Net4_CM3_L.lib(net_loopback.o)
    0x000090e8   0x000090e8   0x00000058   Code   RO         2489    i.net_loop_send_frame  Net4_CM3_L.lib(net_loopback.o)
    0x00009140   0x00009140   0x0000008c   Code   RO         3532    i.net_mem_alloc     Net4_CM3_L.lib(net_mem.o)
    0x000091cc   0x000091cc   0x0000001c   Code   RO         3533    i.net_mem_avail     Net4_CM3_L.lib(net_mem.o)
    0x000091e8   0x000091e8   0x0000006c   Code   RO         3534    i.net_mem_free      Net4_CM3_L.lib(net_mem.o)
    0x00009254   0x00009254   0x00000038   Code   RO         3536    i.net_mem_shrink    Net4_CM3_L.lib(net_mem.o)
    0x0000928c   0x0000928c   0x00000010   Code   RO         2648    i.net_ping_client_init  Net4_CM3_L.lib(net_ping_core.o)
    0x0000929c   0x0000929c   0x00000040   Code   RO         2649    i.net_ping_client_run  Net4_CM3_L.lib(net_ping_core.o)
    0x000092dc   0x000092dc   0x0000000c   Code   RO         2651    i.net_ping_client_uninit  Net4_CM3_L.lib(net_ping_core.o)
    0x000092e8   0x000092e8   0x0000001c   Code   RO         2678    i.net_rand32        Net4_CM3_L.lib(net_sys.o)
    0x00009304   0x00009304   0x00000002   Code   RO         1245    i.net_sys_error     net_config.o
    0x00009306   0x00009306   0x00000002   PAD
    0x00009308   0x00009308   0x0000000c   Code   RO         2679    i.net_sys_lock      Net4_CM3_L.lib(net_sys.o)
    0x00009314   0x00009314   0x00000016   Code   RO         2680    i.net_sys_resume    Net4_CM3_L.lib(net_sys.o)
    0x0000932a   0x0000932a   0x00000002   PAD
    0x0000932c   0x0000932c   0x00000014   Code   RO         2682    i.net_sys_tick      Net4_CM3_L.lib(net_sys.o)
    0x00009340   0x00009340   0x0000000c   Code   RO         2683    i.net_sys_unlock    Net4_CM3_L.lib(net_sys.o)
    0x0000934c   0x0000934c   0x00000020   Code   RO         2685    i.net_sys_wakeup    Net4_CM3_L.lib(net_sys.o)
    0x0000936c   0x0000936c   0x0000003c   Code   RO         2542    i.net_tcp_check_send  Net4_CM3_L.lib(net_tcp.o)
    0x000093a8   0x000093a8   0x0000001e   Code   RO         2546    i.net_tcp_get_buf   Net4_CM3_L.lib(net_tcp.o)
    0x000093c6   0x000093c6   0x00000002   PAD
    0x000093c8   0x000093c8   0x000004ce   Code   RO         2558    i.net_tcp_process   Net4_CM3_L.lib(net_tcp.o)
    0x00009896   0x00009896   0x00000002   PAD
    0x00009898   0x00009898   0x000000e0   Code   RO         2562    i.net_tcp_send      Net4_CM3_L.lib(net_tcp.o)
    0x00009978   0x00009978   0x00000014   Code   RO         2565    i.net_tcp_socket_init  Net4_CM3_L.lib(net_tcp.o)
    0x0000998c   0x0000998c   0x000002c4   Code   RO         2566    i.net_tcp_socket_run  Net4_CM3_L.lib(net_tcp.o)
    0x00009c50   0x00009c50   0x00000014   Code   RO         2567    i.net_tcp_socket_uninit  Net4_CM3_L.lib(net_tcp.o)
    0x00009c64   0x00009c64   0x00000002   Code   RO         1246    i.net_udp_process   net_config.o
    0x00009c66   0x00009c66   0x00000002   PAD
    0x00009c68   0x00009c68   0x0000002c   Code   RO         1247    i.netif_create      net_config.o
    0x00009c94   0x00009c94   0x00000014   Code   RO         1248    i.netif_delete      net_config.o
    0x00009ca8   0x00009ca8   0x00000008   Code   RO         1249    i.netif_lock        net_config.o
    0x00009cb0   0x00009cb0   0x00000004   Code   RO         1250    i.netif_unlock      net_config.o
    0x00009cb4   0x00009cb4   0x00000004   Code   RO         1251    i.netos_delay       net_config.o
    0x00009cb8   0x00009cb8   0x00000004   Code   RO         1252    i.netos_flag_clear  net_config.o
    0x00009cbc   0x00009cbc   0x00000004   Code   RO         1253    i.netos_flag_set    net_config.o
    0x00009cc0   0x00009cc0   0x00000004   Code   RO         1254    i.netos_flag_wait   net_config.o
    0x00009cc4   0x00009cc4   0x00000008   Code   RO         1256    i.netos_lock        net_config.o
    0x00009ccc   0x00009ccc   0x00000004   Code   RO         1262    i.netos_thread_pass  net_config.o
    0x00009cd0   0x00009cd0   0x00000004   Code   RO         1265    i.netos_timer_start  net_config.o
    0x00009cd4   0x00009cd4   0x00000004   Code   RO         1266    i.netos_unlock      net_config.o
    0x00009cd8   0x00009cd8   0x00000018   Code   RO         1471    i.osDelay           RTX_CM3.lib(rt_cmsis.o)
    0x00009cf0   0x00009cf0   0x00000024   Code   RO         1472    i.osKernelInitialize  RTX_CM3.lib(rt_cmsis.o)
    0x00009d14   0x00009d14   0x0000006c   Code   RO         1474    i.osKernelStart     RTX_CM3.lib(rt_cmsis.o)
    0x00009d80   0x00009d80   0x00000018   Code   RO         1475    i.osKernelSysTick   RTX_CM3.lib(rt_cmsis.o)
    0x00009d98   0x00009d98   0x00000018   Code   RO         1483    i.osMessageGet      RTX_CM3.lib(rt_cmsis.o)
    0x00009db0   0x00009db0   0x0000002c   Code   RO         1485    i.osMutexCreate     RTX_CM3.lib(rt_cmsis.o)
    0x00009ddc   0x00009ddc   0x00000018   Code   RO         1487    i.osMutexRelease    RTX_CM3.lib(rt_cmsis.o)
    0x00009df4   0x00009df4   0x00000018   Code   RO         1488    i.osMutexWait       RTX_CM3.lib(rt_cmsis.o)
    0x00009e0c   0x00009e0c   0x0000002c   Code   RO         1493    i.osSemaphoreCreate  RTX_CM3.lib(rt_cmsis.o)
    0x00009e38   0x00009e38   0x00000018   Code   RO         1494    i.osSemaphoreDelete  RTX_CM3.lib(rt_cmsis.o)
    0x00009e50   0x00009e50   0x00000018   Code   RO         1495    i.osSemaphoreRelease  RTX_CM3.lib(rt_cmsis.o)
    0x00009e68   0x00009e68   0x00000018   Code   RO         1496    i.osSemaphoreWait   RTX_CM3.lib(rt_cmsis.o)
    0x00009e80   0x00009e80   0x00000018   Code   RO         1497    i.osSignalClear     RTX_CM3.lib(rt_cmsis.o)
    0x00009e98   0x00009e98   0x00000018   Code   RO         1498    i.osSignalSet       RTX_CM3.lib(rt_cmsis.o)
    0x00009eb0   0x00009eb0   0x00000018   Code   RO         1499    i.osSignalWait      RTX_CM3.lib(rt_cmsis.o)
    0x00009ec8   0x00009ec8   0x0000002c   Code   RO         1500    i.osThreadCreate    RTX_CM3.lib(rt_cmsis.o)
    0x00009ef4   0x00009ef4   0x00000018   Code   RO         1501    i.osThreadExit      RTX_CM3.lib(rt_cmsis.o)
    0x00009f0c   0x00009f0c   0x00000018   Code   RO         1505    i.osThreadTerminate  RTX_CM3.lib(rt_cmsis.o)
    0x00009f24   0x00009f24   0x00000018   Code   RO         1506    i.osThreadYield     RTX_CM3.lib(rt_cmsis.o)
    0x00009f3c   0x00009f3c   0x0000000c   Code   RO         1507    i.osTimerCall       RTX_CM3.lib(rt_cmsis.o)
    0x00009f48   0x00009f48   0x00000018   Code   RO         1510    i.osTimerStart      RTX_CM3.lib(rt_cmsis.o)
    0x00009f60   0x00009f60   0x0000002c   Code   RO         1512    i.osTimerThread     RTX_CM3.lib(rt_cmsis.o)
    0x00009f8c   0x00009f8c   0x00000022   Code   RO          110    i.os_error          rtx_conf_cm.o
    0x00009fae   0x00009fae   0x00000004   Code   RO          111    i.os_idle_demon     rtx_conf_cm.o
    0x00009fb2   0x00009fb2   0x00000002   PAD
    0x00009fb4   0x00009fb4   0x00000028   Code   RO         2717    i.os_tick_init      RTX_CM3.lib(rt_system.o)
    0x00009fdc   0x00009fdc   0x00000002   Code   RO         2718    i.os_tick_irqack    RTX_CM3.lib(rt_system.o)
    0x00009fde   0x00009fde   0x00000002   PAD
    0x00009fe0   0x00009fe0   0x00000010   Code   RO         2719    i.os_tick_ovf       RTX_CM3.lib(rt_system.o)
    0x00009ff0   0x00009ff0   0x00000014   Code   RO         2720    i.os_tick_val       RTX_CM3.lib(rt_system.o)
    0x0000a004   0x0000a004   0x00000040   Code   RO          273    i.output_MDIO       emac_lpc17xx.o
    0x0000a044   0x0000a044   0x0000022e   Code   RO         3275    i.path_create       FS_LFN_CM3_L.lib(fs_fat.o)
    0x0000a272   0x0000a272   0x00000002   PAD
    0x0000a274   0x0000a274   0x00000032   Code   RO         3276    i.path_init         FS_LFN_CM3_L.lib(fs_fat.o)
    0x0000a2a6   0x0000a2a6   0x000000a6   Code   RO         3277    i.path_open         FS_LFN_CM3_L.lib(fs_fat.o)
    0x0000a34c   0x0000a34c   0x00000046   Code   RO         3278    i.path_validate     FS_LFN_CM3_L.lib(fs_fat.o)
    0x0000a392   0x0000a392   0x00000002   PAD
    0x0000a394   0x0000a394   0x00000014   Code   RO         2652    i.ping_send_req     Net4_CM3_L.lib(net_ping_core.o)
    0x0000a3a8   0x0000a3a8   0x0000001a   Code   RO         2509    i.que_free_list     Net4_CM3_L.lib(net_ip4_frag.o)
    0x0000a3c2   0x0000a3c2   0x0000007a   Code   RO         3279    i.read_cache        FS_LFN_CM3_L.lib(fs_fat.o)
    0x0000a43c   0x0000a43c   0x00000052   Code   RO         3280    i.read_sector       FS_LFN_CM3_L.lib(fs_fat.o)
    0x0000a48e   0x0000a48e   0x0000001a   Code   RO         3050    i.rt_alloc_box      RTX_CM3.lib(rt_membox.o)
    0x0000a4a8   0x0000a4a8   0x0000003e   Code   RO         3078    i.rt_alloc_mem      RTX_CM3.lib(rt_memory.o)
    0x0000a4e6   0x0000a4e6   0x00000002   PAD
    0x0000a4e8   0x0000a4e8   0x00000038   Code   RO         2089    i.rt_block          RTX_CM3.lib(rt_task.o)
    0x0000a520   0x0000a520   0x00000002   Code   RO          112    i.rt_chk_robin      rtx_conf_cm.o
    0x0000a522   0x0000a522   0x00000002   PAD
    0x0000a524   0x0000a524   0x00000070   Code   RO         2849    i.rt_dec_dly        RTX_CM3.lib(rt_list.o)
    0x0000a594   0x0000a594   0x00000044   Code   RO         2090    i.rt_dispatch       RTX_CM3.lib(rt_task.o)
    0x0000a5d8   0x0000a5d8   0x00000006   Code   RO         3015    i.rt_dly_wait       RTX_CM3.lib(rt_time.o)
    0x0000a5de   0x0000a5de   0x00000002   PAD
    0x0000a5e0   0x0000a5e0   0x0000001c   Code   RO         2808    i.rt_evt_clr        RTX_CM3.lib(rt_event.o)
    0x0000a5fc   0x0000a5fc   0x00000050   Code   RO         2810    i.rt_evt_psh        RTX_CM3.lib(rt_event.o)
    0x0000a64c   0x0000a64c   0x0000005c   Code   RO         2811    i.rt_evt_set        RTX_CM3.lib(rt_event.o)
    0x0000a6a8   0x0000a6a8   0x0000003c   Code   RO         2812    i.rt_evt_wait       RTX_CM3.lib(rt_event.o)
    0x0000a6e4   0x0000a6e4   0x0000002c   Code   RO         3051    i.rt_free_box       RTX_CM3.lib(rt_membox.o)
    0x0000a710   0x0000a710   0x00000028   Code   RO         3079    i.rt_free_mem       RTX_CM3.lib(rt_memory.o)
    0x0000a738   0x0000a738   0x00000028   Code   RO         2850    i.rt_get_first      RTX_CM3.lib(rt_list.o)
    0x0000a760   0x0000a760   0x00000024   Code   RO         2851    i.rt_get_same_rdy_prio  RTX_CM3.lib(rt_list.o)
    0x0000a784   0x0000a784   0x00000008   Code   RO         1517    i.rt_id2obj         RTX_CM3.lib(rt_cmsis.o)
    0x0000a78c   0x0000a78c   0x00000048   Code   RO         2091    i.rt_init_context   RTX_CM3.lib(rt_task.o)
    0x0000a7d4   0x0000a7d4   0x0000001a   Code   RO         3080    i.rt_init_mem       RTX_CM3.lib(rt_memory.o)
    0x0000a7ee   0x0000a7ee   0x00000002   Code   RO          113    i.rt_init_robin     rtx_conf_cm.o
    0x0000a7f0   0x0000a7f0   0x00000080   Code   RO         3105    i.rt_init_stack     RTX_CM3.lib(hal_cm.o)
    0x0000a870   0x0000a870   0x00000008   Code   RO         2927    i.rt_mbx_check      RTX_CM3.lib(rt_mailbox.o)
    0x0000a878   0x0000a878   0x0000001a   Code   RO         2928    i.rt_mbx_init       RTX_CM3.lib(rt_mailbox.o)
    0x0000a892   0x0000a892   0x00000002   PAD
    0x0000a894   0x0000a894   0x000000f0   Code   RO         2929    i.rt_mbx_psh        RTX_CM3.lib(rt_mailbox.o)
    0x0000a984   0x0000a984   0x000000b4   Code   RO         2931    i.rt_mbx_wait       RTX_CM3.lib(rt_mailbox.o)
    0x0000aa38   0x0000aa38   0x00000044   Code   RO         1518    i.rt_ms2tick        RTX_CM3.lib(rt_cmsis.o)
    0x0000aa7c   0x0000aa7c   0x00000010   Code   RO         2174    i.rt_mut_init       RTX_CM3.lib(rt_mutex.o)
    0x0000aa8c   0x0000aa8c   0x000000d8   Code   RO         2175    i.rt_mut_release    RTX_CM3.lib(rt_mutex.o)
    0x0000ab64   0x0000ab64   0x00000078   Code   RO         2176    i.rt_mut_wait       RTX_CM3.lib(rt_mutex.o)
    0x0000abdc   0x0000abdc   0x0000007c   Code   RO         2721    i.rt_pop_req        RTX_CM3.lib(rt_system.o)
    0x0000ac58   0x0000ac58   0x00000020   Code   RO         2722    i.rt_psh_req        RTX_CM3.lib(rt_system.o)
    0x0000ac78   0x0000ac78   0x0000005c   Code   RO         2852    i.rt_psq_enq        RTX_CM3.lib(rt_list.o)
    0x0000acd4   0x0000acd4   0x00000048   Code   RO         2853    i.rt_put_dly        RTX_CM3.lib(rt_list.o)
    0x0000ad1c   0x0000ad1c   0x00000036   Code   RO         2854    i.rt_put_prio       RTX_CM3.lib(rt_list.o)
    0x0000ad52   0x0000ad52   0x00000002   PAD
    0x0000ad54   0x0000ad54   0x00000014   Code   RO         2855    i.rt_put_rdy_first  RTX_CM3.lib(rt_list.o)
    0x0000ad68   0x0000ad68   0x00000034   Code   RO         2856    i.rt_resort_prio    RTX_CM3.lib(rt_list.o)
    0x0000ad9c   0x0000ad9c   0x00000006   Code   RO         3106    i.rt_ret_val        RTX_CM3.lib(hal_cm.o)
    0x0000ada2   0x0000ada2   0x00000008   Code   RO         3107    i.rt_ret_val2       RTX_CM3.lib(hal_cm.o)
    0x0000adaa   0x0000adaa   0x00000028   Code   RO         2857    i.rt_rmv_dly        RTX_CM3.lib(rt_list.o)
    0x0000add2   0x0000add2   0x00000002   PAD
    0x0000add4   0x0000add4   0x00000030   Code   RO         2858    i.rt_rmv_list       RTX_CM3.lib(rt_list.o)
    0x0000ae04   0x0000ae04   0x0000005c   Code   RO         2974    i.rt_sem_delete     RTX_CM3.lib(rt_semaphore.o)
    0x0000ae60   0x0000ae60   0x0000000c   Code   RO         2975    i.rt_sem_init       RTX_CM3.lib(rt_semaphore.o)
    0x0000ae6c   0x0000ae6c   0x00000034   Code   RO         2976    i.rt_sem_psh        RTX_CM3.lib(rt_semaphore.o)
    0x0000aea0   0x0000aea0   0x0000002a   Code   RO         2977    i.rt_sem_send       RTX_CM3.lib(rt_semaphore.o)
    0x0000aeca   0x0000aeca   0x00000002   PAD
    0x0000aecc   0x0000aecc   0x00000040   Code   RO         2978    i.rt_sem_wait       RTX_CM3.lib(rt_semaphore.o)
    0x0000af0c   0x0000af0c   0x00000024   Code   RO         2724    i.rt_stk_check      RTX_CM3.lib(rt_system.o)
    0x0000af30   0x0000af30   0x00000028   Code   RO         2092    i.rt_switch_req     RTX_CM3.lib(rt_task.o)
    0x0000af58   0x0000af58   0x000000cc   Code   RO         2093    i.rt_sys_init       RTX_CM3.lib(rt_task.o)
    0x0000b024   0x0000b024   0x00000078   Code   RO         2094    i.rt_sys_start      RTX_CM3.lib(rt_task.o)
    0x0000b09c   0x0000b09c   0x00000040   Code   RO         2726    i.rt_systick        RTX_CM3.lib(rt_system.o)
    0x0000b0dc   0x0000b0dc   0x00000012   Code   RO         1519    i.rt_tid2ptcb       RTX_CM3.lib(rt_cmsis.o)
    0x0000b0ee   0x0000b0ee   0x00000002   PAD
    0x0000b0f0   0x0000b0f0   0x00000034   Code   RO         1520    i.rt_timer_insert   RTX_CM3.lib(rt_cmsis.o)
    0x0000b124   0x0000b124   0x0000003c   Code   RO         1521    i.rt_timer_remove   RTX_CM3.lib(rt_cmsis.o)
    0x0000b160   0x0000b160   0x00000088   Code   RO         2095    i.rt_tsk_create     RTX_CM3.lib(rt_task.o)
    0x0000b1e8   0x0000b1e8   0x0000017c   Code   RO         2096    i.rt_tsk_delete     RTX_CM3.lib(rt_task.o)
    0x0000b364   0x0000b364   0x00000030   Code   RO         2097    i.rt_tsk_pass       RTX_CM3.lib(rt_task.o)
    0x0000b394   0x0000b394   0x0000007c   Code   RO         2098    i.rt_tsk_prio       RTX_CM3.lib(rt_task.o)
    0x0000b410   0x0000b410   0x00000010   Code   RO         2099    i.rt_tsk_self       RTX_CM3.lib(rt_task.o)
    0x0000b420   0x0000b420   0x00000008   Code   RO         3167    i.set_u16           FS_LFN_CM3_L.lib(fs_common.o)
    0x0000b428   0x0000b428   0x00000010   Code   RO         3168    i.set_u32           FS_LFN_CM3_L.lib(fs_common.o)
    0x0000b438   0x0000b438   0x00000048   Code   RO         3281    i.sfn_extract       FS_LFN_CM3_L.lib(fs_fat.o)
    0x0000b480   0x0000b480   0x0000001a   Code   RO         3282    i.short_ent_hash    FS_LFN_CM3_L.lib(fs_fat.o)
    0x0000b49a   0x0000b49a   0x0000001e   Code   RO         3283    i.sn_chksum         FS_LFN_CM3_L.lib(fs_fat.o)
    0x0000b4b8   0x0000b4b8   0x00000012   Code   RO         1522    i.svcDelay          RTX_CM3.lib(rt_cmsis.o)
    0x0000b4ca   0x0000b4ca   0x00000002   PAD
    0x0000b4cc   0x0000b4cc   0x00000070   Code   RO         1523    i.svcKernelInitialize  RTX_CM3.lib(rt_cmsis.o)
    0x0000b53c   0x0000b53c   0x00000048   Code   RO         1525    i.svcKernelStart    RTX_CM3.lib(rt_cmsis.o)
    0x0000b584   0x0000b584   0x00000038   Code   RO         1526    i.svcKernelSysTick  RTX_CM3.lib(rt_cmsis.o)
    0x0000b5bc   0x0000b5bc   0x00000024   Code   RO         1528    i.svcMessageCreate  RTX_CM3.lib(rt_cmsis.o)
    0x0000b5e0   0x0000b5e0   0x0000003a   Code   RO         1529    i.svcMessageGet     RTX_CM3.lib(rt_cmsis.o)
    0x0000b61a   0x0000b61a   0x0000001c   Code   RO         1531    i.svcMutexCreate    RTX_CM3.lib(rt_cmsis.o)
    0x0000b636   0x0000b636   0x00000022   Code   RO         1533    i.svcMutexRelease   RTX_CM3.lib(rt_cmsis.o)
    0x0000b658   0x0000b658   0x0000003a   Code   RO         1534    i.svcMutexWait      RTX_CM3.lib(rt_cmsis.o)
    0x0000b692   0x0000b692   0x00000024   Code   RO         1536    i.svcSemaphoreCreate  RTX_CM3.lib(rt_cmsis.o)
    0x0000b6b6   0x0000b6b6   0x0000001a   Code   RO         1537    i.svcSemaphoreDelete  RTX_CM3.lib(rt_cmsis.o)
    0x0000b6d0   0x0000b6d0   0x00000028   Code   RO         1538    i.svcSemaphoreRelease  RTX_CM3.lib(rt_cmsis.o)
    0x0000b6f8   0x0000b6f8   0x00000032   Code   RO         1539    i.svcSemaphoreWait  RTX_CM3.lib(rt_cmsis.o)
    0x0000b72a   0x0000b72a   0x00000024   Code   RO         1540    i.svcSignalClear    RTX_CM3.lib(rt_cmsis.o)
    0x0000b74e   0x0000b74e   0x00000024   Code   RO         1541    i.svcSignalSet      RTX_CM3.lib(rt_cmsis.o)
    0x0000b772   0x0000b772   0x00000002   PAD
    0x0000b774   0x0000b774   0x00000054   Code   RO         1542    i.svcSignalWait     RTX_CM3.lib(rt_cmsis.o)
    0x0000b7c8   0x0000b7c8   0x0000006c   Code   RO         1543    i.svcThreadCreate   RTX_CM3.lib(rt_cmsis.o)
    0x0000b834   0x0000b834   0x0000001c   Code   RO         1544    i.svcThreadGetId    RTX_CM3.lib(rt_cmsis.o)
    0x0000b850   0x0000b850   0x00000038   Code   RO         1547    i.svcThreadTerminate  RTX_CM3.lib(rt_cmsis.o)
    0x0000b888   0x0000b888   0x0000000a   Code   RO         1548    i.svcThreadYield    RTX_CM3.lib(rt_cmsis.o)
    0x0000b892   0x0000b892   0x00000018   Code   RO         1549    i.svcTimerCall      RTX_CM3.lib(rt_cmsis.o)
    0x0000b8aa   0x0000b8aa   0x00000002   PAD
    0x0000b8ac   0x0000b8ac   0x00000064   Code   RO         1552    i.svcTimerStart     RTX_CM3.lib(rt_cmsis.o)
    0x0000b910   0x0000b910   0x0000003a   Code   RO         3284    i.switch_fat        FS_LFN_CM3_L.lib(fs_fat.o)
    0x0000b94a   0x0000b94a   0x00000002   PAD
    0x0000b94c   0x0000b94c   0x0000005c   Code   RO         1558    i.sysTimerTick      RTX_CM3.lib(rt_cmsis.o)
    0x0000b9a8   0x0000b9a8   0x0000004c   Code   RO         2687    i.sys_proc_tick     Net4_CM3_L.lib(net_sys.o)
    0x0000b9f4   0x0000b9f4   0x000000a8   Code   RO         2568    i.tcp_map_socket    Net4_CM3_L.lib(net_tcp.o)
    0x0000ba9c   0x0000ba9c   0x0000005e   Code   RO         2569    i.tcp_parse_opt     Net4_CM3_L.lib(net_tcp.o)
    0x0000bafa   0x0000bafa   0x00000002   PAD
    0x0000bafc   0x0000bafc   0x000000c4   Code   RO         2570    i.tcp_proc_acknr    Net4_CM3_L.lib(net_tcp.o)
    0x0000bbc0   0x0000bbc0   0x00000052   Code   RO         2571    i.tcp_proc_dupack   Net4_CM3_L.lib(net_tcp.o)
    0x0000bc12   0x0000bc12   0x0000001a   Code   RO         2572    i.tcp_que_free      Net4_CM3_L.lib(net_tcp.o)
    0x0000bc2c   0x0000bc2c   0x0000001a   Code   RO         2573    i.tcp_que_init      Net4_CM3_L.lib(net_tcp.o)
    0x0000bc46   0x0000bc46   0x00000002   PAD
    0x0000bc48   0x0000bc48   0x00000094   Code   RO         2574    i.tcp_que_resend    Net4_CM3_L.lib(net_tcp.o)
    0x0000bcdc   0x0000bcdc   0x0000007a   Code   RO         2575    i.tcp_send_ctrl     Net4_CM3_L.lib(net_tcp.o)
    0x0000bd56   0x0000bd56   0x0000005e   Code   RO         2576    i.tcp_send_data     Net4_CM3_L.lib(net_tcp.o)
    0x0000bdb4   0x0000bdb4   0x00000070   Code   RO         2577    i.tcp_send_reset    Net4_CM3_L.lib(net_tcp.o)
    0x0000be24   0x0000be24   0x00000026   Code   RO         2578    i.tcp_set_cwnd      Net4_CM3_L.lib(net_tcp.o)
    0x0000be4a   0x0000be4a   0x00000002   PAD
    0x0000be4c   0x0000be4c   0x00000068   Code   RO         2579    i.tcp_transit       Net4_CM3_L.lib(net_tcp.o)
    0x0000beb4   0x0000beb4   0x000000c8   Code   RO         2580    i.tcp_write         Net4_CM3_L.lib(net_tcp.o)
    0x0000bf7c   0x0000bf7c   0x0000002c   Code   RO          274    i.turnaround_MDIO   emac_lpc17xx.o
    0x0000bfa8   0x0000bfa8   0x00000072   Code   RO         3285    i.unlink_clus       FS_LFN_CM3_L.lib(fs_fat.o)
    0x0000c01a   0x0000c01a   0x000000ae   Code   RO         3286    i.write_cache       FS_LFN_CM3_L.lib(fs_fat.o)
    0x0000c0c8   0x0000c0c8   0x00000030   Code   RO         3287    i.write_sector      FS_LFN_CM3_L.lib(fs_fat.o)
    0x0000c0f8   0x0000c0f8   0x0000002c   Code   RO         4035    locale$$code        c_w.l(lc_ctype_c.o)
    0x0000c124   0x0000c124   0x00000068   Data   RO          115    .constdata          rtx_conf_cm.o
    0x0000c18c   0x0000c18c   0x00000024   Data   RO          191    .constdata          phy_dp83848c.o
    0x0000c1b0   0x0000c1b0   0x0000004c   Data   RO          276    .constdata          emac_lpc17xx.o
    0x0000c1fc   0x0000c1fc   0x00000084   Data   RO          479    .constdata          ssp_lpc17xx.o
    0x0000c280   0x0000c280   0x00000017   Data   RO          634    .constdata          retarget_io.o
    0x0000c297   0x0000c297   0x00000001   PAD
    0x0000c298   0x0000c298   0x00000028   Data   RO          984    .constdata          fs_config.o
    0x0000c2c0   0x0000c2c0   0x00000190   Data   RO         1268    .constdata          net_config.o
    0x0000c450   0x0000c450   0x00000010   Data   RO         2306    .constdata          FS_LFN_CM3_L.lib(fs_mc_spi.o)
    0x0000c460   0x0000c460   0x0000002c   Data   RO         2490    .constdata          Net4_CM3_L.lib(net_loopback.o)
    0x0000c48c   0x0000c48c   0x0000000c   Data   RO         2491    .constdata          Net4_CM3_L.lib(net_loopback.o)
    0x0000c498   0x0000c498   0x00000012   Data   RO         2654    .constdata          Net4_CM3_L.lib(net_ping_core.o)
    0x0000c4aa   0x0000c4aa   0x00000002   PAD
    0x0000c4ac   0x0000c4ac   0x000004ac   Data   RO         3288    .constdata          FS_LFN_CM3_L.lib(fs_fat.o)
    0x0000c958   0x0000c958   0x00000004   Data   RO         3496    .constdata          Net4_CM3_L.lib(net_ip4.o)
    0x0000c95c   0x0000c95c   0x00000006   Data   RO         3602    .constdata          Net4_CM3_L.lib(net_addr.o)
    0x0000c962   0x0000c962   0x00000006   Data   RO         3603    .constdata          Net4_CM3_L.lib(net_addr.o)
    0x0000c968   0x0000c968   0x00000011   Data   RO         3754    .constdata          c_w.l(__printf_flags_wp.o)
    0x0000c979   0x0000c979   0x00000003   PAD
    0x0000c97c   0x0000c97c   0x00000054   Data   RO         1269    .conststring        net_config.o
    0x0000c9d0   0x0000c9d0   0x00000040   Data   RO         4125    Region$$Table       anon$$obj.o
    0x0000ca10   0x0000ca10   0x00000110   Data   RO         4034    locale$$data        c_w.l(lc_ctype_c.o)


    Execution Region RW_IRAM1 (Exec base: 0x10000000, Load base: 0x0000cb20, Size: 0x000051a8, Max: 0x00008000, ABSOLUTE)

    Exec Addr    Load Addr    Size         Type   Attr      Idx    E Section Name        Object

    0x10000000   0x0000cb20   0x00000005   Data   RW           10    .data               main.o
    0x10000005   0x0000cb25   0x00000003   PAD
    0x10000008   0x0000cb28   0x00000004   Data   RW          985    .data               fs_config.o
    0x1000000c   0x0000cb2c   0x00000008   Data   RW         1561    .data               RTX_CM3.lib(rt_cmsis.o)
    0x10000014   0x0000cb34   0x00000004   Data   RW         2510    .data               Net4_CM3_L.lib(net_ip4_frag.o)
    0x10000018   0x0000cb38   0x00000008   Data   RW         2729    .data               RTX_CM3.lib(rt_system.o)
    0x10000020   0x0000cb40   0x00000004   Data   RW         3019    .data               RTX_CM3.lib(rt_time.o)
    0x10000024   0x0000cb44   0x00000004   Data   RW         3886    .data               c_w.l(stdio_streams.o)
    0x10000028   0x0000cb48   0x00000004   Data   RW         3888    .data               c_w.l(stdio_streams.o)
    0x1000002c        -       0x0000177c   Zero   RW          983    .bss                fs_config.o
    0x100017a8        -       0x00003200   Zero   RW         1267    .bss                net_config.o
    0x100049a8        -       0x00000800   Zero   RW          892    HEAP                startup_lpc17xx.o


    Execution Region RW_IRAM2 (Exec base: 0x2007c000, Load base: 0x0000cb4c, Size: 0x000051b8, Max: 0x00008000, ABSOLUTE)

    Exec Addr    Load Addr    Size         Type   Attr      Idx    E Section Name        Object

    0x2007c000   0x0000cb4c   0x00000014   Data   RW          116    .data               rtx_conf_cm.o
    0x2007c014   0x0000cb60   0x00000018   Data   RW          277    .data               emac_lpc17xx.o
    0x2007c02c   0x0000cb78   0x00000008   Data   RW          480    .data               ssp_lpc17xx.o
    0x2007c034   0x0000cb80   0x00000008   Data   RW          723    .data               gpdma_lpc17xx.o
    0x2007c03c   0x0000cb88   0x00000004   Data   RW          906    .data               system_lpc17xx.o
    0x2007c040   0x0000cb8c   0x00000012   Data   RW         1270    .data               net_config.o
    0x2007c052   0x0000cb9e   0x00000002   PAD
    0x2007c054   0x0000cba0   0x00000008   Data   RW         2101    .data               RTX_CM3.lib(rt_task.o)
    0x2007c05c   0x0000cba8   0x00000001   Data   RW         2237    .data               FS_LFN_CM3_L.lib(fs_mapi.o)
    0x2007c05d   0x0000cba9   0x00000003   PAD
    0x2007c060   0x0000cbac   0x00000004   Data   RW         2492    .data               Net4_CM3_L.lib(net_loopback.o)
    0x2007c064   0x0000cbb0   0x00000004   Data   RW         2583    .data               Net4_CM3_L.lib(net_tcp.o)
    0x2007c068   0x0000cbb4   0x00000001   Data   RW         3108    .data               RTX_CM3.lib(hal_cm.o)
    0x2007c069   0x0000cbb5   0x00000001   Data   RW         3169    .data               FS_LFN_CM3_L.lib(fs_common.o)
    0x2007c06a   0x0000cbb6   0x00000002   PAD
    0x2007c06c   0x0000cbb8   0x00000008   Data   RW         3497    .data               Net4_CM3_L.lib(net_ip4.o)
    0x2007c074   0x0000cbc0   0x00000004   Data   RW         3882    .data               c_w.l(streamlock.o)
    0x2007c078   0x0000cbc4   0x00000004   Data   RW         3887    .data               c_w.l(stdio_streams.o)
    0x2007c07c   0x0000cbc8   0x00000004   PAD
    0x2007c080        -       0x00001b00   Zero   RW          114    .bss                rtx_conf_cm.o
    0x2007db80        -       0x0000000c   Zero   RW          190    .bss                phy_dp83848c.o
    0x2007db8c   0x0000cbc8   0x00000004   PAD
    0x2007db90        -       0x00002a74   Zero   RW          275    .bss                emac_lpc17xx.o
    0x20080604        -       0x0000002c   Zero   RW          478    .bss                ssp_lpc17xx.o
    0x20080630        -       0x000000a0   Zero   RW          722    .bss                gpdma_lpc17xx.o
    0x200806d0        -       0x00000034   Zero   RW         2100    .bss                RTX_CM3.lib(rt_task.o)
    0x20080704        -       0x000000a0   Zero   RW         2390    .bss                Net4_CM3_L.lib(net_eth.o)
    0x200807a4        -       0x00000018   Zero   RW         2449    .bss                Net4_CM3_L.lib(net_arp.o)
    0x200807bc        -       0x00000020   Zero   RW         2653    .bss                Net4_CM3_L.lib(net_ping_core.o)
    0x200807dc        -       0x00000038   Zero   RW         2688    .bss                Net4_CM3_L.lib(net_sys.o)
    0x20080814        -       0x00000030   Zero   RW         2859    .bss                RTX_CM3.lib(rt_list.o)
    0x20080844        -       0x00000014   Zero   RW         3538    .bss                Net4_CM3_L.lib(net_mem.o)
    0x20080858        -       0x00000060   Zero   RW         3699    .bss                c_w.l(libspace.o)
    0x200808b8        -       0x00000054   Zero   RW         3883    .bss                c_w.l(stdio_streams.o)
    0x2008090c        -       0x00000054   Zero   RW         3884    .bss                c_w.l(stdio_streams.o)
    0x20080960        -       0x00000054   Zero   RW         3885    .bss                c_w.l(stdio_streams.o)
    0x200809b4   0x0000cbc8   0x00000004   PAD
    0x200809b8        -       0x00000800   Zero   RW          891    STACK               startup_lpc17xx.o


==============================================================================

Image component sizes


      Code (inc. data)   RO Data    RW Data    ZI Data      Debug   Object Name

      3302        288         76         24      10868      77215   emac_lpc17xx.o
       330         70         40          4       6012      27396   fs_config.o
      1188         94          0          8        160       8662   gpdma_lpc17xx.o
       160         20          0          0          0       2407   gpio_lpc17xx.o
       352         44          0          5          0      14184   main.o
       142         10        484         18      12800      36596   net_config.o
       608         42         36          0         12      12366   phy_dp83848c.o
       252          6          0          0          0        848   pin_lpc17xx.o
       338         24         23          0          0      12922   retarget_io.o
       218         48        104         20       6912      15834   rtx_conf_cm.o
      3850        104        132          8         44      31932   ssp_lpc17xx.o
        68         30        204          0       4096        984   startup_lpc17xx.o
       320         18          0          4          0        791   system_lpc17xx.o

    ----------------------------------------------------------------------
     11148        798       1164         96      40908     242137   Object Totals
         0          0         64          0          0          0   (incl. Generated)
        20          0          1          5          4          0   (incl. Padding)

    ----------------------------------------------------------------------

      Code (inc. data)   RO Data    RW Data    ZI Data      Debug   Library Member Name

       234         20          0          1          0        420   fs_common.o
      9024        152       1196          0          0       5664   fs_fat.o
       674         24          0          0          0        488   fs_journal.o
       326         44          0          1          0        320   fs_mapi.o
         4          0          0          0          0         68   fs_mc_mci.o
      3170         46         16          0          0       2308   fs_mc_spi.o
       632         46          0          0          0        408   fs_sys.o
        26          0          0          0          0         68   fs_time.o
       258         34         12          0          0        228   net_addr.o
      2134         62          0          0         24       1512   net_arp.o
       118          6          0          0          0        228   net_common.o
      2470         72          0          0        160       1744   net_eth.o
       388         22          0          0          0        164   net_icmp.o
       868         42          4          8          0        936   net_ip4.o
       706         34          0          4          0        544   net_ip4_frag.o
       240         22         56          4          0        312   net_loopback.o
       356         38          0          0         20        476   net_mem.o
       112         24         18          0         32        280   net_ping_core.o
       302         42          0          0         56        548   net_sys.o
      3752        106          0          4          0       1932   net_tcp.o
       238         24          0          1          0       3244   hal_cm.o
       304         36          0          0          0        756   hal_cm3.o
      2258        250          0          8          0      52272   rt_cmsis.o
       300         24          0          0          0       3131   rt_event.o
       566         44          0          0         48       8688   rt_list.o
       554         10          0          0          0       3889   rt_mailbox.o
       140          0          0          0          0       1889   rt_membox.o
       128          0          0          0          0       2267   rt_memory.o
       352         14          0          0          0       2073   rt_mutex.o
       278         18          0          0          0       3482   rt_semaphore.o
       334         64          0          8          0       6991   rt_system.o
      1264        184          0          8         52      10023   rt_task.o
         6          0          0          4          0        636   rt_time.o
         4          4          0          0          0        196   svc_table.o
        60          8          0          0          0         84   __0sscanf.o
        44          6          0          0          0         84   __2sprintf.o
         8          0          0          0          0         68   __main.o
       312          4         17          0          0         92   __printf_flags_wp.o
        14          0          0          0          0         68   __printf_wp.o
         0          0          0          0          0          0   __rtentry.o
        20          0          0          0          0          0   __rtentry2.o
         6          0          0          0          0          0   __rtentry4.o
        52          8          0          0          0          0   __scatter.o
        26          0          0          0          0          0   __scatter_copy.o
        28          0          0          0          0          0   __scatter_zi.o
        28          0          0          0          0         68   _chval.o
        48          6          0          0          0         96   _printf_char_common.o
         0          0          0          0          0          0   _printf_percent.o
         4          0          0          0          0          0   _printf_percent_end.o
       884          4          0          0          0        100   _scanf.o
       332          0          0          0          0         96   _scanf_int.o
        64          0          0          0          0         84   _sgetc.o
        10          0          0          0          0         68   _sputc.o
        10          0          0          0          0         68   defsig_exit.o
        50          0          0          0          0         88   defsig_general.o
        80         58          0          0          0         76   defsig_rtmem_inner.o
        14          0          0          0          0         80   defsig_rtmem_outer.o
        52         38          0          0          0         76   defsig_rtred_inner.o
        14          0          0          0          0         80   defsig_rtred_outer.o
        18          0          0          0          0         80   exit.o
        76          0          0          0          0         88   fclose.o
       324          8          0          0          0        152   fopen_locked.o
       248          6          0          0          0         84   fseek.o
        66          0          0          0          0         76   ftell.o
       158          0          0          0          0        128   h1_alloc_mt.o
        62          0          0          0          0         80   h1_extend_mt.o
       118          0          0          0          0        108   h1_free_mt.o
        18          0          0          0          0         84   h1_init_mt.o
         6          0          0          0          0        152   heapauxi.o
         4          0          0          0          0        136   hguard.o
         0          0          0          0          0          0   indicate_semi.o
       138          0          0          0          0        168   init_alloc.o
       456         48          0          0          0        116   initio_locked.o
        18          0          0          0          0         76   isspace.o
        44         10        272          0          0         76   lc_ctype_c.o
         2          0          0          0          0          0   libinit.o
        32          0          0          0          0          0   libinit2.o
         2          0          0          0          0          0   libshutdown.o
         6          0          0          0          0          0   libshutdown2.o
         8          4          0          0         96         68   libspace.o
       238          0          0          0          0        100   lludivv7m.o
         0          0          0          0          0          0   maybetermalloc1.o
        88          0          0          0          0         76   memcmp.o
        16          4          0          0          0         76   rt_ctype_table.o
         4          0          0          0          0         68   rt_errno_addr_twolibspace.o
        10          0          0          0          0         76   rt_heap_descriptor_twolibspace.o
        10          0          0          0          0         76   rt_locale_twolibspace.o
        68          0          0          0          0         68   rt_memclr.o
        78          0          0          0          0         80   rt_memclr_w.o
       138          0          0          0          0         68   rt_memcpy_v6.o
       100          0          0          0          0         80   rt_memcpy_w.o
         2          0          0          0          0          0   rtexit.o
        10          0          0          0          0          0   rtexit2.o
        44          8          0          0          0         84   scanf_char.o
       104          0          0          0          0         88   setvbuf_locked.o
       240          6          0          0          0        156   stdio.o
         0          0          0         12        252          0   stdio_streams.o
       128          0          0          0          0         68   strcmpv7m.o
         0          0          0          4          0          0   streamlock.o
        62          0          0          0          0         76   strlen.o
        50          0          0          0          0         84   strncasecmp.o
        12          4          0          0          0         68   sys_exit.o
        74          0          0          0          0         80   sys_stackheap_outer.o
        14          0          0          0          0         76   sys_wrch.o
        26          0          0          0          0         76   tolower.o
         2          0          0          0          0         68   use_no_semi.o

    ----------------------------------------------------------------------
     38092       1738       1596         72        748     122925   Library Totals
        90          0          5          5          8          0   (incl. Padding)

    ----------------------------------------------------------------------

      Code (inc. data)   RO Data    RW Data    ZI Data      Debug   Library Name

     14090        332       1212          2          0       9744   FS_LFN_CM3_L.lib
     11704        504         90         20        292       8904   Net4_CM3_L.lib
      6726        672          0         29        100      99537   RTX_CM3.lib
      5482        230        289         16        348       4740   c_w.l

    ----------------------------------------------------------------------
     38092       1738       1596         72        748     122925   Library Totals

    ----------------------------------------------------------------------

==============================================================================


      Code (inc. data)   RO Data    RW Data    ZI Data      Debug   

     49240       2536       2760        168      41656     337186   Grand Totals
     49240       2536       2760        168      41656     337186   ELF Image Totals
     49240       2536       2760        168          0          0   ROM Totals

==============================================================================

    Total RO  Size (Code + RO Data)                52000 (  50.78kB)
    Total RW  Size (RW Data + ZI Data)             41824 (  40.84kB)
    Total ROM Size (Code + RO Data + RW Data)      52168 (  50.95kB)

==============================================================================

